Archive member included to satisfy reference by file (symbol)

d:/mounriver_studio/mounriver_studio/toolchain/risc-v embedded gcc/bin/../lib/gcc/riscv-none-embed/8.2.0/../../../../riscv-none-embed/lib/rv32imafc/ilp32f\libm.a(lib_a-s_cos.o)
                              ./zf_device/zf_device_gnss.o (cos)
d:/mounriver_studio/mounriver_studio/toolchain/risc-v embedded gcc/bin/../lib/gcc/riscv-none-embed/8.2.0/../../../../riscv-none-embed/lib/rv32imafc/ilp32f\libm.a(lib_a-s_sin.o)
                              ./zf_device/zf_device_gnss.o (sin)
d:/mounriver_studio/mounriver_studio/toolchain/risc-v embedded gcc/bin/../lib/gcc/riscv-none-embed/8.2.0/../../../../riscv-none-embed/lib/rv32imafc/ilp32f\libm.a(lib_a-w_asin.o)
                              ./zf_device/zf_device_gnss.o (asin)
d:/mounriver_studio/mounriver_studio/toolchain/risc-v embedded gcc/bin/../lib/gcc/riscv-none-embed/8.2.0/../../../../riscv-none-embed/lib/rv32imafc/ilp32f\libm.a(lib_a-w_atan2.o)
                              ./zf_device/zf_device_gnss.o (atan2)
d:/mounriver_studio/mounriver_studio/toolchain/risc-v embedded gcc/bin/../lib/gcc/riscv-none-embed/8.2.0/../../../../riscv-none-embed/lib/rv32imafc/ilp32f\libm.a(lib_a-w_pow.o)
                              ./zf_device/zf_device_gnss.o (pow)
d:/mounriver_studio/mounriver_studio/toolchain/risc-v embedded gcc/bin/../lib/gcc/riscv-none-embed/8.2.0/../../../../riscv-none-embed/lib/rv32imafc/ilp32f\libm.a(lib_a-w_sqrt.o)
                              ./zf_device/zf_device_gnss.o (sqrt)
d:/mounriver_studio/mounriver_studio/toolchain/risc-v embedded gcc/bin/../lib/gcc/riscv-none-embed/8.2.0/../../../../riscv-none-embed/lib/rv32imafc/ilp32f\libm.a(lib_a-e_asin.o)
                              d:/mounriver_studio/mounriver_studio/toolchain/risc-v embedded gcc/bin/../lib/gcc/riscv-none-embed/8.2.0/../../../../riscv-none-embed/lib/rv32imafc/ilp32f\libm.a(lib_a-w_asin.o) (__ieee754_asin)
d:/mounriver_studio/mounriver_studio/toolchain/risc-v embedded gcc/bin/../lib/gcc/riscv-none-embed/8.2.0/../../../../riscv-none-embed/lib/rv32imafc/ilp32f\libm.a(lib_a-e_atan2.o)
                              d:/mounriver_studio/mounriver_studio/toolchain/risc-v embedded gcc/bin/../lib/gcc/riscv-none-embed/8.2.0/../../../../riscv-none-embed/lib/rv32imafc/ilp32f\libm.a(lib_a-w_atan2.o) (__ieee754_atan2)
d:/mounriver_studio/mounriver_studio/toolchain/risc-v embedded gcc/bin/../lib/gcc/riscv-none-embed/8.2.0/../../../../riscv-none-embed/lib/rv32imafc/ilp32f\libm.a(lib_a-e_pow.o)
                              d:/mounriver_studio/mounriver_studio/toolchain/risc-v embedded gcc/bin/../lib/gcc/riscv-none-embed/8.2.0/../../../../riscv-none-embed/lib/rv32imafc/ilp32f\libm.a(lib_a-w_pow.o) (__ieee754_pow)
d:/mounriver_studio/mounriver_studio/toolchain/risc-v embedded gcc/bin/../lib/gcc/riscv-none-embed/8.2.0/../../../../riscv-none-embed/lib/rv32imafc/ilp32f\libm.a(lib_a-e_rem_pio2.o)
                              d:/mounriver_studio/mounriver_studio/toolchain/risc-v embedded gcc/bin/../lib/gcc/riscv-none-embed/8.2.0/../../../../riscv-none-embed/lib/rv32imafc/ilp32f\libm.a(lib_a-s_cos.o) (__ieee754_rem_pio2)
d:/mounriver_studio/mounriver_studio/toolchain/risc-v embedded gcc/bin/../lib/gcc/riscv-none-embed/8.2.0/../../../../riscv-none-embed/lib/rv32imafc/ilp32f\libm.a(lib_a-e_sqrt.o)
                              d:/mounriver_studio/mounriver_studio/toolchain/risc-v embedded gcc/bin/../lib/gcc/riscv-none-embed/8.2.0/../../../../riscv-none-embed/lib/rv32imafc/ilp32f\libm.a(lib_a-w_sqrt.o) (__ieee754_sqrt)
d:/mounriver_studio/mounriver_studio/toolchain/risc-v embedded gcc/bin/../lib/gcc/riscv-none-embed/8.2.0/../../../../riscv-none-embed/lib/rv32imafc/ilp32f\libm.a(lib_a-k_cos.o)
                              d:/mounriver_studio/mounriver_studio/toolchain/risc-v embedded gcc/bin/../lib/gcc/riscv-none-embed/8.2.0/../../../../riscv-none-embed/lib/rv32imafc/ilp32f\libm.a(lib_a-s_cos.o) (__kernel_cos)
d:/mounriver_studio/mounriver_studio/toolchain/risc-v embedded gcc/bin/../lib/gcc/riscv-none-embed/8.2.0/../../../../riscv-none-embed/lib/rv32imafc/ilp32f\libm.a(lib_a-k_rem_pio2.o)
                              d:/mounriver_studio/mounriver_studio/toolchain/risc-v embedded gcc/bin/../lib/gcc/riscv-none-embed/8.2.0/../../../../riscv-none-embed/lib/rv32imafc/ilp32f\libm.a(lib_a-e_rem_pio2.o) (__kernel_rem_pio2)
d:/mounriver_studio/mounriver_studio/toolchain/risc-v embedded gcc/bin/../lib/gcc/riscv-none-embed/8.2.0/../../../../riscv-none-embed/lib/rv32imafc/ilp32f\libm.a(lib_a-k_sin.o)
                              d:/mounriver_studio/mounriver_studio/toolchain/risc-v embedded gcc/bin/../lib/gcc/riscv-none-embed/8.2.0/../../../../riscv-none-embed/lib/rv32imafc/ilp32f\libm.a(lib_a-s_cos.o) (__kernel_sin)
d:/mounriver_studio/mounriver_studio/toolchain/risc-v embedded gcc/bin/../lib/gcc/riscv-none-embed/8.2.0/../../../../riscv-none-embed/lib/rv32imafc/ilp32f\libm.a(lib_a-s_atan.o)
[...]
Memory Configuration

Name             Origin             Length             Attributes
RAM              0x0000000020000040 0x000000000000fc00 xrw
FLASH            0x0000000000000000 0x0000000000040000 xr
*default*        0x0000000000000000 0xffffffffffffffff

Linker script and memory map

LOAD ./zf_driver/zf_driver_adc.o
LOAD ./zf_driver/zf_driver_delay.o
LOAD ./zf_driver/zf_driver_dvp.o
LOAD ./zf_driver/zf_driver_encoder.o
LOAD ./zf_driver/zf_driver_exti.o
LOAD ./zf_driver/zf_driver_flash.o
LOAD ./zf_driver/zf_driver_gpio.o
LOAD ./zf_driver/zf_driver_iic.o
LOAD ./zf_driver/zf_driver_pit.o
LOAD ./zf_driver/zf_driver_pwm.o
LOAD ./zf_driver/zf_driver_soft_iic.o
LOAD ./zf_driver/zf_driver_soft_spi.o
LOAD ./zf_driver/zf_driver_spi.o
LOAD ./zf_driver/zf_driver_timer.o
LOAD ./zf_driver/zf_driver_uart.o
LOAD ./zf_driver/zf_driver_usb_cdc.o
LOAD ./zf_device/zf_device_absolute_encoder.o
LOAD ./zf_device/zf_device_aht20.o
LOAD ./zf_device/zf_device_ble6a20.o
LOAD ./zf_device/zf_device_bluetooth_ch9141.o
LOAD ./zf_device/zf_device_camera.o
LOAD ./zf_device/zf_device_dl1a.o
LOAD ./zf_device/zf_device_dl1b.o
LOAD ./zf_device/zf_device_dm1xa.o
LOAD ./zf_device/zf_device_gnss.o
LOAD ./zf_device/zf_device_icm20602.o
LOAD ./zf_device/zf_device_imu660ra.o
LOAD ./zf_device/zf_device_imu963ra.o
LOAD ./zf_device/zf_device_ips114.o
LOAD ./zf_device/zf_device_ips200.o
LOAD ./zf_device/zf_device_k24c02.o
LOAD ./zf_device/zf_device_key.o
LOAD ./zf_device/zf_device_mpu6050.o
LOAD ./zf_device/zf_device_mt9v03x_dvp.o
LOAD ./zf_device/zf_device_oled.o
LOAD ./zf_device/zf_device_scc8660_dvp.o
LOAD ./zf_device/zf_device_tft180.o
LOAD ./zf_device/zf_device_type.o
LOAD ./zf_device/zf_device_virtual_oscilloscope.o
LOAD ./zf_device/zf_device_w25q32.o
LOAD ./zf_device/zf_device_wifi_spi.o
LOAD ./zf_device/zf_device_wifi_uart.o
LOAD ./zf_device/zf_device_wireless_ch573.o
LOAD ./zf_device/zf_device_wireless_uart.o
LOAD ./zf_components/seekfree_assistant.o
LOAD ./zf_components/seekfree_assistant_interface.o
LOAD ./zf_common/zf_common_clock.o
LOAD ./zf_common/zf_common_debug.o
LOAD ./zf_common/zf_common_fifo.o
LOAD ./zf_common/zf_common_font.o
LOAD ./zf_common/zf_common_function.o
LOAD ./zf_common/zf_common_interrupt.o
LOAD ./user_c/isr.o
LOAD ./user_c/main.o
LOAD ./sdk/Startup/startup_ch32v30x_D8C.o
LOAD ./sdk/Peripheral/ch32v30x_adc.o
LOAD ./sdk/Peripheral/ch32v30x_bkp.o
LOAD ./sdk/Peripheral/ch32v30x_can.o
LOAD ./sdk/Peripheral/ch32v30x_crc.o
LOAD ./sdk/Peripheral/ch32v30x_dac.o
LOAD ./sdk/Peripheral/ch32v30x_dbgmcu.o
LOAD ./sdk/Peripheral/ch32v30x_dma.o
LOAD ./sdk/Peripheral/ch32v30x_dvp.o
LOAD ./sdk/Peripheral/ch32v30x_eth.o
LOAD ./sdk/Peripheral/ch32v30x_exti.o
LOAD ./sdk/Peripheral/ch32v30x_flash.o
LOAD ./sdk/Peripheral/ch32v30x_fsmc.o
LOAD ./sdk/Peripheral/ch32v30x_gpio.o
LOAD ./sdk/Peripheral/ch32v30x_i2c.o
LOAD ./sdk/Peripheral/ch32v30x_iwdg.o
LOAD ./sdk/Peripheral/ch32v30x_opa.o
LOAD ./sdk/Peripheral/ch32v30x_pwr.o
LOAD ./sdk/Peripheral/ch32v30x_rcc.o
LOAD ./sdk/Peripheral/ch32v30x_rng.o
LOAD ./sdk/Peripheral/ch32v30x_rtc.o
LOAD ./sdk/Peripheral/ch32v30x_sdio.o
LOAD ./sdk/Peripheral/ch32v30x_spi.o
LOAD ./sdk/Peripheral/ch32v30x_tim.o
LOAD ./sdk/Peripheral/ch32v30x_usart.o
LOAD ./sdk/Peripheral/ch32v30x_usbotg_device.o
LOAD ./sdk/Peripheral/ch32v30x_wwdg.o
LOAD ./sdk/Core/core_riscv.o
LOAD ./code/LED.o
LOAD ./code/Menu.o
LOAD d:/mounriver_studio/mounriver_studio/toolchain/risc-v embedded gcc/bin/../lib/gcc/riscv-none-embed/8.2.0/../../../../riscv-none-embed/lib/rv32imafc/ilp32f\libm.a
LOAD D:\git\libraries\zf_device\libzf_device_config.a
LOAD d:/mounriver_studio/mounriver_studio/toolchain/risc-v embedded gcc/bin/../lib/gcc/riscv-none-embed/8.2.0/../../../../riscv-none-embed/lib/rv32imafc/ilp32f\libprintfloat.a
LOAD d:/mounriver_studio/mounriver_studio/toolchain/risc-v embedded gcc/bin/../lib/gcc/riscv-none-embed/8.2.0/rv32imafc/ilp32f\libgcc.a
LOAD d:/mounriver_studio/mounriver_studio/toolchain/risc-v embedded gcc/bin/../lib/gcc/riscv-none-embed/8.2.0/../../../../riscv-none-embed/lib/rv32imafc/ilp32f\libg_nano.a
LOAD d:/mounriver_studio/mounriver_studio/toolchain/risc-v embedded gcc/bin/../lib/gcc/riscv-none-embed/8.2.0/../../../../riscv-none-embed/lib/rv32imafc/ilp32f\libc_nano.a
LOAD d:/mounriver_studio/mounriver_studio/toolchain/risc-v embedded gcc/bin/../lib/gcc/riscv-none-embed/8.2.0/rv32imafc/ilp32f\libgcc.a
START GROUP
LOAD d:/mounriver_studio/mounriver_studio/toolchain/risc-v embedded gcc/bin/../lib/gcc/riscv-none-embed/8.2.0/rv32imafc/ilp32f\libgcc.a
LOAD d:/mounriver_studio/mounriver_studio/toolchain/risc-v embedded gcc/bin/../lib/gcc/riscv-none-embed/8.2.0/../../../../riscv-none-embed/lib/rv32imafc/ilp32f\libc_nano.a
LOAD d:/mounriver_studio/mounriver_studio/toolchain/risc-v embedded gcc/bin/../lib/gcc/riscv-none-embed/8.2.0/../../../../riscv-none-embed/lib/rv32imafc/ilp32f\libnosys.a
END GROUP
START GROUP
LOAD d:/mounriver_studio/mounriver_studio/toolchain/risc-v embedded gcc/bin/../lib/gcc/riscv-none-embed/8.2.0/rv32imafc/ilp32f\libgcc.a
LOAD d:/mounriver_studio/mounriver_studio/toolchain/risc-v embedded gcc/bin/../lib/gcc/riscv-none-embed/8.2.0/../../../../riscv-none-embed/lib/rv32imafc/ilp32f\libc_nano.a
LOAD d:/mounriver_studio/mounriver_studio/toolchain/risc-v embedded gcc/bin/../lib/gcc/riscv-none-embed/8.2.0/../../../../riscv-none-embed/lib/rv32imafc/ilp32f\libnosys.a
END GROUP
                0x0000000000000800                __stack_size = 0x800
                [!provide]                        PROVIDE (_stack_size = __stack_size)

.init           0x0000000000000000       0x38
                0x0000000000000000                _sinit = .
                0x0000000000000000                . = ALIGN (0x4)
 *(SORT_NONE(.init))
 .init          0x0000000000000000       0x38 ./sdk/Startup/startup_ch32v30x_D8C.o
                0x0000000000000000                _start
                0x0000000000000038                . = ALIGN (0x4)
                0x0000000000000038                _einit = .

.vector         0x0000000000000038      0x1c8
 *(.vector)
 .vector        0x0000000000000038      0x1a0 ./sdk/Startup/startup_ch32v30x_D8C.o
                0x0000000000000200                . = ALIGN (0x40)
 *fill*         0x00000000000001d8       0x28 

.text           0x0000000000000200    0x11738
                0x0000000000000200                . = ALIGN (0x4)
 *(.text)
 .text          0x0000000000000200       0xa8 d:/mounriver_studio/mounriver_studio/toolchain/risc-v embedded gcc/bin/../lib/gcc/riscv-none-embed/8.2.0/../../../../riscv-none-embed/lib/rv32imafc/ilp32f\libg_nano.a(lib_a-memset.o)
                0x0000000000000200                memset
 *(.text.*)
 .text.adc_convert
                0x00000000000002a8       0xbc ./zf_driver/zf_driver_adc.o
                0x00000000000002a8                adc_convert
 .text.adc_init
                0x0000000000000364      0x194 ./zf_driver/zf_driver_adc.o
                0x0000000000000364                adc_init
 .text.system_delay_ms
                0x00000000000004f8       0xa2 ./zf_driver/zf_driver_delay.o
                0x00000000000004f8                system_delay_ms
 .text.system_delay_us
                0x000000000000059a       0xa4 ./zf_driver/zf_driver_delay.o
                0x000000000000059a                system_delay_us
 .text.exti_enable
                0x000000000000063e       0x36 ./zf_driver/zf_driver_exti.o
                0x000000000000063e                exti_enable
 .text.exti_disable
                0x0000000000000674       0x3a ./zf_driver/zf_driver_exti.o
                0x0000000000000674                exti_disable
 .text.exti_init
                0x00000000000006ae      0x108 ./zf_driver/zf_driver_exti.o
                0x00000000000006ae                exti_init
 .text.flash_check
                0x00000000000007b6       0xc2 ./zf_driver/zf_driver_flash.o
                0x00000000000007b6                flash_check
 .text.flash_erase_sector
                0x0000000000000878       0xbc ./zf_driver/zf_driver_flash.o
                0x0000000000000878                flash_erase_sector
 .text.flash_read_page_to_buffer
                0x0000000000000934       0xac ./zf_driver/zf_driver_flash.o
                0x0000000000000934                flash_read_page_to_buffer
 .text.flash_write_page_from_buffer
                0x00000000000009e0      0x104 ./zf_driver/zf_driver_flash.o
                0x00000000000009e0                flash_write_page_from_buffer
 .text.flash_buffer_clear
                0x0000000000000ae4       0x26 ./zf_driver/zf_driver_flash.o
                0x0000000000000ae4                flash_buffer_clear
 .text.gpio_set_level
                0x0000000000000b0a       0x78 ./zf_driver/zf_driver_gpio.o
                0x0000000000000b0a                gpio_set_level
 .text.gpio_get_level
                0x0000000000000b82       0x42 ./zf_driver/zf_driver_gpio.o
                0x0000000000000b82                gpio_get_level
 .text.gpio_toggle_level
                0x0000000000000bc4       0x6a ./zf_driver/zf_driver_gpio.o
                0x0000000000000bc4                gpio_toggle_level
 .text.gpio_init
                0x0000000000000c2e      0x15c ./zf_driver/zf_driver_gpio.o
                0x0000000000000c2e                gpio_init
 .text.pit_init
                0x0000000000000d8a      0x218 ./zf_driver/zf_driver_pit.o
                0x0000000000000d8a                pit_init
 .text.pwm_set_duty
                0x0000000000000fa2      0x166 ./zf_driver/zf_driver_pwm.o
                0x0000000000000fa2                pwm_set_duty
 .text.pwm_init
                0x0000000000001108      0x416 ./zf_driver/zf_driver_pwm.o
                0x0000000000001108                pwm_init
 .text.spi_write_8bit
                0x000000000000151e       0x56 ./zf_driver/zf_driver_spi.o
                0x000000000000151e                spi_write_8bit
 .text.spi_write_16bit
                0x0000000000001574       0xa4 ./zf_driver/zf_driver_spi.o
                0x0000000000001574                spi_write_16bit
 .text.spi_init
                0x0000000000001618      0x2d4 ./zf_driver/zf_driver_spi.o
                0x0000000000001618                spi_init
 .text.timer_funciton_check
                0x00000000000018ec       0x66 ./zf_driver/zf_driver_timer.o
                0x00000000000018ec                timer_funciton_check
 .text.timer_clock_enable
                0x0000000000001952       0xe2 ./zf_driver/zf_driver_timer.o
                0x0000000000001952                timer_clock_enable
 .text.timer_get
                0x0000000000001a34       0xfe ./zf_driver/zf_driver_timer.o
                0x0000000000001a34                timer_get
 .text.timer_clear
                0x0000000000001b32       0xc4 ./zf_driver/zf_driver_timer.o
                0x0000000000001b32                timer_clear
 .text.uart_write_byte
                0x0000000000001bf6       0x56 ./zf_driver/zf_driver_uart.o
                0x0000000000001bf6                uart_write_byte
 .text.uart_write_string
                0x0000000000001c4c       0x60 ./zf_driver/zf_driver_uart.o
                0x0000000000001c4c                uart_write_string
 .text.uart_rx_interrupt
                0x0000000000001cac       0x84 ./zf_driver/zf_driver_uart.o
                0x0000000000001cac                uart_rx_interrupt
 .text.uart_query_byte
                0x0000000000001d30       0x5e ./zf_driver/zf_driver_uart.o
                0x0000000000001d30                uart_query_byte
 .text.uart_init
                0x0000000000001d8e      0x5aa ./zf_driver/zf_driver_uart.o
                0x0000000000001d8e                uart_init
 .text.dm1xa_sound_callback
                0x0000000000002338       0xf2 ./zf_device/zf_device_dm1xa.o
                0x0000000000002338                dm1xa_sound_callback
 .text.gnss_uart_callback
                0x000000000000242a      0x15c ./zf_device/zf_device_gnss.o
                0x000000000000242a                gnss_uart_callback
 .text.tft180_write_index
                0x0000000000002586       0x44 ./zf_device/zf_device_tft180.o
 .text.tft180_set_region
                0x00000000000025ca      0x1e8 ./zf_device/zf_device_tft180.o
 .text.tft180_debug_init
                0x00000000000027b2       0x86 ./zf_device/zf_device_tft180.o
 .text.tft180_clear
                0x0000000000002838       0x86 ./zf_device/zf_device_tft180.o
                0x0000000000002838                tft180_clear
 .text.tft180_set_dir
                0x00000000000028be       0x50 ./zf_device/zf_device_tft180.o
                0x00000000000028be                tft180_set_dir
 .text.tft180_set_font
                0x000000000000290e       0x1a ./zf_device/zf_device_tft180.o
                0x000000000000290e                tft180_set_font
 .text.tft180_set_color
                0x0000000000002928       0x2c ./zf_device/zf_device_tft180.o
                0x0000000000002928                tft180_set_color
 .text.tft180_draw_point
                0x0000000000002954       0xb4 ./zf_device/zf_device_tft180.o
                0x0000000000002954                tft180_draw_point
 .text.tft180_draw_line
                0x0000000000002a08      0x254 ./zf_device/zf_device_tft180.o
                0x0000000000002a08                tft180_draw_line
 .text.tft180_show_char
                0x0000000000002c5c      0x2a2 ./zf_device/zf_device_tft180.o
                0x0000000000002c5c                tft180_show_char
 .text.tft180_show_string
                0x0000000000002efe      0x110 ./zf_device/zf_device_tft180.o
                0x0000000000002efe                tft180_show_string
 .text.tft180_show_uint
                0x000000000000300e      0x140 ./zf_device/zf_device_tft180.o
                0x000000000000300e                tft180_show_uint
 .text.tft180_show_float
                0x000000000000314e      0x208 ./zf_device/zf_device_tft180.o
                0x000000000000314e                tft180_show_float
 .text.tft180_init
                0x0000000000003356      0x41e ./zf_device/zf_device_tft180.o
                0x0000000000003356                tft180_init
 .text.type_default_callback
                0x0000000000003774        0xe ./zf_device/zf_device_type.o
 .text.clock_reset
                0x0000000000003782       0x76 ./zf_common/zf_common_clock.o
                0x0000000000003782                clock_reset
 .text.clock_set_freq
                0x00000000000037f8      0x1e0 ./zf_common/zf_common_clock.o
                0x00000000000037f8                clock_set_freq
 .text.clock_init
                0x00000000000039d8       0x2e ./zf_common/zf_common_clock.o
                0x00000000000039d8                clock_init
 .text.__NOP    0x0000000000003a06       0x10 ./zf_common/zf_common_debug.o
 .text.debug_delay
                0x0000000000003a16       0x52 ./zf_common/zf_common_debug.o
 .text.debug_protective_handler
                0x0000000000003a68        0xe ./zf_common/zf_common_debug.o
 .text.debug_uart_str_output
                0x0000000000003a76       0x20 ./zf_common/zf_common_debug.o
 .text.debug_output
                0x0000000000003a96      0x52c ./zf_common/zf_common_debug.o
 .text.debug_interrupr_handler
                0x0000000000003fc2       0x34 ./zf_common/zf_common_debug.o
                0x0000000000003fc2                debug_interrupr_handler
 .text._write   0x0000000000003ff6       0x7c ./zf_common/zf_common_debug.o
                0x0000000000003ff6                _write
 .text.debug_assert_handler
                0x0000000000004072       0x68 ./zf_common/zf_common_debug.o
                0x0000000000004072                debug_assert_handler
 .text.debug_output_struct_init
                0x00000000000040da       0x5a ./zf_common/zf_common_debug.o
                0x00000000000040da                debug_output_struct_init
 .text.debug_output_init
                0x0000000000004134       0x88 ./zf_common/zf_common_debug.o
                0x0000000000004134                debug_output_init
 .text.debug_init
                0x00000000000041bc       0x64 ./zf_common/zf_common_debug.o
                0x00000000000041bc                debug_init
 .text.fifo_head_offset
                0x0000000000004220      0x184 ./zf_common/zf_common_fifo.o
 .text.fifo_end_offset
                0x00000000000043a4      0x184 ./zf_common/zf_common_fifo.o
 .text.fifo_clear
                0x0000000000004528      0x24a ./zf_common/zf_common_fifo.o
                0x0000000000004528                fifo_clear
 .text.fifo_used
                0x0000000000004772       0x7a ./zf_common/zf_common_fifo.o
                0x0000000000004772                fifo_used
 .text.fifo_write_buffer
                0x00000000000047ec      0x5ea ./zf_common/zf_common_fifo.o
                0x00000000000047ec                fifo_write_buffer
 .text.fifo_read_buffer
                0x0000000000004dd6      0x5a4 ./zf_common/zf_common_fifo.o
                0x0000000000004dd6                fifo_read_buffer
 .text.fifo_init
                0x000000000000537a      0x248 ./zf_common/zf_common_fifo.o
                0x000000000000537a                fifo_init
 .text.func_uint_to_str
                0x00000000000055c2       0xd8 ./zf_common/zf_common_function.o
                0x00000000000055c2                func_uint_to_str
 .text.func_double_to_str
                0x000000000000569a      0x2a2 ./zf_common/zf_common_function.o
                0x000000000000569a                func_double_to_str
 .text.__enable_irq
                0x000000000000593c       0x18 ./zf_common/zf_common_interrupt.o
 .text.__disable_irq
                0x0000000000005954       0x14 ./zf_common/zf_common_interrupt.o
 .text.NVIC_EnableIRQ
                0x0000000000005968       0x32 ./zf_common/zf_common_interrupt.o
 .text.NVIC_DisableIRQ
                0x000000000000599a       0x32 ./zf_common/zf_common_interrupt.o
 .text.NVIC_SetPriority
                0x00000000000059cc       0x2a ./zf_common/zf_common_interrupt.o
 .text.interrupt_enable
                0x00000000000059f6       0x1e ./zf_common/zf_common_interrupt.o
                0x00000000000059f6                interrupt_enable
 .text.interrupt_disable
                0x0000000000005a14       0x1e ./zf_common/zf_common_interrupt.o
                0x0000000000005a14                interrupt_disable
 .text.interrupt_set_priority
                0x0000000000005a32       0x2a ./zf_common/zf_common_interrupt.o
                0x0000000000005a32                interrupt_set_priority
 .text.interrupt_global_enable
                0x0000000000005a5c       0x32 ./zf_common/zf_common_interrupt.o
                0x0000000000005a5c                interrupt_global_enable
 .text.interrupt_global_disable
                0x0000000000005a8e       0x2c ./zf_common/zf_common_interrupt.o
                0x0000000000005a8e                interrupt_global_disable
 .text.interrupt_init
                0x0000000000005aba       0x18 ./zf_common/zf_common_interrupt.o
                0x0000000000005aba                interrupt_init
 .text.USART1_IRQHandler
                0x0000000000005ad2       0xc4 ./user_c/isr.o
                0x0000000000005ad2                USART1_IRQHandler
 .text.USART2_IRQHandler
                0x0000000000005b96       0xc4 ./user_c/isr.o
                0x0000000000005b96                USART2_IRQHandler
 .text.USART3_IRQHandler
                0x0000000000005c5a       0xc8 ./user_c/isr.o
                0x0000000000005c5a                USART3_IRQHandler
 .text.UART4_IRQHandler
                0x0000000000005d22       0xc4 ./user_c/isr.o
                0x0000000000005d22                UART4_IRQHandler
 .text.UART5_IRQHandler
                0x0000000000005de6       0xc2 ./user_c/isr.o
                0x0000000000005de6                UART5_IRQHandler
 .text.UART6_IRQHandler
                0x0000000000005ea8       0xc4 ./user_c/isr.o
                0x0000000000005ea8                UART6_IRQHandler
 .text.UART7_IRQHandler
                0x0000000000005f6c       0xca ./user_c/isr.o
                0x0000000000005f6c                UART7_IRQHandler
 .text.UART8_IRQHandler
                0x0000000000006036       0xc0 ./user_c/isr.o
                0x0000000000006036                UART8_IRQHandler
 .text.DVP_IRQHandler
                0x00000000000060f6       0xd0 ./user_c/isr.o
                0x00000000000060f6                DVP_IRQHandler
 .text.EXTI0_IRQHandler
                0x00000000000061c6       0xb4 ./user_c/isr.o
                0x00000000000061c6                EXTI0_IRQHandler
 .text.EXTI1_IRQHandler
                0x000000000000627a       0xb4 ./user_c/isr.o
                0x000000000000627a                EXTI1_IRQHandler
 .text.EXTI2_IRQHandler
                0x000000000000632e       0xb4 ./user_c/isr.o
                0x000000000000632e                EXTI2_IRQHandler
 .text.EXTI3_IRQHandler
                0x00000000000063e2       0xb4 ./user_c/isr.o
                0x00000000000063e2                EXTI3_IRQHandler
 .text.EXTI4_IRQHandler
                0x0000000000006496       0xb4 ./user_c/isr.o
                0x0000000000006496                EXTI4_IRQHandler
 .text.EXTI9_5_IRQHandler
                0x000000000000654a      0x11e ./user_c/isr.o
                0x000000000000654a                EXTI9_5_IRQHandler
 .text.EXTI15_10_IRQHandler
                0x0000000000006668      0x13a ./user_c/isr.o
                0x0000000000006668                EXTI15_10_IRQHandler
 .text.TIM1_UP_IRQHandler
                0x00000000000067a2       0xc0 ./user_c/isr.o
                0x00000000000067a2                TIM1_UP_IRQHandler
 .text.TIM2_IRQHandler
                0x0000000000006862       0xbe ./user_c/isr.o
                0x0000000000006862                TIM2_IRQHandler
 .text.TIM3_IRQHandler
                0x0000000000006920       0xc0 ./user_c/isr.o
                0x0000000000006920                TIM3_IRQHandler
 .text.TIM4_IRQHandler
                0x00000000000069e0       0xc0 ./user_c/isr.o
                0x00000000000069e0                TIM4_IRQHandler
 .text.TIM5_IRQHandler
                0x0000000000006aa0       0xc0 ./user_c/isr.o
                0x0000000000006aa0                TIM5_IRQHandler
 .text.TIM6_IRQHandler
                0x0000000000006b60       0xb8 ./user_c/isr.o
                0x0000000000006b60                TIM6_IRQHandler
 .text.TIM7_IRQHandler
                0x0000000000006c18       0xc0 ./user_c/isr.o
                0x0000000000006c18                TIM7_IRQHandler
 .text.TIM8_UP_IRQHandler
                0x0000000000006cd8       0xc0 ./user_c/isr.o
                0x0000000000006cd8                TIM8_UP_IRQHandler
 .text.TIM9_UP_IRQHandler
                0x0000000000006d98       0xc0 ./user_c/isr.o
                0x0000000000006d98                TIM9_UP_IRQHandler
 .text.TIM10_UP_IRQHandler
                0x0000000000006e58       0xb8 ./user_c/isr.o
                0x0000000000006e58                TIM10_UP_IRQHandler
 .text.NMI_Handler
                0x0000000000006f10       0x10 ./user_c/isr.o
                0x0000000000006f10                NMI_Handler
 .text.HardFault_Handler
                0x0000000000006f20        0x8 ./user_c/isr.o
                0x0000000000006f20                HardFault_Handler
 .text.main     0x0000000000006f28      0x2b0 ./user_c/main.o
                0x0000000000006f28                main
 .text.vector_handler
                0x00000000000071d8       0xbe ./sdk/Startup/startup_ch32v30x_D8C.o
                0x00000000000071dc                Ecall_M_Mode_Handler
                0x00000000000071de                Ecall_U_Mode_Handler
                0x00000000000071e0                Break_Point_Handler
                0x00000000000071e2                SysTick_Handler
                0x00000000000071e4                SW_Handler
                0x00000000000071e6                WWDG_IRQHandler
                0x00000000000071e8                PVD_IRQHandler
                0x00000000000071ea                TAMPER_IRQHandler
                0x00000000000071ec                RTC_IRQHandler
                0x00000000000071ee                FLASH_IRQHandler
                0x00000000000071f0                RCC_IRQHandler
                0x00000000000071fc                DMA1_Channel1_IRQHandler
                0x00000000000071fe                DMA1_Channel2_IRQHandler
                0x0000000000007200                DMA1_Channel3_IRQHandler
                0x0000000000007202                DMA1_Channel4_IRQHandler
                0x0000000000007204                DMA1_Channel5_IRQHandler
                0x0000000000007206                DMA1_Channel6_IRQHandler
                0x0000000000007208                DMA1_Channel7_IRQHandler
                0x000000000000720a                ADC1_2_IRQHandler
                0x000000000000720c                USB_HP_CAN1_TX_IRQHandler
                0x000000000000720e                USB_LP_CAN1_RX0_IRQHandler
                0x0000000000007210                CAN1_RX1_IRQHandler
                0x0000000000007212                CAN1_SCE_IRQHandler
                0x0000000000007216                TIM1_BRK_IRQHandler
                0x000000000000721a                TIM1_TRG_COM_IRQHandler
                0x000000000000721c                TIM1_CC_IRQHandler
                0x0000000000007224                I2C1_EV_IRQHandler
                0x0000000000007226                I2C1_ER_IRQHandler
                0x0000000000007228                I2C2_EV_IRQHandler
                0x000000000000722a                I2C2_ER_IRQHandler
                0x000000000000722c                SPI1_IRQHandler
                0x000000000000722e                SPI2_IRQHandler
                0x0000000000007238                RTCAlarm_IRQHandler
                0x000000000000723a                USBWakeUp_IRQHandler
                0x000000000000723c                TIM8_BRK_IRQHandler
                0x0000000000007240                TIM8_TRG_COM_IRQHandler
                0x0000000000007242                TIM8_CC_IRQHandler
                0x0000000000007244                RNG_IRQHandler
                0x0000000000007246                FSMC_IRQHandler
                0x0000000000007248                SDIO_IRQHandler
                0x000000000000724c                SPI3_IRQHandler
                0x0000000000007256                DMA2_Channel1_IRQHandler
                0x0000000000007258                DMA2_Channel2_IRQHandler
                0x000000000000725a                DMA2_Channel3_IRQHandler
                0x000000000000725c                DMA2_Channel4_IRQHandler
                0x000000000000725e                DMA2_Channel5_IRQHandler
                0x0000000000007260                ETH_IRQHandler
                0x0000000000007262                ETH_WKUP_IRQHandler
                0x0000000000007264                CAN2_TX_IRQHandler
                0x0000000000007266                CAN2_RX0_IRQHandler
                0x0000000000007268                CAN2_RX1_IRQHandler
                0x000000000000726a                CAN2_SCE_IRQHandler
                0x000000000000726e                USBHSWakeup_IRQHandler
                0x0000000000007270                USBHS_IRQHandler
                0x000000000000727a                TIM9_BRK_IRQHandler
                0x000000000000727e                TIM9_TRG_COM_IRQHandler
                0x0000000000007280                TIM9_CC_IRQHandler
                0x0000000000007282                TIM10_BRK_IRQHandler
                0x0000000000007286                TIM10_TRG_COM_IRQHandler
                0x0000000000007288                TIM10_CC_IRQHandler
                0x000000000000728a                DMA2_Channel6_IRQHandler
                0x000000000000728c                DMA2_Channel7_IRQHandler
                0x000000000000728e                DMA2_Channel8_IRQHandler
                0x0000000000007290                DMA2_Channel9_IRQHandler
                0x0000000000007292                DMA2_Channel10_IRQHandler
                0x0000000000007294                DMA2_Channel11_IRQHandler
 .text.handle_reset
                0x0000000000007296       0x86 ./sdk/Startup/startup_ch32v30x_D8C.o
                0x0000000000007296                handle_reset
 .text.ADC_DeInit
                0x000000000000731c       0x60 ./sdk/Peripheral/ch32v30x_adc.o
                0x000000000000731c                ADC_DeInit
 .text.ADC_Init
                0x000000000000737c      0x102 ./sdk/Peripheral/ch32v30x_adc.o
                0x000000000000737c                ADC_Init
 .text.ADC_Cmd  0x000000000000747e       0x3e ./sdk/Peripheral/ch32v30x_adc.o
                0x000000000000747e                ADC_Cmd
 .text.ADC_ResetCalibration
                0x00000000000074bc       0x22 ./sdk/Peripheral/ch32v30x_adc.o
                0x00000000000074bc                ADC_ResetCalibration
 .text.ADC_GetResetCalibrationStatus
                0x00000000000074de       0x30 ./sdk/Peripheral/ch32v30x_adc.o
                0x00000000000074de                ADC_GetResetCalibrationStatus
 .text.ADC_StartCalibration
                0x000000000000750e       0x22 ./sdk/Peripheral/ch32v30x_adc.o
                0x000000000000750e                ADC_StartCalibration
 .text.ADC_GetCalibrationStatus
                0x0000000000007530       0x30 ./sdk/Peripheral/ch32v30x_adc.o
                0x0000000000007530                ADC_GetCalibrationStatus
 .text.ADC_SoftwareStartConvCmd
                0x0000000000007560       0x44 ./sdk/Peripheral/ch32v30x_adc.o
                0x0000000000007560                ADC_SoftwareStartConvCmd
 .text.ADC_RegularChannelConfig
                0x00000000000075a4      0x248 ./sdk/Peripheral/ch32v30x_adc.o
                0x00000000000075a4                ADC_RegularChannelConfig
 .text.ADC_GetFlagStatus
                0x00000000000077ec       0x3a ./sdk/Peripheral/ch32v30x_adc.o
                0x00000000000077ec                ADC_GetFlagStatus
 .text.ADC_BufferCmd
                0x0000000000007826       0x44 ./sdk/Peripheral/ch32v30x_adc.o
                0x0000000000007826                ADC_BufferCmd
 .text.EXTI_Init
                0x000000000000786a      0x170 ./sdk/Peripheral/ch32v30x_exti.o
                0x000000000000786a                EXTI_Init
 .text.EXTI_GetITStatus
                0x00000000000079da       0x56 ./sdk/Peripheral/ch32v30x_exti.o
                0x00000000000079da                EXTI_GetITStatus
 .text.EXTI_ClearITPendingBit
                0x0000000000007a30       0x20 ./sdk/Peripheral/ch32v30x_exti.o
                0x0000000000007a30                EXTI_ClearITPendingBit
 .text.FLASH_Unlock
                0x0000000000007a50       0x2a ./sdk/Peripheral/ch32v30x_flash.o
                0x0000000000007a50                FLASH_Unlock
 .text.FLASH_Lock
                0x0000000000007a7a       0x1e ./sdk/Peripheral/ch32v30x_flash.o
                0x0000000000007a7a                FLASH_Lock
 .text.FLASH_ErasePage
                0x0000000000007a98       0x76 ./sdk/Peripheral/ch32v30x_flash.o
                0x0000000000007a98                FLASH_ErasePage
 .text.FLASH_ProgramWord
                0x0000000000007b0e       0xae ./sdk/Peripheral/ch32v30x_flash.o
                0x0000000000007b0e                FLASH_ProgramWord
 .text.FLASH_ClearFlag
                0x0000000000007bbc       0x1c ./sdk/Peripheral/ch32v30x_flash.o
                0x0000000000007bbc                FLASH_ClearFlag
 .text.FLASH_GetBank1Status
                0x0000000000007bd8       0x5a ./sdk/Peripheral/ch32v30x_flash.o
                0x0000000000007bd8                FLASH_GetBank1Status
 .text.FLASH_WaitForLastOperation
                0x0000000000007c32       0x58 ./sdk/Peripheral/ch32v30x_flash.o
                0x0000000000007c32                FLASH_WaitForLastOperation
 .text.GPIO_Init
                0x0000000000007c8a      0x22a ./sdk/Peripheral/ch32v30x_gpio.o
                0x0000000000007c8a                GPIO_Init
 .text.GPIO_WriteBit
                0x0000000000007eb4       0x38 ./sdk/Peripheral/ch32v30x_gpio.o
                0x0000000000007eb4                GPIO_WriteBit
 .text.GPIO_PinRemapConfig
                0x0000000000007eec      0x1c8 ./sdk/Peripheral/ch32v30x_gpio.o
                0x0000000000007eec                GPIO_PinRemapConfig
 .text.GPIO_EXTILineConfig
                0x00000000000080b4       0xa2 ./sdk/Peripheral/ch32v30x_gpio.o
                0x00000000000080b4                GPIO_EXTILineConfig
 .text.RCC_ADCCLKConfig
                0x0000000000008156       0x46 ./sdk/Peripheral/ch32v30x_rcc.o
                0x0000000000008156                RCC_ADCCLKConfig
 .text.RCC_GetClocksFreq
                0x000000000000819c      0x2c6 ./sdk/Peripheral/ch32v30x_rcc.o
                0x000000000000819c                RCC_GetClocksFreq
 .text.RCC_APB2PeriphClockCmd
                0x0000000000008462       0x46 ./sdk/Peripheral/ch32v30x_rcc.o
                0x0000000000008462                RCC_APB2PeriphClockCmd
 .text.RCC_APB1PeriphClockCmd
                0x00000000000084a8       0x46 ./sdk/Peripheral/ch32v30x_rcc.o
                0x00000000000084a8                RCC_APB1PeriphClockCmd
 .text.RCC_APB2PeriphResetCmd
                0x00000000000084ee       0x46 ./sdk/Peripheral/ch32v30x_rcc.o
                0x00000000000084ee                RCC_APB2PeriphResetCmd
 .text.RCC_APB1PeriphResetCmd
                0x0000000000008534       0x46 ./sdk/Peripheral/ch32v30x_rcc.o
                0x0000000000008534                RCC_APB1PeriphResetCmd
 .text.SPI_I2S_DeInit
                0x000000000000857a       0x76 ./sdk/Peripheral/ch32v30x_spi.o
                0x000000000000857a                SPI_I2S_DeInit
 .text.SPI_Init
                0x00000000000085f0       0xf8 ./sdk/Peripheral/ch32v30x_spi.o
                0x00000000000085f0                SPI_Init
 .text.SPI_Cmd  0x00000000000086e8       0x5a ./sdk/Peripheral/ch32v30x_spi.o
                0x00000000000086e8                SPI_Cmd
 .text.TIM_TimeBaseInit
                0x0000000000008742      0x17e ./sdk/Peripheral/ch32v30x_tim.o
                0x0000000000008742                TIM_TimeBaseInit
 .text.TIM_OC1Init
                0x00000000000088c0      0x19c ./sdk/Peripheral/ch32v30x_tim.o
                0x00000000000088c0                TIM_OC1Init
 .text.TIM_OC2Init
                0x0000000000008a5c      0x1e2 ./sdk/Peripheral/ch32v30x_tim.o
                0x0000000000008a5c                TIM_OC2Init
 .text.TIM_OC3Init
                0x0000000000008c3e      0x1dc ./sdk/Peripheral/ch32v30x_tim.o
                0x0000000000008c3e                TIM_OC3Init
 .text.TIM_OC4Init
                0x0000000000008e1a      0x176 ./sdk/Peripheral/ch32v30x_tim.o
                0x0000000000008e1a                TIM_OC4Init
 .text.TIM_Cmd  0x0000000000008f90       0x58 ./sdk/Peripheral/ch32v30x_tim.o
                0x0000000000008f90                TIM_Cmd
 .text.TIM_CtrlPWMOutputs
                0x0000000000008fe8       0x60 ./sdk/Peripheral/ch32v30x_tim.o
                0x0000000000008fe8                TIM_CtrlPWMOutputs
 .text.TIM_ITConfig
                0x0000000000009048       0x70 ./sdk/Peripheral/ch32v30x_tim.o
                0x0000000000009048                TIM_ITConfig
 .text.TIM_OC1PreloadConfig
                0x00000000000090b8       0x4c ./sdk/Peripheral/ch32v30x_tim.o
                0x00000000000090b8                TIM_OC1PreloadConfig
 .text.TIM_OC2PreloadConfig
                0x0000000000009104       0x5a ./sdk/Peripheral/ch32v30x_tim.o
                0x0000000000009104                TIM_OC2PreloadConfig
 .text.TIM_OC3PreloadConfig
                0x000000000000915e       0x4c ./sdk/Peripheral/ch32v30x_tim.o
                0x000000000000915e                TIM_OC3PreloadConfig
 .text.TIM_OC4PreloadConfig
                0x00000000000091aa       0x5a ./sdk/Peripheral/ch32v30x_tim.o
                0x00000000000091aa                TIM_OC4PreloadConfig
 .text.TIM_OC1FastConfig
                0x0000000000009204       0x4c ./sdk/Peripheral/ch32v30x_tim.o
                0x0000000000009204                TIM_OC1FastConfig
 .text.TIM_OC2FastConfig
                0x0000000000009250       0x56 ./sdk/Peripheral/ch32v30x_tim.o
                0x0000000000009250                TIM_OC2FastConfig
 .text.TIM_OC3FastConfig
                0x00000000000092a6       0x4c ./sdk/Peripheral/ch32v30x_tim.o
                0x00000000000092a6                TIM_OC3FastConfig
 .text.TIM_OC4FastConfig
                0x00000000000092f2       0x56 ./sdk/Peripheral/ch32v30x_tim.o
                0x00000000000092f2                TIM_OC4FastConfig
 .text.TIM_GetITStatus
                0x0000000000009348       0x70 ./sdk/Peripheral/ch32v30x_tim.o
                0x0000000000009348                TIM_GetITStatus
 .text.TIM_ClearITPendingBit
                0x00000000000093b8       0x2e ./sdk/Peripheral/ch32v30x_tim.o
                0x00000000000093b8                TIM_ClearITPendingBit
 .text.USART_Init
                0x00000000000093e6      0x234 ./sdk/Peripheral/ch32v30x_usart.o
                0x00000000000093e6                USART_Init
 .text.USART_Cmd
                0x000000000000961a       0x60 ./sdk/Peripheral/ch32v30x_usart.o
                0x000000000000961a                USART_Cmd
 .text.USART_ITConfig
                0x000000000000967a       0xc4 ./sdk/Peripheral/ch32v30x_usart.o
                0x000000000000967a                USART_ITConfig
 .text.USART_SendData
                0x000000000000973e       0x2e ./sdk/Peripheral/ch32v30x_usart.o
                0x000000000000973e                USART_SendData
 .text.USART_GetFlagStatus
                0x000000000000976c       0x46 ./sdk/Peripheral/ch32v30x_usart.o
                0x000000000000976c                USART_GetFlagStatus
 .text.USART_GetITStatus
                0x00000000000097b2      0x102 ./sdk/Peripheral/ch32v30x_usart.o
                0x00000000000097b2                USART_GetITStatus
 .text.USART_ClearITPendingBit
                0x00000000000098b4       0x4e ./sdk/Peripheral/ch32v30x_usart.o
                0x00000000000098b4                USART_ClearITPendingBit
 .text.DevEP1_IN_Deal
                0x0000000000009902       0x3e ./sdk/Peripheral/ch32v30x_usbotg_device.o
                0x0000000000009902                DevEP1_IN_Deal
 .text.DevEP2_IN_Deal
                0x0000000000009940       0x3e ./sdk/Peripheral/ch32v30x_usbotg_device.o
                0x0000000000009940                DevEP2_IN_Deal
 .text.DevEP1_OUT_Deal
                0x000000000000997e       0x66 ./sdk/Peripheral/ch32v30x_usbotg_device.o
                0x000000000000997e                DevEP1_OUT_Deal
 .text.DevEP2_OUT_Deal
                0x00000000000099e4       0x66 ./sdk/Peripheral/ch32v30x_usbotg_device.o
                0x00000000000099e4                DevEP2_OUT_Deal
 .text.OTG_FS_IRQHandler
                0x0000000000009a4a      0xd16 ./sdk/Peripheral/ch32v30x_usbotg_device.o
                0x0000000000009a4a                OTG_FS_IRQHandler
 .text.LED_Init
                0x000000000000a760       0x2a ./code/LED.o
                0x000000000000a760                LED_Init
 .text.DisplayMenu
                0x000000000000a78a      0x190 ./code/Menu.o
                0x000000000000a78a                DisplayMenu
 .text.DisplayOption
                0x000000000000a91a       0x50 ./code/Menu.o
                0x000000000000a91a                DisplayOption
 .text.printchar
                0x000000000000a96a       0x4c d:/mounriver_studio/mounriver_studio/toolchain/risc-v embedded gcc/bin/../lib/gcc/riscv-none-embed/8.2.0/../../../../riscv-none-embed/lib/rv32imafc/ilp32f\libprintfloat.a(printfloat.o)
                0x000000000000a96a                printchar
 .text.prints   0x000000000000a9b6       0xe0 d:/mounriver_studio/mounriver_studio/toolchain/risc-v embedded gcc/bin/../lib/gcc/riscv-none-embed/8.2.0/../../../../riscv-none-embed/lib/rv32imafc/ilp32f\libprintfloat.a(printfloat.o)
                0x000000000000a9b6                prints
 .text.printInt
                0x000000000000aa96       0xf4 d:/mounriver_studio/mounriver_studio/toolchain/risc-v embedded gcc/bin/../lib/gcc/riscv-none-embed/8.2.0/../../../../riscv-none-embed/lib/rv32imafc/ilp32f\libprintfloat.a(printfloat.o)
                0x000000000000aa96                printInt
 .text.printLongLongInt
                0x000000000000ab8a      0x124 d:/mounriver_studio/mounriver_studio/toolchain/risc-v embedded gcc/bin/../lib/gcc/riscv-none-embed/8.2.0/../../../../riscv-none-embed/lib/rv32imafc/ilp32f\libprintfloat.a(printfloat.o)
                0x000000000000ab8a                printLongLongInt
 .text.printDouble
                0x000000000000acae      0x100 d:/mounriver_studio/mounriver_studio/toolchain/risc-v embedded gcc/bin/../lib/gcc/riscv-none-embed/8.2.0/../../../../riscv-none-embed/lib/rv32imafc/ilp32f\libprintfloat.a(printfloat.o)
                0x000000000000acae                printDouble
 .text.print    0x000000000000adae      0x358 d:/mounriver_studio/mounriver_studio/toolchain/risc-v embedded gcc/bin/../lib/gcc/riscv-none-embed/8.2.0/../../../../riscv-none-embed/lib/rv32imafc/ilp32f\libprintfloat.a(printfloat.o)
                0x000000000000adae                print
 .text.printf   0x000000000000b106       0x24 d:/mounriver_studio/mounriver_studio/toolchain/risc-v embedded gcc/bin/../lib/gcc/riscv-none-embed/8.2.0/../../../../riscv-none-embed/lib/rv32imafc/ilp32f\libprintfloat.a(printfloat.o)
                0x000000000000b106                printf
 .text.sprintf  0x000000000000b12a       0x28 d:/mounriver_studio/mounriver_studio/toolchain/risc-v embedded gcc/bin/../lib/gcc/riscv-none-embed/8.2.0/../../../../riscv-none-embed/lib/rv32imafc/ilp32f\libprintfloat.a(printfloat.o)
                0x000000000000b12a                sprintf
 .text.__udivdi3
                0x000000000000b152      0x398 d:/mounriver_studio/mounriver_studio/toolchain/risc-v embedded gcc/bin/../lib/gcc/riscv-none-embed/8.2.0/rv32imafc/ilp32f\libgcc.a(_udivdi3.o)
                0x000000000000b152                __udivdi3
 .text.__umoddi3
                0x000000000000b4ea      0x38e d:/mounriver_studio/mounriver_studio/toolchain/risc-v embedded gcc/bin/../lib/gcc/riscv-none-embed/8.2.0/rv32imafc/ilp32f\libgcc.a(_umoddi3.o)
                0x000000000000b4ea                __umoddi3
 .text.__adddf3
                0x000000000000b878      0xa0e d:/mounriver_studio/mounriver_studio/toolchain/risc-v embedded gcc/bin/../lib/gcc/riscv-none-embed/8.2.0/rv32imafc/ilp32f\libgcc.a(adddf3.o)
                0x000000000000b878                __adddf3
 .text.__divdf3
                0x000000000000c286      0x7ea d:/mounriver_studio/mounriver_studio/toolchain/risc-v embedded gcc/bin/../lib/gcc/riscv-none-embed/8.2.0/rv32imafc/ilp32f\libgcc.a(divdf3.o)
                0x000000000000c286                __divdf3
 .text.__eqdf2  0x000000000000ca70       0x98 d:/mounriver_studio/mounriver_studio/toolchain/risc-v embedded gcc/bin/../lib/gcc/riscv-none-embed/8.2.0/rv32imafc/ilp32f\libgcc.a(eqdf2.o)
                0x000000000000ca70                __nedf2
                0x000000000000ca70                __eqdf2
 .text.__gedf2  0x000000000000cb08       0xb6 d:/mounriver_studio/mounriver_studio/toolchain/risc-v embedded gcc/bin/../lib/gcc/riscv-none-embed/8.2.0/rv32imafc/ilp32f\libgcc.a(gedf2.o)
                0x000000000000cb08                __gedf2
                0x000000000000cb08                __gtdf2
 .text.__ledf2  0x000000000000cbbe       0xb6 d:/mounriver_studio/mounriver_studio/toolchain/risc-v embedded gcc/bin/../lib/gcc/riscv-none-embed/8.2.0/rv32imafc/ilp32f\libgcc.a(ledf2.o)
                0x000000000000cbbe                __ledf2
                0x000000000000cbbe                __ltdf2
 .text.__muldf3
                0x000000000000cc74      0x656 d:/mounriver_studio/mounriver_studio/toolchain/risc-v embedded gcc/bin/../lib/gcc/riscv-none-embed/8.2.0/rv32imafc/ilp32f\libgcc.a(muldf3.o)
                0x000000000000cc74                __muldf3
 .text.__subdf3
                0x000000000000d2ca      0xa8c d:/mounriver_studio/mounriver_studio/toolchain/risc-v embedded gcc/bin/../lib/gcc/riscv-none-embed/8.2.0/rv32imafc/ilp32f\libgcc.a(subdf3.o)
                0x000000000000d2ca                __subdf3
 .text.__unorddf2
                0x000000000000dd56       0x7c d:/mounriver_studio/mounriver_studio/toolchain/risc-v embedded gcc/bin/../lib/gcc/riscv-none-embed/8.2.0/rv32imafc/ilp32f\libgcc.a(unorddf2.o)
                0x000000000000dd56                __unorddf2
 .text.__fixdfsi
                0x000000000000ddd2       0xd8 d:/mounriver_studio/mounriver_studio/toolchain/risc-v embedded gcc/bin/../lib/gcc/riscv-none-embed/8.2.0/rv32imafc/ilp32f\libgcc.a(fixdfsi.o)
                0x000000000000ddd2                __fixdfsi
 .text.__fixunsdfsi
                0x000000000000deaa       0x9e d:/mounriver_studio/mounriver_studio/toolchain/risc-v embedded gcc/bin/../lib/gcc/riscv-none-embed/8.2.0/rv32imafc/ilp32f\libgcc.a(fixunsdfsi.o)
                0x000000000000deaa                __fixunsdfsi
 .text.__floatsidf
                0x000000000000df48       0x70 d:/mounriver_studio/mounriver_studio/toolchain/risc-v embedded gcc/bin/../lib/gcc/riscv-none-embed/8.2.0/rv32imafc/ilp32f\libgcc.a(floatsidf.o)
                0x000000000000df48                __floatsidf
 .text.__floatunsidf
                0x000000000000dfb8       0x66 d:/mounriver_studio/mounriver_studio/toolchain/risc-v embedded gcc/bin/../lib/gcc/riscv-none-embed/8.2.0/rv32imafc/ilp32f\libgcc.a(floatunsidf.o)
                0x000000000000dfb8                __floatunsidf
 .text.__fixdfdi
                0x000000000000e01e      0x130 d:/mounriver_studio/mounriver_studio/toolchain/risc-v embedded gcc/bin/../lib/gcc/riscv-none-embed/8.2.0/rv32imafc/ilp32f\libgcc.a(fixdfdi.o)
                0x000000000000e01e                __fixdfdi
 .text.__floatdidf
                0x000000000000e14e      0x21c d:/mounriver_studio/mounriver_studio/toolchain/risc-v embedded gcc/bin/../lib/gcc/riscv-none-embed/8.2.0/rv32imafc/ilp32f\libgcc.a(floatdidf.o)
                0x000000000000e14e                __floatdidf
 .text.__extendsfdf2
                0x000000000000e36a       0xe8 d:/mounriver_studio/mounriver_studio/toolchain/risc-v embedded gcc/bin/../lib/gcc/riscv-none-embed/8.2.0/rv32imafc/ilp32f\libgcc.a(extendsfdf2.o)
                0x000000000000e36a                __extendsfdf2
 .text.__clzsi2
                0x000000000000e452       0x76 d:/mounriver_studio/mounriver_studio/toolchain/risc-v embedded gcc/bin/../lib/gcc/riscv-none-embed/8.2.0/rv32imafc/ilp32f\libgcc.a(_clzsi2.o)
                0x000000000000e452                __clzsi2
 .text.malloc   0x000000000000e4c8        0xa d:/mounriver_studio/mounriver_studio/toolchain/risc-v embedded gcc/bin/../lib/gcc/riscv-none-embed/8.2.0/../../../../riscv-none-embed/lib/rv32imafc/ilp32f\libg_nano.a(lib_a-malloc.o)
                0x000000000000e4c8                malloc
 .text.memcpy   0x000000000000e4d2       0xb6 d:/mounriver_studio/mounriver_studio/toolchain/risc-v embedded gcc/bin/../lib/gcc/riscv-none-embed/8.2.0/../../../../riscv-none-embed/lib/rv32imafc/ilp32f\libg_nano.a(lib_a-memcpy.o)
                0x000000000000e4d2                memcpy
 .text._malloc_r
                0x000000000000e588       0xd8 d:/mounriver_studio/mounriver_studio/toolchain/risc-v embedded gcc/bin/../lib/gcc/riscv-none-embed/8.2.0/../../../../riscv-none-embed/lib/rv32imafc/ilp32f\libg_nano.a(lib_a-nano-mallocr.o)
                0x000000000000e588                _malloc_r
 .text.__cvt    0x000000000000e660       0xee d:/mounriver_studio/mounriver_studio/toolchain/risc-v embedded gcc/bin/../lib/gcc/riscv-none-embed/8.2.0/../../../../riscv-none-embed/lib/rv32imafc/ilp32f\libg_nano.a(lib_a-nano-vfprintf_float.o)
                0x000000000000e660                __cvt
 .text.__exponent
                0x000000000000e74e       0x8c d:/mounriver_studio/mounriver_studio/toolchain/risc-v embedded gcc/bin/../lib/gcc/riscv-none-embed/8.2.0/../../../../riscv-none-embed/lib/rv32imafc/ilp32f\libg_nano.a(lib_a-nano-vfprintf_float.o)
                0x000000000000e74e                __exponent
 .text._printf_float
                0x000000000000e7da      0x4c2 d:/mounriver_studio/mounriver_studio/toolchain/risc-v embedded gcc/bin/../lib/gcc/riscv-none-embed/8.2.0/../../../../riscv-none-embed/lib/rv32imafc/ilp32f\libg_nano.a(lib_a-nano-vfprintf_float.o)
                0x000000000000e7da                _printf_float
 .text._printf_common
                0x000000000000ec9c      0x10c d:/mounriver_studio/mounriver_studio/toolchain/risc-v embedded gcc/bin/../lib/gcc/riscv-none-embed/8.2.0/../../../../riscv-none-embed/lib/rv32imafc/ilp32f\libg_nano.a(lib_a-nano-vfprintf_i.o)
                0x000000000000ec9c                _printf_common
 .text._sbrk_r  0x000000000000eda8       0x2a d:/mounriver_studio/mounriver_studio/toolchain/risc-v embedded gcc/bin/../lib/gcc/riscv-none-embed/8.2.0/../../../../riscv-none-embed/lib/rv32imafc/ilp32f\libg_nano.a(lib_a-sbrkr.o)
                0x000000000000eda8                _sbrk_r
 .text.strlen   0x000000000000edd2       0x12 d:/mounriver_studio/mounriver_studio/toolchain/risc-v embedded gcc/bin/../lib/gcc/riscv-none-embed/8.2.0/../../../../riscv-none-embed/lib/rv32imafc/ilp32f\libg_nano.a(lib_a-strlen.o)
                0x000000000000edd2                strlen
 .text.strncmp  0x000000000000ede4       0x2c d:/mounriver_studio/mounriver_studio/toolchain/risc-v embedded gcc/bin/../lib/gcc/riscv-none-embed/8.2.0/../../../../riscv-none-embed/lib/rv32imafc/ilp32f\libg_nano.a(lib_a-strncmp.o)
                0x000000000000ede4                strncmp
 .text.quorem   0x000000000000ee10      0x13a d:/mounriver_studio/mounriver_studio/toolchain/risc-v embedded gcc/bin/../lib/gcc/riscv-none-embed/8.2.0/../../../../riscv-none-embed/lib/rv32imafc/ilp32f\libg_nano.a(lib_a-dtoa.o)
 .text._dtoa_r  0x000000000000ef4a      0xbd8 d:/mounriver_studio/mounriver_studio/toolchain/risc-v embedded gcc/bin/../lib/gcc/riscv-none-embed/8.2.0/../../../../riscv-none-embed/lib/rv32imafc/ilp32f\libg_nano.a(lib_a-dtoa.o)
                0x000000000000ef4a                _dtoa_r
 .text._localeconv_r
                0x000000000000fb22       0x18 d:/mounriver_studio/mounriver_studio/toolchain/risc-v embedded gcc/bin/../lib/gcc/riscv-none-embed/8.2.0/../../../../riscv-none-embed/lib/rv32imafc/ilp32f\libg_nano.a(lib_a-localeconv.o)
                0x000000000000fb22                _localeconv_r
 .text.__malloc_lock
                0x000000000000fb3a        0x2 d:/mounriver_studio/mounriver_studio/toolchain/risc-v embedded gcc/bin/../lib/gcc/riscv-none-embed/8.2.0/../../../../riscv-none-embed/lib/rv32imafc/ilp32f\libg_nano.a(lib_a-mlock.o)
                0x000000000000fb3a                __malloc_lock
 .text.__malloc_unlock
                0x000000000000fb3c        0x2 d:/mounriver_studio/mounriver_studio/toolchain/risc-v embedded gcc/bin/../lib/gcc/riscv-none-embed/8.2.0/../../../../riscv-none-embed/lib/rv32imafc/ilp32f\libg_nano.a(lib_a-mlock.o)
                0x000000000000fb3c                __malloc_unlock
 .text._Balloc  0x000000000000fb3e       0x88 d:/mounriver_studio/mounriver_studio/toolchain/risc-v embedded gcc/bin/../lib/gcc/riscv-none-embed/8.2.0/../../../../riscv-none-embed/lib/rv32imafc/ilp32f\libg_nano.a(lib_a-mprec.o)
                0x000000000000fb3e                _Balloc
 .text._Bfree   0x000000000000fbc6       0x44 d:/mounriver_studio/mounriver_studio/toolchain/risc-v embedded gcc/bin/../lib/gcc/riscv-none-embed/8.2.0/../../../../riscv-none-embed/lib/rv32imafc/ilp32f\libg_nano.a(lib_a-mprec.o)
                0x000000000000fbc6                _Bfree
 .text.__multadd
                0x000000000000fc0a       0x98 d:/mounriver_studio/mounriver_studio/toolchain/risc-v embedded gcc/bin/../lib/gcc/riscv-none-embed/8.2.0/../../../../riscv-none-embed/lib/rv32imafc/ilp32f\libg_nano.a(lib_a-mprec.o)
                0x000000000000fc0a                __multadd
 .text.__hi0bits
                0x000000000000fca2       0x46 d:/mounriver_studio/mounriver_studio/toolchain/risc-v embedded gcc/bin/../lib/gcc/riscv-none-embed/8.2.0/../../../../riscv-none-embed/lib/rv32imafc/ilp32f\libg_nano.a(lib_a-mprec.o)
                0x000000000000fca2                __hi0bits
 .text.__lo0bits
                0x000000000000fce8       0x6a d:/mounriver_studio/mounriver_studio/toolchain/risc-v embedded gcc/bin/../lib/gcc/riscv-none-embed/8.2.0/../../../../riscv-none-embed/lib/rv32imafc/ilp32f\libg_nano.a(lib_a-mprec.o)
                0x000000000000fce8                __lo0bits
 .text.__i2b    0x000000000000fd52       0x1c d:/mounriver_studio/mounriver_studio/toolchain/risc-v embedded gcc/bin/../lib/gcc/riscv-none-embed/8.2.0/../../../../riscv-none-embed/lib/rv32imafc/ilp32f\libg_nano.a(lib_a-mprec.o)
                0x000000000000fd52                __i2b
 .text.__multiply
                0x000000000000fd6e      0x144 d:/mounriver_studio/mounriver_studio/toolchain/risc-v embedded gcc/bin/../lib/gcc/riscv-none-embed/8.2.0/../../../../riscv-none-embed/lib/rv32imafc/ilp32f\libg_nano.a(lib_a-mprec.o)
                0x000000000000fd6e                __multiply
 .text.__pow5mult
                0x000000000000feb2       0xbe d:/mounriver_studio/mounriver_studio/toolchain/risc-v embedded gcc/bin/../lib/gcc/riscv-none-embed/8.2.0/../../../../riscv-none-embed/lib/rv32imafc/ilp32f\libg_nano.a(lib_a-mprec.o)
                0x000000000000feb2                __pow5mult
 .text.__lshift
                0x000000000000ff70       0xce d:/mounriver_studio/mounriver_studio/toolchain/risc-v embedded gcc/bin/../lib/gcc/riscv-none-embed/8.2.0/../../../../riscv-none-embed/lib/rv32imafc/ilp32f\libg_nano.a(lib_a-mprec.o)
                0x000000000000ff70                __lshift
 .text.__mcmp   0x000000000001003e       0x32 d:/mounriver_studio/mounriver_studio/toolchain/risc-v embedded gcc/bin/../lib/gcc/riscv-none-embed/8.2.0/../../../../riscv-none-embed/lib/rv32imafc/ilp32f\libg_nano.a(lib_a-mprec.o)
                0x000000000001003e                __mcmp
 .text.__mdiff  0x0000000000010070       0xf2 d:/mounriver_studio/mounriver_studio/toolchain/risc-v embedded gcc/bin/../lib/gcc/riscv-none-embed/8.2.0/../../../../riscv-none-embed/lib/rv32imafc/ilp32f\libg_nano.a(lib_a-mprec.o)
                0x0000000000010070                __mdiff
 .text.__d2b    0x0000000000010162       0xd4 d:/mounriver_studio/mounriver_studio/toolchain/risc-v embedded gcc/bin/../lib/gcc/riscv-none-embed/8.2.0/../../../../riscv-none-embed/lib/rv32imafc/ilp32f\libg_nano.a(lib_a-mprec.o)
                0x0000000000010162                __d2b
 .text._calloc_r
                0x0000000000010236       0x28 d:/mounriver_studio/mounriver_studio/toolchain/risc-v embedded gcc/bin/../lib/gcc/riscv-none-embed/8.2.0/../../../../riscv-none-embed/lib/rv32imafc/ilp32f\libg_nano.a(lib_a-nano-callocr.o)
                0x0000000000010236                _calloc_r
 .text.__ascii_mbtowc
                0x000000000001025e       0x3a d:/mounriver_studio/mounriver_studio/toolchain/risc-v embedded gcc/bin/../lib/gcc/riscv-none-embed/8.2.0/../../../../riscv-none-embed/lib/rv32imafc/ilp32f\libg_nano.a(lib_a-mbtowc_r.o)
                0x000000000001025e                __ascii_mbtowc
 .text.__ascii_wctomb
                0x0000000000010298       0x20 d:/mounriver_studio/mounriver_studio/toolchain/risc-v embedded gcc/bin/../lib/gcc/riscv-none-embed/8.2.0/../../../../riscv-none-embed/lib/rv32imafc/ilp32f\libg_nano.a(lib_a-wctomb_r.o)
                0x0000000000010298                __ascii_wctomb
 .text.__trunctfdf2
                0x00000000000102b8      0x3d0 d:/mounriver_studio/mounriver_studio/toolchain/risc-v embedded gcc/bin/../lib/gcc/riscv-none-embed/8.2.0/rv32imafc/ilp32f\libgcc.a(trunctfdf2.o)
                0x00000000000102b8                __trunctfdf2
 .text._sbrk    0x0000000000010688       0x20 d:/mounriver_studio/mounriver_studio/toolchain/risc-v embedded gcc/bin/../lib/gcc/riscv-none-embed/8.2.0/../../../../riscv-none-embed/lib/rv32imafc/ilp32f\libnosys.a(sbrk.o)
                0x0000000000010688                _sbrk
 *(.rodata)
 *fill*         0x00000000000106a8        0x0 
 .rodata        0x00000000000106a8       0x2d ./zf_driver/zf_driver_flash.o
 *fill*         0x00000000000106d5        0x3 
 .rodata        0x00000000000106d8       0x53 ./zf_driver/zf_driver_pit.o
 *fill*         0x000000000001072b        0x1 
 .rodata        0x000000000001072c       0x2b ./zf_driver/zf_driver_pwm.o
 *fill*         0x0000000000010757        0x1 
 .rodata        0x0000000000010758       0x2b ./zf_driver/zf_driver_spi.o
 *fill*         0x0000000000010783        0x1 
 .rodata        0x0000000000010784       0x2c ./zf_driver/zf_driver_uart.o
 *fill*         0x00000000000107b0        0x0 
 .rodata        0x00000000000107b0        0x8 ./zf_device/zf_device_dm1xa.o
 .rodata        0x00000000000107b8       0xf0 ./zf_device/zf_device_gnss.o
 .rodata        0x00000000000108a8       0x40 ./zf_device/zf_device_tft180.o
 .rodata        0x00000000000108e8       0x78 ./zf_common/zf_common_debug.o
 .rodata        0x0000000000010960       0x2c ./zf_common/zf_common_fifo.o
 *fill*         0x000000000001098c        0x4 
 .rodata        0x0000000000010990       0x70 ./zf_common/zf_common_function.o
 .rodata        0x0000000000010a00        0x4 ./user_c/main.o
 .rodata        0x0000000000010a04       0x41 ./sdk/Peripheral/ch32v30x_usbotg_device.o
 *fill*         0x0000000000010a45        0x3 
 .rodata        0x0000000000010a48       0x6c ./code/Menu.o
 *(.rodata*)
 .rodata.pit_init
                0x0000000000010ab4       0x28 ./zf_driver/zf_driver_pit.o
 .rodata.pwm_set_duty
                0x0000000000010adc       0x28 ./zf_driver/zf_driver_pwm.o
 .rodata.pwm_init
                0x0000000000010b04       0x28 ./zf_driver/zf_driver_pwm.o
 .rodata.spi_index
                0x0000000000010b2c        0xc ./zf_driver/zf_driver_spi.o
                0x0000000000010b2c                spi_index
 .rodata.timer_get
                0x0000000000010b38       0x28 ./zf_driver/zf_driver_timer.o
 .rodata.timer_clear
                0x0000000000010b60       0x28 ./zf_driver/zf_driver_timer.o
 .rodata.uart_index
                0x0000000000010b88       0x20 ./zf_driver/zf_driver_uart.o
                0x0000000000010b88                uart_index
 .rodata.ascii_font_8x16
                0x0000000000010ba8      0x5f0 ./zf_common/zf_common_font.o
                0x0000000000010ba8                ascii_font_8x16
 .rodata.ascii_font_6x8
                0x0000000000011198      0x228 ./zf_common/zf_common_font.o
                0x0000000000011198                ascii_font_6x8
 .rodata.MyDevDescrHD
                0x00000000000113c0       0x12 ./sdk/Peripheral/ch32v30x_usbotg_device.o
                0x00000000000113c0                MyDevDescrHD
 *fill*         0x00000000000113d2        0x2 
 .rodata.MyCfgDescrHD
                0x00000000000113d4       0x43 ./sdk/Peripheral/ch32v30x_usbotg_device.o
                0x00000000000113d4                MyCfgDescrHD
 *fill*         0x0000000000011417        0x1 
 .rodata.MyReportDescHD
                0x0000000000011418       0x14 ./sdk/Peripheral/ch32v30x_usbotg_device.o
                0x0000000000011418                MyReportDescHD
 .rodata.MyManuInfoHD
                0x000000000001142c        0xe ./sdk/Peripheral/ch32v30x_usbotg_device.o
                0x000000000001142c                MyManuInfoHD
 *fill*         0x000000000001143a        0x2 
 .rodata.MyProdInfoHD
                0x000000000001143c        0xc ./sdk/Peripheral/ch32v30x_usbotg_device.o
                0x000000000001143c                MyProdInfoHD
 .rodata.MySerNumInfoHD
                0x0000000000011448       0x16 ./sdk/Peripheral/ch32v30x_usbotg_device.o
                0x0000000000011448                MySerNumInfoHD
 *fill*         0x000000000001145e        0x2 
 .rodata.MyUSBQUADescHD
                0x0000000000011460        0xa ./sdk/Peripheral/ch32v30x_usbotg_device.o
                0x0000000000011460                MyUSBQUADescHD
 *fill*         0x000000000001146a        0x2 
 .rodata.OTG_FS_IRQHandler
                0x000000000001146c       0xbc ./sdk/Peripheral/ch32v30x_usbotg_device.o
 .rodata.print.str1.4
                0x0000000000011528        0x7 d:/mounriver_studio/mounriver_studio/toolchain/risc-v embedded gcc/bin/../lib/gcc/riscv-none-embed/8.2.0/../../../../riscv-none-embed/lib/rv32imafc/ilp32f\libprintfloat.a(printfloat.o)
 *fill*         0x000000000001152f        0x1 
 .rodata.__divdf3
                0x0000000000011530       0x40 d:/mounriver_studio/mounriver_studio/toolchain/risc-v embedded gcc/bin/../lib/gcc/riscv-none-embed/8.2.0/rv32imafc/ilp32f\libgcc.a(divdf3.o)
 .rodata.__muldf3
                0x0000000000011570       0x40 d:/mounriver_studio/mounriver_studio/toolchain/risc-v embedded gcc/bin/../lib/gcc/riscv-none-embed/8.2.0/rv32imafc/ilp32f\libgcc.a(muldf3.o)
 .rodata.__clz_tab
                0x00000000000115b0      0x100 d:/mounriver_studio/mounriver_studio/toolchain/risc-v embedded gcc/bin/../lib/gcc/riscv-none-embed/8.2.0/rv32imafc/ilp32f\libgcc.a(_clz.o)
                0x00000000000115b0                __clz_tab
 .rodata._printf_float.cst8
                0x00000000000116b0        0x8 d:/mounriver_studio/mounriver_studio/toolchain/risc-v embedded gcc/bin/../lib/gcc/riscv-none-embed/8.2.0/../../../../riscv-none-embed/lib/rv32imafc/ilp32f\libg_nano.a(lib_a-nano-vfprintf_float.o)
 .rodata._printf_float.str1.4
                0x00000000000116b8       0x12 d:/mounriver_studio/mounriver_studio/toolchain/risc-v embedded gcc/bin/../lib/gcc/riscv-none-embed/8.2.0/../../../../riscv-none-embed/lib/rv32imafc/ilp32f\libg_nano.a(lib_a-nano-vfprintf_float.o)
 *fill*         0x00000000000116ca        0x6 
 .rodata._dtoa_r.cst8
                0x00000000000116d0       0x48 d:/mounriver_studio/mounriver_studio/toolchain/risc-v embedded gcc/bin/../lib/gcc/riscv-none-embed/8.2.0/../../../../riscv-none-embed/lib/rv32imafc/ilp32f\libg_nano.a(lib_a-dtoa.o)
 .rodata._dtoa_r.str1.4
                0x0000000000011718       0x10 d:/mounriver_studio/mounriver_studio/toolchain/risc-v embedded gcc/bin/../lib/gcc/riscv-none-embed/8.2.0/../../../../riscv-none-embed/lib/rv32imafc/ilp32f\libg_nano.a(lib_a-dtoa.o)
                                         0x12 (size before relaxing)
 .rodata.__mprec_bigtens
                0x0000000000011728       0x28 d:/mounriver_studio/mounriver_studio/toolchain/risc-v embedded gcc/bin/../lib/gcc/riscv-none-embed/8.2.0/../../../../riscv-none-embed/lib/rv32imafc/ilp32f\libg_nano.a(lib_a-mprec.o)
                0x0000000000011728                __mprec_bigtens
 .rodata.__mprec_tens
                0x0000000000011750       0xc8 d:/mounriver_studio/mounriver_studio/toolchain/risc-v embedded gcc/bin/../lib/gcc/riscv-none-embed/8.2.0/../../../../riscv-none-embed/lib/rv32imafc/ilp32f\libg_nano.a(lib_a-mprec.o)
                0x0000000000011750                __mprec_tens
 .rodata.p05.3321
                0x0000000000011818        0xc d:/mounriver_studio/mounriver_studio/toolchain/risc-v embedded gcc/bin/../lib/gcc/riscv-none-embed/8.2.0/../../../../riscv-none-embed/lib/rv32imafc/ilp32f\libg_nano.a(lib_a-mprec.o)
 .rodata._setlocale_r.str1.4
                0x0000000000011824        0xa d:/mounriver_studio/mounriver_studio/toolchain/risc-v embedded gcc/bin/../lib/gcc/riscv-none-embed/8.2.0/../../../../riscv-none-embed/lib/rv32imafc/ilp32f\libg_nano.a(lib_a-locale.o)
                                          0xd (size before relaxing)
 *fill*         0x000000000001182e        0x2 
 .rodata.str1.4
                0x0000000000011830        0x4 d:/mounriver_studio/mounriver_studio/toolchain/risc-v embedded gcc/bin/../lib/gcc/riscv-none-embed/8.2.0/../../../../riscv-none-embed/lib/rv32imafc/ilp32f\libg_nano.a(lib_a-locale.o)
                                          0x2 (size before relaxing)
 .rodata._ctype_
                0x0000000000011834      0x101 d:/mounriver_studio/mounriver_studio/toolchain/risc-v embedded gcc/bin/../lib/gcc/riscv-none-embed/8.2.0/../../../../riscv-none-embed/lib/rv32imafc/ilp32f\libg_nano.a(lib_a-ctype_.o)
                0x0000000000011834                _ctype_
 *(.glue_7)
 *(.glue_7t)
 *(.gnu.linkonce.t.*)
                0x0000000000011938                . = ALIGN (0x4)
 *fill*         0x0000000000011935        0x3 

.rela.dyn       0x0000000000011938        0x0
 .rela.init     0x0000000000011938        0x0 ./zf_driver/zf_driver_adc.o
 .rela.vector   0x0000000000011938        0x0 ./zf_driver/zf_driver_adc.o
 .rela.text.handle_reset
                0x0000000000011938        0x0 ./zf_driver/zf_driver_adc.o
 .rela.text.OTG_FS_IRQHandler
                0x0000000000011938        0x0 ./zf_driver/zf_driver_adc.o
 .rela.text.prints
                0x0000000000011938        0x0 ./zf_driver/zf_driver_adc.o
 .rela.text.printInt
                0x0000000000011938        0x0 ./zf_driver/zf_driver_adc.o
 .rela.text.printLongLongInt
                0x0000000000011938        0x0 ./zf_driver/zf_driver_adc.o
 .rela.text.printDouble
                0x0000000000011938        0x0 ./zf_driver/zf_driver_adc.o
 .rela.text.print
                0x0000000000011938        0x0 ./zf_driver/zf_driver_adc.o
 .rela.text.printf
                0x0000000000011938        0x0 ./zf_driver/zf_driver_adc.o
 .rela.text.sprintf
                0x0000000000011938        0x0 ./zf_driver/zf_driver_adc.o
 .rela.data.impure_data
                0x0000000000011938        0x0 ./zf_driver/zf_driver_adc.o
 .rela.text._sbrk_r
                0x0000000000011938        0x0 ./zf_driver/zf_driver_adc.o
 .rela.text._sbrk
                0x0000000000011938        0x0 ./zf_driver/zf_driver_adc.o

.fini           0x0000000000011938        0x0
 *(SORT_NONE(.fini))
                0x0000000000011938                . = ALIGN (0x4)
                [!provide]                        PROVIDE (_etext = .)
                [!provide]                        PROVIDE (_eitcm = .)

.preinit_array  0x0000000000011938        0x0
                [!provide]                        PROVIDE (__preinit_array_start = .)
 *(.preinit_array)
                [!provide]                        PROVIDE (__preinit_array_end = .)

.init_array     0x0000000000011938        0x0
                [!provide]                        PROVIDE (__init_array_start = .)
 *(SORT_BY_INIT_PRIORITY(.init_array.*) SORT_BY_INIT_PRIORITY(.ctors.*))
 *(.init_array EXCLUDE_FILE(*crtend?.o *crtend.o *crtbegin?.o *crtbegin.o) .ctors)
                [!provide]                        PROVIDE (__init_array_end = .)

.fini_array     0x0000000000011938        0x0
                [!provide]                        PROVIDE (__fini_array_start = .)
 *(SORT_BY_INIT_PRIORITY(.fini_array.*) SORT_BY_INIT_PRIORITY(.dtors.*))
 *(.fini_array EXCLUDE_FILE(*crtend?.o *crtend.o *crtbegin?.o *crtbegin.o) .dtors)
                [!provide]                        PROVIDE (__fini_array_end = .)

.ctors
 *crtbegin.o(.ctors)
 *crtbegin?.o(.ctors)
 *(EXCLUDE_FILE(*crtend?.o *crtend.o) .ctors)
 *(SORT_BY_NAME(.ctors.*))
 *(.ctors)

.dtors
 *crtbegin.o(.dtors)
 *crtbegin?.o(.dtors)
 *(EXCLUDE_FILE(*crtend?.o *crtend.o) .dtors)
 *(SORT_BY_NAME(.dtors.*))
 *(.dtors)

.dalign         0x0000000020000040        0x0 load address 0x0000000000011938
                0x0000000020000040                . = ALIGN (0x4)
                0x0000000020000040                PROVIDE (_data_vma = .)

.dlalign        0x0000000000011938        0x0
                0x0000000000011938                . = ALIGN (0x4)
                0x0000000000011938                PROVIDE (_data_lma = .)

.data           0x0000000020000040      0x290 load address 0x0000000000011938
 *(.gnu.linkonce.r.*)
 *(.data .data.*)
 .data.gpio_group
                0x0000000020000040       0x14 ./zf_driver/zf_driver_gpio.o
                0x0000000020000040                gpio_group
 .data.APBAHBPrescTable
                0x0000000020000054       0x10 ./sdk/Peripheral/ch32v30x_rcc.o
 .data.TAB_USB_FS_OSC_DESC
                0x0000000020000064       0x43 ./sdk/Peripheral/ch32v30x_usbotg_device.o
                0x0000000020000064                TAB_USB_FS_OSC_DESC
 *fill*         0x00000000200000a7        0x1 
 .data.impure_data
                0x00000000200000a8       0x60 d:/mounriver_studio/mounriver_studio/toolchain/risc-v embedded gcc/bin/../lib/gcc/riscv-none-embed/8.2.0/../../../../riscv-none-embed/lib/rv32imafc/ilp32f\libg_nano.a(lib_a-impure.o)
 .data.__global_locale
                0x0000000020000108      0x16c d:/mounriver_studio/mounriver_studio/toolchain/risc-v embedded gcc/bin/../lib/gcc/riscv-none-embed/8.2.0/../../../../riscv-none-embed/lib/rv32imafc/ilp32f\libg_nano.a(lib_a-locale.o)
                0x0000000020000108                __global_locale
 *(.gnu.linkonce.d.*)
                0x0000000020000278                . = ALIGN (0x8)
 *fill*         0x0000000020000274        0x4 
                0x0000000020000a78                PROVIDE (__global_pointer$ = (. + 0x800))
 *(.sdata .sdata.*)
 .sdata.adc_index
                0x0000000020000278        0x8 ./zf_driver/zf_driver_adc.o
 .sdata.gFlashStatus.4508
                0x0000000020000280        0x4 ./zf_driver/zf_driver_flash.o
 .sdata.gFlashStatus.4550
                0x0000000020000284        0x4 ./zf_driver/zf_driver_flash.o
 .sdata.dm1xa_distance_mm
                0x0000000020000288        0x2 ./zf_device/zf_device_dm1xa.o
 .sdata.tft180_pencolor
                0x000000002000028a        0x2 ./zf_device/zf_device_tft180.o
 .sdata.tft180_bgcolor
                0x000000002000028c        0x2 ./zf_device/zf_device_tft180.o
 *fill*         0x000000002000028e        0x2 
 .sdata.tft180_display_font
                0x0000000020000290        0x4 ./zf_device/zf_device_tft180.o
 .sdata.tft180_x_max
                0x0000000020000294        0x1 ./zf_device/zf_device_tft180.o
 .sdata.tft180_y_max
                0x0000000020000295        0x1 ./zf_device/zf_device_tft180.o
 *fill*         0x0000000020000296        0x2 
 .sdata.camera_uart_handler
                0x0000000020000298        0x4 ./zf_device/zf_device_type.o
                0x0000000020000298                camera_uart_handler
 .sdata.camera_dvp_handler
                0x000000002000029c        0x4 ./zf_device/zf_device_type.o
                0x000000002000029c                camera_dvp_handler
 .sdata.wireless_module_uart_handler
                0x00000000200002a0        0x4 ./zf_device/zf_device_type.o
                0x00000000200002a0                wireless_module_uart_handler
 .sdata.tof_module_exti_handler
                0x00000000200002a4        0x4 ./zf_device/zf_device_type.o
                0x00000000200002a4                tof_module_exti_handler
 .sdata.system_clock
                0x00000000200002a8        0x4 ./zf_common/zf_common_clock.o
                0x00000000200002a8                system_clock
 .sdata.zf_debug_assert_enable
                0x00000000200002ac        0x1 ./zf_common/zf_common_debug.o
 .sdata.Key_Value
                0x00000000200002ad        0x1 ./user_c/main.o
                0x00000000200002ad                Key_Value
 *fill*         0x00000000200002ae        0x2 
 .sdata.ADCPrescTable
                0x00000000200002b0        0x4 ./sdk/Peripheral/ch32v30x_rcc.o
 .sdata.USBHD_Dev_Speed
                0x00000000200002b4        0x1 ./sdk/Peripheral/ch32v30x_usbotg_device.o
                0x00000000200002b4                USBHD_Dev_Speed
 *fill*         0x00000000200002b5        0x3 
 .sdata.LineCoding
                0x00000000200002b8        0x7 ./sdk/Peripheral/ch32v30x_usbotg_device.o
                0x00000000200002b8                LineCoding
 *fill*         0x00000000200002bf        0x1 
 .sdata._impure_ptr
                0x00000000200002c0        0x4 d:/mounriver_studio/mounriver_studio/toolchain/risc-v embedded gcc/bin/../lib/gcc/riscv-none-embed/8.2.0/../../../../riscv-none-embed/lib/rv32imafc/ilp32f\libg_nano.a(lib_a-impure.o)
                0x00000000200002c0                _impure_ptr
 *(.sdata2.*)
 .sdata2.uart_irq
                0x00000000200002c4        0x8 ./zf_driver/zf_driver_uart.o
                0x00000000200002c4                uart_irq
 .sdata2.MyLangDescrHD
                0x00000000200002cc        0x4 ./sdk/Peripheral/ch32v30x_usbotg_device.o
                0x00000000200002cc                MyLangDescrHD
 *(.gnu.linkonce.s.*)
                0x00000000200002d0                . = ALIGN (0x8)
 *(.srodata.cst16)
 *(.srodata.cst8)
 *(.srodata.cst4)
 *(.srodata.cst2)
 *(.srodata .srodata.*)
                0x00000000200002d0                . = ALIGN (0x4)
                0x00000000200002d0                PROVIDE (_edata = .)

.bss            0x00000000200002d0      0x6c0 load address 0x0000000000011bc8
                0x00000000200002d0                . = ALIGN (0x4)
                0x00000000200002d0                PROVIDE (_sbss = .)
 *(.sbss*)
 .sbss.adc_resolution
                0x00000000200002d0        0x2 ./zf_driver/zf_driver_adc.o
 *fill*         0x00000000200002d2        0x2 
 .sbss.dm1xa_plus_count
                0x00000000200002d4        0x4 ./zf_device/zf_device_dm1xa.o
 .sbss.dm1xa_type
                0x00000000200002d8        0x4 ./zf_device/zf_device_dm1xa.o
 .sbss.dm1xa_ranging_state
                0x00000000200002dc        0x4 ./zf_device/zf_device_dm1xa.o
 .sbss.gnss_flag
                0x00000000200002e0        0x1 ./zf_device/zf_device_gnss.o
                0x00000000200002e0                gnss_flag
 .sbss.gnss_state
                0x00000000200002e1        0x1 ./zf_device/zf_device_gnss.o
 *fill*         0x00000000200002e2        0x2 
 .sbss.gnss_gga_state
                0x00000000200002e4        0x4 ./zf_device/zf_device_gnss.o
 .sbss.gnss_rmc_state
                0x00000000200002e8        0x4 ./zf_device/zf_device_gnss.o
 .sbss.gnss_ths_state
                0x00000000200002ec        0x4 ./zf_device/zf_device_gnss.o
 .sbss.tft180_display_dir
                0x00000000200002f0        0x4 ./zf_device/zf_device_tft180.o
 .sbss.debug_uart_data
                0x00000000200002f4        0x1 ./zf_common/zf_common_debug.o
                0x00000000200002f4                debug_uart_data
 .sbss.zf_debug_init_flag
                0x00000000200002f5        0x1 ./zf_common/zf_common_debug.o
 .sbss.assert_nest_index.5042
                0x00000000200002f6        0x1 ./zf_common/zf_common_debug.o
 *fill*         0x00000000200002f7        0x1 
 .sbss.interrupt_nest_count
                0x00000000200002f8        0x4 ./zf_common/zf_common_interrupt.o
 .sbss.exti_state
                0x00000000200002fc        0x1 ./user_c/isr.o
                0x00000000200002fc                exti_state
 *fill*         0x00000000200002fd        0x3 
 .sbss.EP0_DatabufHD
                0x0000000020000300        0x8 ./sdk/Peripheral/ch32v30x_usbotg_device.o
                0x0000000020000300                EP0_DatabufHD
 .sbss.pEP0_RAM_Addr
                0x0000000020000308        0x4 ./sdk/Peripheral/ch32v30x_usbotg_device.o
                0x0000000020000308                pEP0_RAM_Addr
 .sbss.pEP1_RAM_Addr
                0x000000002000030c        0x4 ./sdk/Peripheral/ch32v30x_usbotg_device.o
                0x000000002000030c                pEP1_RAM_Addr
 .sbss.pEP2_RAM_Addr
                0x0000000020000310        0x4 ./sdk/Peripheral/ch32v30x_usbotg_device.o
                0x0000000020000310                pEP2_RAM_Addr
 .sbss.pDescr   0x0000000020000314        0x4 ./sdk/Peripheral/ch32v30x_usbotg_device.o
                0x0000000020000314                pDescr
 .sbss.USBHD_Dev_SetupReqLen
                0x0000000020000318        0x2 ./sdk/Peripheral/ch32v30x_usbotg_device.o
                0x0000000020000318                USBHD_Dev_SetupReqLen
 .sbss.USBHD_Dev_SleepStatus
                0x000000002000031a        0x1 ./sdk/Peripheral/ch32v30x_usbotg_device.o
                0x000000002000031a                USBHD_Dev_SleepStatus
 .sbss.DevConfig
                0x000000002000031b        0x1 ./sdk/Peripheral/ch32v30x_usbotg_device.o
                0x000000002000031b                DevConfig
 .sbss.SetupReqCode
                0x000000002000031c        0x1 ./sdk/Peripheral/ch32v30x_usbotg_device.o
                0x000000002000031c                SetupReqCode
 *fill*         0x000000002000031d        0x1 
 .sbss.SetupReqLen
                0x000000002000031e        0x2 ./sdk/Peripheral/ch32v30x_usbotg_device.o
                0x000000002000031e                SetupReqLen
 .sbss.currentMenu
                0x0000000020000320        0x1 ./code/Menu.o
                0x0000000020000320                currentMenu
 .sbss.currentOption
                0x0000000020000321        0x1 ./code/Menu.o
                0x0000000020000321                currentOption
 .sbss.LEDFlag  0x0000000020000322        0x1 ./code/Menu.o
                0x0000000020000322                LEDFlag
 .sbss.SoundFlag
                0x0000000020000323        0x1 ./code/Menu.o
                0x0000000020000323                SoundFlag
 .sbss.__malloc_free_list
                0x0000000020000324        0x4 d:/mounriver_studio/mounriver_studio/toolchain/risc-v embedded gcc/bin/../lib/gcc/riscv-none-embed/8.2.0/../../../../riscv-none-embed/lib/rv32imafc/ilp32f\libg_nano.a(lib_a-nano-mallocr.o)
                0x0000000020000324                __malloc_free_list
 .sbss.__malloc_sbrk_start
                0x0000000020000328        0x4 d:/mounriver_studio/mounriver_studio/toolchain/risc-v embedded gcc/bin/../lib/gcc/riscv-none-embed/8.2.0/../../../../riscv-none-embed/lib/rv32imafc/ilp32f\libg_nano.a(lib_a-nano-mallocr.o)
                0x0000000020000328                __malloc_sbrk_start
 .sbss.heap_end.1520
                0x000000002000032c        0x4 d:/mounriver_studio/mounriver_studio/toolchain/risc-v embedded gcc/bin/../lib/gcc/riscv-none-embed/8.2.0/../../../../riscv-none-embed/lib/rv32imafc/ilp32f\libnosys.a(sbrk.o)
 *(.gnu.linkonce.sb.*)
 *(.bss*)
 .bss.flash_union_buffer
                0x0000000020000330      0x400 ./zf_driver/zf_driver_flash.o
                0x0000000020000330                flash_union_buffer
 .bss.timer_function_state
                0x0000000020000730       0x28 ./zf_driver/zf_driver_timer.o
 .bss.timer_mode_state
                0x0000000020000758       0x28 ./zf_driver/zf_driver_timer.o
 .bss.gnss_receiver_fifo
                0x0000000020000780       0x19 ./zf_device/zf_device_gnss.o
 *fill*         0x0000000020000799        0x3 
 .bss.gps_gga_buffer
                0x000000002000079c       0x80 ./zf_device/zf_device_gnss.o
 .bss.gps_rmc_buffer
                0x000000002000081c       0x80 ./zf_device/zf_device_gnss.o
 .bss.gps_ths_buffer
                0x000000002000089c       0x80 ./zf_device/zf_device_gnss.o
 .bss.debug_uart_buffer
                0x000000002000091c       0x40 ./zf_common/zf_common_debug.o
                0x000000002000091c                debug_uart_buffer
 .bss.debug_uart_fifo
                0x000000002000095c       0x19 ./zf_common/zf_common_debug.o
                0x000000002000095c                debug_uart_fifo
 *fill*         0x0000000020000975        0x3 
 .bss.debug_output_info
                0x0000000020000978       0x14 ./zf_common/zf_common_debug.o
 *(.gnu.linkonce.b.*)
 *(COMMON*)
 COMMON         0x000000002000098c        0x4 d:/mounriver_studio/mounriver_studio/toolchain/risc-v embedded gcc/bin/../lib/gcc/riscv-none-embed/8.2.0/../../../../riscv-none-embed/lib/rv32imafc/ilp32f\libg_nano.a(lib_a-reent.o)
                0x000000002000098c                errno
                0x0000000020000990                . = ALIGN (0x4)
                0x0000000020000990                PROVIDE (_ebss = .)
                [!provide]                        PROVIDE (_end = _ebss)
                0x0000000020000990                PROVIDE (end = .)

.stack          0x000000002000f440      0x800
                [!provide]                        PROVIDE (_heap_end = .)
                0x000000002000f440                . = ALIGN (0x4)
                [!provide]                        PROVIDE (_susrstack = .)
                0x000000002000fc40                . = (. + __stack_size)
 *fill*         0x000000002000f440      0x800 
                0x000000002000fc40                PROVIDE (_eusrstack = .)
OUTPUT(Software_assessment_task.elf elf32-littleriscv)

.debug_info     0x0000000000000000    0x22a3f
 .debug_info    0x0000000000000000      0xea8 ./zf_driver/zf_driver_adc.o
 .debug_info    0x0000000000000ea8      0xa28 ./zf_driver/zf_driver_delay.o
 .debug_info    0x00000000000018d0     0x1061 ./zf_driver/zf_driver_exti.o
 .debug_info    0x0000000000002931      0xd7b ./zf_driver/zf_driver_flash.o
 .debug_info    0x00000000000036ac      0xefa ./zf_driver/zf_driver_gpio.o
 .debug_info    0x00000000000045a6     0x10a9 ./zf_driver/zf_driver_pit.o
 .debug_info    0x000000000000564f     0x1489 ./zf_driver/zf_driver_pwm.o
 .debug_info    0x0000000000006ad8     0x156a ./zf_driver/zf_driver_spi.o
 .debug_info    0x0000000000008042      0xfb7 ./zf_driver/zf_driver_timer.o
 .debug_info    0x0000000000008ff9     0x1460 ./zf_driver/zf_driver_uart.o
 .debug_info    0x000000000000a459      0xe37 ./zf_device/zf_device_dm1xa.o
 .debug_info    0x000000000000b290     0x1846 ./zf_device/zf_device_gnss.o
 .debug_info    0x000000000000cad6     0x1951 ./zf_device/zf_device_tft180.o
 .debug_info    0x000000000000e427      0xb5a ./zf_device/zf_device_type.o
 .debug_info    0x000000000000ef81      0xb2d ./zf_common/zf_common_clock.o
 .debug_info    0x000000000000faae     0x1497 ./zf_common/zf_common_debug.o
 .debug_info    0x0000000000010f45      0xdf1 ./zf_common/zf_common_fifo.o
 .debug_info    0x0000000000011d36      0xa18 ./zf_common/zf_common_font.o
 .debug_info    0x000000000001274e     0x11b5 ./zf_common/zf_common_function.o
 .debug_info    0x0000000000013903      0xf79 ./zf_common/zf_common_interrupt.o
 .debug_info    0x000000000001487c     0x1d57 ./user_c/isr.o
 .debug_info    0x00000000000165d3     0x1ec6 ./user_c/main.o
 .debug_info    0x0000000000018499       0x22 ./sdk/Startup/startup_ch32v30x_D8C.o
 .debug_info    0x00000000000184bb      0xd58 ./sdk/Peripheral/ch32v30x_adc.o
 .debug_info    0x0000000000019213      0x353 ./sdk/Peripheral/ch32v30x_exti.o
 .debug_info    0x0000000000019566      0x973 ./sdk/Peripheral/ch32v30x_flash.o
 .debug_info    0x0000000000019ed9      0x712 ./sdk/Peripheral/ch32v30x_gpio.o
 .debug_info    0x000000000001a5eb      0xc64 ./sdk/Peripheral/ch32v30x_rcc.o
 .debug_info    0x000000000001b24f      0x96e ./sdk/Peripheral/ch32v30x_spi.o
 .debug_info    0x000000000001bbbd     0x1dd2 ./sdk/Peripheral/ch32v30x_tim.o
 .debug_info    0x000000000001d98f      0xa45 ./sdk/Peripheral/ch32v30x_usart.o
 .debug_info    0x000000000001e3d4     0x13c6 ./sdk/Peripheral/ch32v30x_usbotg_device.o
 .debug_info    0x000000000001f79a     0x174b ./code/LED.o
 .debug_info    0x0000000000020ee5     0x1b5a ./code/Menu.o

.debug_abbrev   0x0000000000000000     0x4f1e
 .debug_abbrev  0x0000000000000000      0x295 ./zf_driver/zf_driver_adc.o
 .debug_abbrev  0x0000000000000295      0x212 ./zf_driver/zf_driver_delay.o
 .debug_abbrev  0x00000000000004a7      0x28c ./zf_driver/zf_driver_exti.o
 .debug_abbrev  0x0000000000000733      0x2aa ./zf_driver/zf_driver_flash.o
 .debug_abbrev  0x00000000000009dd      0x2ad ./zf_driver/zf_driver_gpio.o
 .debug_abbrev  0x0000000000000c8a      0x256 ./zf_driver/zf_driver_pit.o
 .debug_abbrev  0x0000000000000ee0      0x289 ./zf_driver/zf_driver_pwm.o
 .debug_abbrev  0x0000000000001169      0x32f ./zf_driver/zf_driver_spi.o
 .debug_abbrev  0x0000000000001498      0x28e ./zf_driver/zf_driver_timer.o
 .debug_abbrev  0x0000000000001726      0x2be ./zf_driver/zf_driver_uart.o
 .debug_abbrev  0x00000000000019e4      0x28b ./zf_device/zf_device_dm1xa.o
 .debug_abbrev  0x0000000000001c6f      0x353 ./zf_device/zf_device_gnss.o
 .debug_abbrev  0x0000000000001fc2      0x345 ./zf_device/zf_device_tft180.o
 .debug_abbrev  0x0000000000002307      0x225 ./zf_device/zf_device_type.o
 .debug_abbrev  0x000000000000252c      0x251 ./zf_common/zf_common_clock.o
 .debug_abbrev  0x000000000000277d      0x394 ./zf_common/zf_common_debug.o
 .debug_abbrev  0x0000000000002b11      0x2a5 ./zf_common/zf_common_fifo.o
 .debug_abbrev  0x0000000000002db6      0x1dd ./zf_common/zf_common_font.o
 .debug_abbrev  0x0000000000002f93      0x348 ./zf_common/zf_common_function.o
 .debug_abbrev  0x00000000000032db      0x2c1 ./zf_common/zf_common_interrupt.o
 .debug_abbrev  0x000000000000359c      0x261 ./user_c/isr.o
 .debug_abbrev  0x00000000000037fd      0x256 ./user_c/main.o
 .debug_abbrev  0x0000000000003a53       0x12 ./sdk/Startup/startup_ch32v30x_D8C.o
 .debug_abbrev  0x0000000000003a65      0x1ae ./sdk/Peripheral/ch32v30x_adc.o
 .debug_abbrev  0x0000000000003c13      0x144 ./sdk/Peripheral/ch32v30x_exti.o
 .debug_abbrev  0x0000000000003d57      0x1ec ./sdk/Peripheral/ch32v30x_flash.o
 .debug_abbrev  0x0000000000003f43      0x1c7 ./sdk/Peripheral/ch32v30x_gpio.o
 .debug_abbrev  0x000000000000410a      0x1ef ./sdk/Peripheral/ch32v30x_rcc.o
 .debug_abbrev  0x00000000000042f9      0x19e ./sdk/Peripheral/ch32v30x_spi.o
 .debug_abbrev  0x0000000000004497      0x1c9 ./sdk/Peripheral/ch32v30x_tim.o
 .debug_abbrev  0x0000000000004660      0x19e ./sdk/Peripheral/ch32v30x_usart.o
 .debug_abbrev  0x00000000000047fe      0x299 ./sdk/Peripheral/ch32v30x_usbotg_device.o
 .debug_abbrev  0x0000000000004a97      0x218 ./code/LED.o
 .debug_abbrev  0x0000000000004caf      0x26f ./code/Menu.o

.debug_aranges  0x0000000000000000     0x1288
 .debug_aranges
                0x0000000000000000       0x30 ./zf_driver/zf_driver_adc.o
 .debug_aranges
                0x0000000000000030       0x28 ./zf_driver/zf_driver_delay.o
 .debug_aranges
                0x0000000000000058       0x30 ./zf_driver/zf_driver_exti.o
 .debug_aranges
                0x0000000000000088       0x50 ./zf_driver/zf_driver_flash.o
 .debug_aranges
                0x00000000000000d8       0x40 ./zf_driver/zf_driver_gpio.o
 .debug_aranges
                0x0000000000000118       0x30 ./zf_driver/zf_driver_pit.o
 .debug_aranges
                0x0000000000000148       0x30 ./zf_driver/zf_driver_pwm.o
 .debug_aranges
                0x0000000000000178       0xb0 ./zf_driver/zf_driver_spi.o
 .debug_aranges
                0x0000000000000228       0x50 ./zf_driver/zf_driver_timer.o
 .debug_aranges
                0x0000000000000278       0x58 ./zf_driver/zf_driver_uart.o
 .debug_aranges
                0x00000000000002d0       0x40 ./zf_device/zf_device_dm1xa.o
 .debug_aranges
                0x0000000000000310       0x80 ./zf_device/zf_device_gnss.o
 .debug_aranges
                0x0000000000000390       0xc0 ./zf_device/zf_device_tft180.o
 .debug_aranges
                0x0000000000000450       0x38 ./zf_device/zf_device_type.o
 .debug_aranges
                0x0000000000000488       0x30 ./zf_common/zf_common_clock.o
 .debug_aranges
                0x00000000000004b8       0x98 ./zf_common/zf_common_debug.o
 .debug_aranges
                0x0000000000000550       0x68 ./zf_common/zf_common_fifo.o
 .debug_aranges
                0x00000000000005b8       0x18 ./zf_common/zf_common_font.o
 .debug_aranges
                0x00000000000005d0       0x90 ./zf_common/zf_common_function.o
 .debug_aranges
                0x0000000000000660       0x70 ./zf_common/zf_common_interrupt.o
 .debug_aranges
                0x00000000000006d0       0xf8 ./user_c/isr.o
 .debug_aranges
                0x00000000000007c8       0x20 ./user_c/main.o
 .debug_aranges
                0x00000000000007e8       0x30 ./sdk/Startup/startup_ch32v30x_D8C.o
 .debug_aranges
                0x0000000000000818      0x150 ./sdk/Peripheral/ch32v30x_adc.o
 .debug_aranges
                0x0000000000000968       0x58 ./sdk/Peripheral/ch32v30x_exti.o
 .debug_aranges
                0x00000000000009c0      0x118 ./sdk/Peripheral/ch32v30x_flash.o
 .debug_aranges
                0x0000000000000ad8       0xa8 ./sdk/Peripheral/ch32v30x_gpio.o
 .debug_aranges
                0x0000000000000b80      0x1a8 ./sdk/Peripheral/ch32v30x_rcc.o
 .debug_aranges
                0x0000000000000d28       0xd0 ./sdk/Peripheral/ch32v30x_spi.o
 .debug_aranges
                0x0000000000000df8      0x2f0 ./sdk/Peripheral/ch32v30x_tim.o
 .debug_aranges
                0x00000000000010e8      0x100 ./sdk/Peripheral/ch32v30x_usart.o
 .debug_aranges
                0x00000000000011e8       0x50 ./sdk/Peripheral/ch32v30x_usbotg_device.o
 .debug_aranges
                0x0000000000001238       0x28 ./code/LED.o
 .debug_aranges
                0x0000000000001260       0x28 ./code/Menu.o

.debug_ranges   0x0000000000000000     0x1068
 .debug_ranges  0x0000000000000000       0x20 ./zf_driver/zf_driver_adc.o
 .debug_ranges  0x0000000000000020       0x18 ./zf_driver/zf_driver_delay.o
 .debug_ranges  0x0000000000000038       0x20 ./zf_driver/zf_driver_exti.o
 .debug_ranges  0x0000000000000058       0x40 ./zf_driver/zf_driver_flash.o
 .debug_ranges  0x0000000000000098       0x30 ./zf_driver/zf_driver_gpio.o
 .debug_ranges  0x00000000000000c8       0x20 ./zf_driver/zf_driver_pit.o
 .debug_ranges  0x00000000000000e8       0x20 ./zf_driver/zf_driver_pwm.o
 .debug_ranges  0x0000000000000108       0xa0 ./zf_driver/zf_driver_spi.o
 .debug_ranges  0x00000000000001a8       0x40 ./zf_driver/zf_driver_timer.o
 .debug_ranges  0x00000000000001e8       0x48 ./zf_driver/zf_driver_uart.o
 .debug_ranges  0x0000000000000230       0x30 ./zf_device/zf_device_dm1xa.o
 .debug_ranges  0x0000000000000260       0x70 ./zf_device/zf_device_gnss.o
 .debug_ranges  0x00000000000002d0       0xb0 ./zf_device/zf_device_tft180.o
 .debug_ranges  0x0000000000000380       0x28 ./zf_device/zf_device_type.o
 .debug_ranges  0x00000000000003a8       0x20 ./zf_common/zf_common_clock.o
 .debug_ranges  0x00000000000003c8       0x88 ./zf_common/zf_common_debug.o
 .debug_ranges  0x0000000000000450       0x58 ./zf_common/zf_common_fifo.o
 .debug_ranges  0x00000000000004a8       0x80 ./zf_common/zf_common_function.o
 .debug_ranges  0x0000000000000528       0x60 ./zf_common/zf_common_interrupt.o
 .debug_ranges  0x0000000000000588       0xe8 ./user_c/isr.o
 .debug_ranges  0x0000000000000670       0x10 ./user_c/main.o
 .debug_ranges  0x0000000000000680       0x28 ./sdk/Startup/startup_ch32v30x_D8C.o
 .debug_ranges  0x00000000000006a8      0x140 ./sdk/Peripheral/ch32v30x_adc.o
 .debug_ranges  0x00000000000007e8       0x48 ./sdk/Peripheral/ch32v30x_exti.o
 .debug_ranges  0x0000000000000830      0x108 ./sdk/Peripheral/ch32v30x_flash.o
 .debug_ranges  0x0000000000000938       0x98 ./sdk/Peripheral/ch32v30x_gpio.o
 .debug_ranges  0x00000000000009d0      0x198 ./sdk/Peripheral/ch32v30x_rcc.o
 .debug_ranges  0x0000000000000b68       0xc0 ./sdk/Peripheral/ch32v30x_spi.o
 .debug_ranges  0x0000000000000c28      0x2e0 ./sdk/Peripheral/ch32v30x_tim.o
 .debug_ranges  0x0000000000000f08       0xf0 ./sdk/Peripheral/ch32v30x_usart.o
 .debug_ranges  0x0000000000000ff8       0x40 ./sdk/Peripheral/ch32v30x_usbotg_device.o
 .debug_ranges  0x0000000000001038       0x18 ./code/LED.o
 .debug_ranges  0x0000000000001050       0x18 ./code/Menu.o

.debug_line     0x0000000000000000    0x17ce9
 .debug_line    0x0000000000000000      0x518 ./zf_driver/zf_driver_adc.o
 .debug_line    0x0000000000000518      0x3cb ./zf_driver/zf_driver_delay.o
 .debug_line    0x00000000000008e3      0x47c ./zf_driver/zf_driver_exti.o
 .debug_line    0x0000000000000d5f      0x78b ./zf_driver/zf_driver_flash.o
 .debug_line    0x00000000000014ea      0x5db ./zf_driver/zf_driver_gpio.o
 .debug_line    0x0000000000001ac5      0x4f0 ./zf_driver/zf_driver_pit.o
 .debug_line    0x0000000000001fb5      0xa16 ./zf_driver/zf_driver_pwm.o
 .debug_line    0x00000000000029cb     0x19e2 ./zf_driver/zf_driver_spi.o
 .debug_line    0x00000000000043ad      0x9ac ./zf_driver/zf_driver_timer.o
 .debug_line    0x0000000000004d59      0x970 ./zf_driver/zf_driver_uart.o
 .debug_line    0x00000000000056c9      0x62a ./zf_device/zf_device_dm1xa.o
 .debug_line    0x0000000000005cf3     0x1269 ./zf_device/zf_device_gnss.o
 .debug_line    0x0000000000006f5c     0x17af ./zf_device/zf_device_tft180.o
 .debug_line    0x000000000000870b      0x2f8 ./zf_device/zf_device_type.o
 .debug_line    0x0000000000008a03      0x501 ./zf_common/zf_common_clock.o
 .debug_line    0x0000000000008f04      0xcc9 ./zf_common/zf_common_debug.o
 .debug_line    0x0000000000009bcd      0xf71 ./zf_common/zf_common_fifo.o
 .debug_line    0x000000000000ab3e      0x1d6 ./zf_common/zf_common_font.o
 .debug_line    0x000000000000ad14     0x1513 ./zf_common/zf_common_function.o
 .debug_line    0x000000000000c227      0x4b7 ./zf_common/zf_common_interrupt.o
 .debug_line    0x000000000000c6de      0xba6 ./user_c/isr.o
 .debug_line    0x000000000000d284      0x833 ./user_c/main.o
 .debug_line    0x000000000000dab7      0x362 ./sdk/Startup/startup_ch32v30x_D8C.o
 .debug_line    0x000000000000de19     0x11b7 ./sdk/Peripheral/ch32v30x_adc.o
 .debug_line    0x000000000000efd0      0x4ec ./sdk/Peripheral/ch32v30x_exti.o
 .debug_line    0x000000000000f4bc     0x14ca ./sdk/Peripheral/ch32v30x_flash.o
 .debug_line    0x0000000000010986      0xa0d ./sdk/Peripheral/ch32v30x_gpio.o
 .debug_line    0x0000000000011393     0x121c ./sdk/Peripheral/ch32v30x_rcc.o
 .debug_line    0x00000000000125af      0xa03 ./sdk/Peripheral/ch32v30x_spi.o
 .debug_line    0x0000000000012fb2     0x21b8 ./sdk/Peripheral/ch32v30x_tim.o
 .debug_line    0x000000000001516a      0xc41 ./sdk/Peripheral/ch32v30x_usart.o
 .debug_line    0x0000000000015dab     0x1384 ./sdk/Peripheral/ch32v30x_usbotg_device.o
 .debug_line    0x000000000001712f      0x542 ./code/LED.o
 .debug_line    0x0000000000017671      0x678 ./code/Menu.o

.debug_str      0x0000000000000000     0x72b7
 .debug_str     0x0000000000000000      0x947 ./zf_driver/zf_driver_adc.o
                                        0x9f5 (size before relaxing)
 .debug_str     0x0000000000000947       0x72 ./zf_driver/zf_driver_delay.o
                                        0x5ed (size before relaxing)
 .debug_str     0x00000000000009b9      0x70a ./zf_driver/zf_driver_exti.o
                                        0xd4b (size before relaxing)
 .debug_str     0x00000000000010c3      0x1a8 ./zf_driver/zf_driver_flash.o