Archive member included to satisfy reference by file (symbol)

d:/mounriver_studio/mounriver_studio/toolchain/risc-v embedded gcc/bin/../lib/gcc/riscv-none-embed/8.2.0/../../../../riscv-none-embed/lib/rv32imafc/ilp32f\libm.a(lib_a-s_cos.o)
                              ./zf_device/zf_device_gnss.o (cos)
d:/mounriver_studio/mounriver_studio/toolchain/risc-v embedded gcc/bin/../lib/gcc/riscv-none-embed/8.2.0/../../../../riscv-none-embed/lib/rv32imafc/ilp32f\libm.a(lib_a-s_sin.o)
                              ./zf_device/zf_device_gnss.o (sin)
d:/mounriver_studio/mounriver_studio/toolchain/risc-v embedded gcc/bin/../lib/gcc/riscv-none-embed/8.2.0/../../../../riscv-none-embed/lib/rv32imafc/ilp32f\libm.a(lib_a-w_asin.o)
                              ./zf_device/zf_device_gnss.o (asin)
d:/mounriver_studio/mounriver_studio/toolchain/risc-v embedded gcc/bin/../lib/gcc/riscv-none-embed/8.2.0/../../../../riscv-none-embed/lib/rv32imafc/ilp32f\libm.a(lib_a-w_atan2.o)
                              ./zf_device/zf_device_gnss.o (atan2)
d:/mounriver_studio/mounriver_studio/toolchain/risc-v embedded gcc/bin/../lib/gcc/riscv-none-embed/8.2.0/../../../../riscv-none-embed/lib/rv32imafc/ilp32f\libm.a(lib_a-w_pow.o)
                              ./zf_device/zf_device_gnss.o (pow)
d:/mounriver_studio/mounriver_studio/toolchain/risc-v embedded gcc/bin/../lib/gcc/riscv-none-embed/8.2.0/../../../../riscv-none-embed/lib/rv32imafc/ilp32f\libm.a(lib_a-w_sqrt.o)
                              ./zf_device/zf_device_gnss.o (sqrt)
d:/mounriver_studio/mounriver_studio/toolchain/risc-v embedded gcc/bin/../lib/gcc/riscv-none-embed/8.2.0/../../../../riscv-none-embed/lib/rv32imafc/ilp32f\libm.a(lib_a-e_asin.o)
                              d:/mounriver_studio/mounriver_studio/toolchain/risc-v embedded gcc/bin/../lib/gcc/riscv-none-embed/8.2.0/../../../../riscv-none-embed/lib/rv32imafc/ilp32f\libm.a(lib_a-w_asin.o) (__ieee754_asin)
d:/mounriver_studio/mounriver_studio/toolchain/risc-v embedded gcc/bin/../lib/gcc/riscv-none-embed/8.2.0/../../../../riscv-none-embed/lib/rv32imafc/ilp32f\libm.a(lib_a-e_atan2.o)
                              d:/mounriver_studio/mounriver_studio/toolchain/risc-v embedded gcc/bin/../lib/gcc/riscv-none-embed/8.2.0/../../../../riscv-none-embed/lib/rv32imafc/ilp32f\libm.a(lib_a-w_atan2.o) (__ieee754_atan2)
d:/mounriver_studio/mounriver_studio/toolchain/risc-v embedded gcc/bin/../lib/gcc/riscv-none-embed/8.2.0/../../../../riscv-none-embed/lib/rv32imafc/ilp32f\libm.a(lib_a-e_pow.o)
                              d:/mounriver_studio/mounriver_studio/toolchain/risc-v embedded gcc/bin/../lib/gcc/riscv-none-embed/8.2.0/../../../../riscv-none-embed/lib/rv32imafc/ilp32f\libm.a(lib_a-w_pow.o) (__ieee754_pow)
d:/mounriver_studio/mounriver_studio/toolchain/risc-v embedded gcc/bin/../lib/gcc/riscv-none-embed/8.2.0/../../../../riscv-none-embed/lib/rv32imafc/ilp32f\libm.a(lib_a-e_rem_pio2.o)
                              d:/mounriver_studio/mounriver_studio/toolchain/risc-v embedded gcc/bin/../lib/gcc/riscv-none-embed/8.2.0/../../../../riscv-none-embed/lib/rv32imafc/ilp32f\libm.a(lib_a-s_cos.o) (__ieee754_rem_pio2)
d:/mounriver_studio/mounriver_studio/toolchain/risc-v embedded gcc/bin/../lib/gcc/riscv-none-embed/8.2.0/../../../../riscv-none-embed/lib/rv32imafc/ilp32f\libm.a(lib_a-e_sqrt.o)
                              d:/mounriver_studio/mounriver_studio/toolchain/risc-v embedded gcc/bin/../lib/gcc/riscv-none-embed/8.2.0/../../../../riscv-none-embed/lib/rv32imafc/ilp32f\libm.a(lib_a-w_sqrt.o) (__ieee754_sqrt)
d:/mounriver_studio/mounriver_studio/toolchain/risc-v embedded gcc/bin/../lib/gcc/riscv-none-embed/8.2.0/../../../../riscv-none-embed/lib/rv32imafc/ilp32f\libm.a(lib_a-k_cos.o)
                              d:/mounriver_studio/mounriver_studio/toolchain/risc-v embedded gcc/bin/../lib/gcc/riscv-none-embed/8.2.0/../../../../riscv-none-embed/lib/rv32imafc/ilp32f\libm.a(lib_a-s_cos.o) (__kernel_cos)
d:/mounriver_studio/mounriver_studio/toolchain/risc-v embedded gcc/bin/../lib/gcc/riscv-none-embed/8.2.0/../../../../riscv-none-embed/lib/rv32imafc/ilp32f\libm.a(lib_a-k_rem_pio2.o)
                              d:/mounriver_studio/mounriver_studio/toolchain/risc-v embedded gcc/bin/../lib/gcc/riscv-none-embed/8.2.0/../../../../riscv-none-embed/lib/rv32imafc/ilp32f\libm.a(lib_a-e_rem_pio2.o) (__kernel_rem_pio2)
d:/mounriver_studio/mounriver_studio/toolchain/risc-v embedded gcc/bin/../lib/gcc/riscv-none-embed/8.2.0/../../../../riscv-none-embed/lib/rv32imafc/ilp32f\libm.a(lib_a-k_sin.o)
                              d:/mounriver_studio/mounriver_studio/toolchain/risc-v embedded gcc/bin/../lib/gcc/riscv-none-embed/8.2.0/../../../../riscv-none-embed/lib/rv32imafc/ilp32f\libm.a(lib_a-s_cos.o) (__kernel_sin)
d:/mounriver_studio/mounriver_studio/toolchain/risc-v embedded gcc/bin/../lib/gcc/riscv-none-embed/8.2.0/../../../../riscv-none-embed/lib/rv32imafc/ilp32f\libm.a(lib_a-s_atan.o)
[...]
Memory Configuration

Name             Origin             Length             Attributes
RAM              0x0000000020000040 0x000000000000fc00 xrw
FLASH            0x0000000000000000 0x0000000000040000 xr
*default*        0x0000000000000000 0xffffffffffffffff

Linker script and memory map

LOAD ./zf_driver/zf_driver_adc.o
LOAD ./zf_driver/zf_driver_delay.o
LOAD ./zf_driver/zf_driver_dvp.o
LOAD ./zf_driver/zf_driver_encoder.o
LOAD ./zf_driver/zf_driver_exti.o
LOAD ./zf_driver/zf_driver_flash.o
LOAD ./zf_driver/zf_driver_gpio.o
LOAD ./zf_driver/zf_driver_iic.o
LOAD ./zf_driver/zf_driver_pit.o
LOAD ./zf_driver/zf_driver_pwm.o
LOAD ./zf_driver/zf_driver_soft_iic.o
LOAD ./zf_driver/zf_driver_soft_spi.o
LOAD ./zf_driver/zf_driver_spi.o
LOAD ./zf_driver/zf_driver_timer.o
LOAD ./zf_driver/zf_driver_uart.o
LOAD ./zf_driver/zf_driver_usb_cdc.o
LOAD ./zf_device/zf_device_absolute_encoder.o
LOAD ./zf_device/zf_device_aht20.o
LOAD ./zf_device/zf_device_ble6a20.o
LOAD ./zf_device/zf_device_bluetooth_ch9141.o
LOAD ./zf_device/zf_device_camera.o
LOAD ./zf_device/zf_device_dl1a.o
LOAD ./zf_device/zf_device_dl1b.o
LOAD ./zf_device/zf_device_dm1xa.o
LOAD ./zf_device/zf_device_gnss.o
LOAD ./zf_device/zf_device_icm20602.o
LOAD ./zf_device/zf_device_imu660ra.o
LOAD ./zf_device/zf_device_imu963ra.o
LOAD ./zf_device/zf_device_ips114.o
LOAD ./zf_device/zf_device_ips200.o
LOAD ./zf_device/zf_device_k24c02.o
LOAD ./zf_device/zf_device_key.o
LOAD ./zf_device/zf_device_mpu6050.o
LOAD ./zf_device/zf_device_mt9v03x_dvp.o
LOAD ./zf_device/zf_device_oled.o
LOAD ./zf_device/zf_device_scc8660_dvp.o
LOAD ./zf_device/zf_device_tft180.o
LOAD ./zf_device/zf_device_type.o
LOAD ./zf_device/zf_device_virtual_oscilloscope.o
LOAD ./zf_device/zf_device_w25q32.o
LOAD ./zf_device/zf_device_wifi_spi.o
LOAD ./zf_device/zf_device_wifi_uart.o
LOAD ./zf_device/zf_device_wireless_ch573.o
LOAD ./zf_device/zf_device_wireless_uart.o
LOAD ./zf_components/seekfree_assistant.o
LOAD ./zf_components/seekfree_assistant_interface.o
LOAD ./zf_common/zf_common_clock.o
LOAD ./zf_common/zf_common_debug.o
LOAD ./zf_common/zf_common_fifo.o
LOAD ./zf_common/zf_common_font.o
LOAD ./zf_common/zf_common_function.o
LOAD ./zf_common/zf_common_interrupt.o
LOAD ./user_c/isr.o
LOAD ./user_c/main.o
LOAD ./sdk/Startup/startup_ch32v30x_D8C.o
LOAD ./sdk/Peripheral/ch32v30x_adc.o
LOAD ./sdk/Peripheral/ch32v30x_bkp.o
LOAD ./sdk/Peripheral/ch32v30x_can.o
LOAD ./sdk/Peripheral/ch32v30x_crc.o
LOAD ./sdk/Peripheral/ch32v30x_dac.o
LOAD ./sdk/Peripheral/ch32v30x_dbgmcu.o
LOAD ./sdk/Peripheral/ch32v30x_dma.o
LOAD ./sdk/Peripheral/ch32v30x_dvp.o
LOAD ./sdk/Peripheral/ch32v30x_eth.o
LOAD ./sdk/Peripheral/ch32v30x_exti.o
LOAD ./sdk/Peripheral/ch32v30x_flash.o
LOAD ./sdk/Peripheral/ch32v30x_fsmc.o
LOAD ./sdk/Peripheral/ch32v30x_gpio.o
LOAD ./sdk/Peripheral/ch32v30x_i2c.o
LOAD ./sdk/Peripheral/ch32v30x_iwdg.o
LOAD ./sdk/Peripheral/ch32v30x_opa.o
LOAD ./sdk/Peripheral/ch32v30x_pwr.o
LOAD ./sdk/Peripheral/ch32v30x_rcc.o
LOAD ./sdk/Peripheral/ch32v30x_rng.o
LOAD ./sdk/Peripheral/ch32v30x_rtc.o
LOAD ./sdk/Peripheral/ch32v30x_sdio.o
LOAD ./sdk/Peripheral/ch32v30x_spi.o
LOAD ./sdk/Peripheral/ch32v30x_tim.o
LOAD ./sdk/Peripheral/ch32v30x_usart.o
LOAD ./sdk/Peripheral/ch32v30x_usbotg_device.o
LOAD ./sdk/Peripheral/ch32v30x_wwdg.o
LOAD ./sdk/Core/core_riscv.o
LOAD ./code/LED.o
LOAD ./code/Sound.o
LOAD d:/mounriver_studio/mounriver_studio/toolchain/risc-v embedded gcc/bin/../lib/gcc/riscv-none-embed/8.2.0/../../../../riscv-none-embed/lib/rv32imafc/ilp32f\libm.a
LOAD D:\git\libraries\zf_device\libzf_device_config.a
LOAD d:/mounriver_studio/mounriver_studio/toolchain/risc-v embedded gcc/bin/../lib/gcc/riscv-none-embed/8.2.0/../../../../riscv-none-embed/lib/rv32imafc/ilp32f\libprintfloat.a
LOAD d:/mounriver_studio/mounriver_studio/toolchain/risc-v embedded gcc/bin/../lib/gcc/riscv-none-embed/8.2.0/rv32imafc/ilp32f\libgcc.a
LOAD d:/mounriver_studio/mounriver_studio/toolchain/risc-v embedded gcc/bin/../lib/gcc/riscv-none-embed/8.2.0/../../../../riscv-none-embed/lib/rv32imafc/ilp32f\libg_nano.a
LOAD d:/mounriver_studio/mounriver_studio/toolchain/risc-v embedded gcc/bin/../lib/gcc/riscv-none-embed/8.2.0/../../../../riscv-none-embed/lib/rv32imafc/ilp32f\libc_nano.a
LOAD d:/mounriver_studio/mounriver_studio/toolchain/risc-v embedded gcc/bin/../lib/gcc/riscv-none-embed/8.2.0/rv32imafc/ilp32f\libgcc.a
START GROUP
LOAD d:/mounriver_studio/mounriver_studio/toolchain/risc-v embedded gcc/bin/../lib/gcc/riscv-none-embed/8.2.0/rv32imafc/ilp32f\libgcc.a
LOAD d:/mounriver_studio/mounriver_studio/toolchain/risc-v embedded gcc/bin/../lib/gcc/riscv-none-embed/8.2.0/../../../../riscv-none-embed/lib/rv32imafc/ilp32f\libc_nano.a
LOAD d:/mounriver_studio/mounriver_studio/toolchain/risc-v embedded gcc/bin/../lib/gcc/riscv-none-embed/8.2.0/../../../../riscv-none-embed/lib/rv32imafc/ilp32f\libnosys.a
END GROUP
START GROUP
LOAD d:/mounriver_studio/mounriver_studio/toolchain/risc-v embedded gcc/bin/../lib/gcc/riscv-none-embed/8.2.0/rv32imafc/ilp32f\libgcc.a
LOAD d:/mounriver_studio/mounriver_studio/toolchain/risc-v embedded gcc/bin/../lib/gcc/riscv-none-embed/8.2.0/../../../../riscv-none-embed/lib/rv32imafc/ilp32f\libc_nano.a
LOAD d:/mounriver_studio/mounriver_studio/toolchain/risc-v embedded gcc/bin/../lib/gcc/riscv-none-embed/8.2.0/../../../../riscv-none-embed/lib/rv32imafc/ilp32f\libnosys.a
END GROUP
                0x0000000000000800                __stack_size = 0x800
                [!provide]                        PROVIDE (_stack_size = __stack_size)

.init           0x0000000000000000       0x38
                0x0000000000000000                _sinit = .
                0x0000000000000000                . = ALIGN (0x4)
 *(SORT_NONE(.init))
 .init          0x0000000000000000       0x38 ./sdk/Startup/startup_ch32v30x_D8C.o
                0x0000000000000000                _start
                0x0000000000000038                . = ALIGN (0x4)
                0x0000000000000038                _einit = .

.vector         0x0000000000000038      0x1c8
 *(.vector)
 .vector        0x0000000000000038      0x1a0 ./sdk/Startup/startup_ch32v30x_D8C.o
                0x0000000000000200                . = ALIGN (0x40)
 *fill*         0x00000000000001d8       0x28 

.text           0x0000000000000200    0x10d80
                0x0000000000000200                . = ALIGN (0x4)
 *(.text)
 .text          0x0000000000000200       0xa8 d:/mounriver_studio/mounriver_studio/toolchain/risc-v embedded gcc/bin/../lib/gcc/riscv-none-embed/8.2.0/../../../../riscv-none-embed/lib/rv32imafc/ilp32f\libg_nano.a(lib_a-memset.o)
                0x0000000000000200                memset
 *(.text.*)
 .text.adc_convert
                0x00000000000002a8       0xbc ./zf_driver/zf_driver_adc.o
                0x00000000000002a8                adc_convert
 .text.adc_init
                0x0000000000000364      0x192 ./zf_driver/zf_driver_adc.o
                0x0000000000000364                adc_init
 .text.system_delay_ms
                0x00000000000004f6       0xa2 ./zf_driver/zf_driver_delay.o
                0x00000000000004f6                system_delay_ms
 .text.system_delay_us
                0x0000000000000598       0xa4 ./zf_driver/zf_driver_delay.o
                0x0000000000000598                system_delay_us
 .text.flash_check
                0x000000000000063c       0xc2 ./zf_driver/zf_driver_flash.o
                0x000000000000063c                flash_check
 .text.flash_erase_sector
                0x00000000000006fe       0xbc ./zf_driver/zf_driver_flash.o
                0x00000000000006fe                flash_erase_sector
 .text.flash_read_page_to_buffer
                0x00000000000007ba       0xac ./zf_driver/zf_driver_flash.o
                0x00000000000007ba                flash_read_page_to_buffer
 .text.flash_write_page_from_buffer
                0x0000000000000866      0x104 ./zf_driver/zf_driver_flash.o
                0x0000000000000866                flash_write_page_from_buffer
 .text.flash_buffer_clear
                0x000000000000096a       0x26 ./zf_driver/zf_driver_flash.o
                0x000000000000096a                flash_buffer_clear
 .text.gpio_set_level
                0x0000000000000990       0x78 ./zf_driver/zf_driver_gpio.o
                0x0000000000000990                gpio_set_level
 .text.gpio_get_level
                0x0000000000000a08       0x42 ./zf_driver/zf_driver_gpio.o
                0x0000000000000a08                gpio_get_level
 .text.gpio_toggle_level
                0x0000000000000a4a       0x6a ./zf_driver/zf_driver_gpio.o
                0x0000000000000a4a                gpio_toggle_level
 .text.gpio_init
                0x0000000000000ab4      0x15c ./zf_driver/zf_driver_gpio.o
                0x0000000000000ab4                gpio_init
 .text.pit_init
                0x0000000000000c10      0x218 ./zf_driver/zf_driver_pit.o
                0x0000000000000c10                pit_init
 .text.pwm_set_duty
                0x0000000000000e28      0x166 ./zf_driver/zf_driver_pwm.o
                0x0000000000000e28                pwm_set_duty
 .text.pwm_init
                0x0000000000000f8e      0x416 ./zf_driver/zf_driver_pwm.o
                0x0000000000000f8e                pwm_init
 .text.spi_write_8bit
                0x00000000000013a4       0x56 ./zf_driver/zf_driver_spi.o
                0x00000000000013a4                spi_write_8bit
 .text.spi_write_16bit
                0x00000000000013fa       0xa4 ./zf_driver/zf_driver_spi.o
                0x00000000000013fa                spi_write_16bit
 .text.spi_init
                0x000000000000149e      0x2d4 ./zf_driver/zf_driver_spi.o
                0x000000000000149e                spi_init
 .text.timer_funciton_check
                0x0000000000001772       0x66 ./zf_driver/zf_driver_timer.o
                0x0000000000001772                timer_funciton_check
 .text.timer_clock_enable
                0x00000000000017d8       0xe2 ./zf_driver/zf_driver_timer.o
                0x00000000000017d8                timer_clock_enable
 .text.timer_get
                0x00000000000018ba       0xfe ./zf_driver/zf_driver_timer.o
                0x00000000000018ba                timer_get
 .text.timer_clear
                0x00000000000019b8       0xc4 ./zf_driver/zf_driver_timer.o
                0x00000000000019b8                timer_clear
 .text.uart_write_byte
                0x0000000000001a7c       0x56 ./zf_driver/zf_driver_uart.o
                0x0000000000001a7c                uart_write_byte
 .text.uart_write_string
                0x0000000000001ad2       0x60 ./zf_driver/zf_driver_uart.o
                0x0000000000001ad2                uart_write_string
 .text.uart_rx_interrupt
                0x0000000000001b32       0x84 ./zf_driver/zf_driver_uart.o
                0x0000000000001b32                uart_rx_interrupt
 .text.uart_query_byte
                0x0000000000001bb6       0x5e ./zf_driver/zf_driver_uart.o
                0x0000000000001bb6                uart_query_byte
 .text.uart_init
                0x0000000000001c14      0x5aa ./zf_driver/zf_driver_uart.o
                0x0000000000001c14                uart_init
 .text.dm1xa_sound_callback
                0x00000000000021be       0xf2 ./zf_device/zf_device_dm1xa.o
                0x00000000000021be                dm1xa_sound_callback
 .text.dm1xa_light_callback
                0x00000000000022b0       0x32 ./zf_device/zf_device_dm1xa.o
                0x00000000000022b0                dm1xa_light_callback
 .text.gnss_uart_callback
                0x00000000000022e2      0x15c ./zf_device/zf_device_gnss.o
                0x00000000000022e2                gnss_uart_callback
 .text.tft180_write_index
                0x000000000000243e       0x44 ./zf_device/zf_device_tft180.o
 .text.tft180_set_region
                0x0000000000002482      0x1e8 ./zf_device/zf_device_tft180.o
 .text.tft180_debug_init
                0x000000000000266a       0x86 ./zf_device/zf_device_tft180.o
 .text.tft180_clear
                0x00000000000026f0       0x86 ./zf_device/zf_device_tft180.o
                0x00000000000026f0                tft180_clear
 .text.tft180_set_dir
                0x0000000000002776       0x50 ./zf_device/zf_device_tft180.o
                0x0000000000002776                tft180_set_dir
 .text.tft180_set_font
                0x00000000000027c6       0x1a ./zf_device/zf_device_tft180.o
                0x00000000000027c6                tft180_set_font
 .text.tft180_set_color
                0x00000000000027e0       0x2c ./zf_device/zf_device_tft180.o
                0x00000000000027e0                tft180_set_color
 .text.tft180_show_char
                0x000000000000280c      0x2a2 ./zf_device/zf_device_tft180.o
                0x000000000000280c                tft180_show_char
 .text.tft180_show_string
                0x0000000000002aae      0x110 ./zf_device/zf_device_tft180.o
                0x0000000000002aae                tft180_show_string
 .text.tft180_show_uint
                0x0000000000002bbe      0x140 ./zf_device/zf_device_tft180.o
                0x0000000000002bbe                tft180_show_uint
 .text.tft180_show_float
                0x0000000000002cfe      0x208 ./zf_device/zf_device_tft180.o
                0x0000000000002cfe                tft180_show_float
 .text.tft180_init
                0x0000000000002f06      0x41e ./zf_device/zf_device_tft180.o
                0x0000000000002f06                tft180_init
 .text.type_default_callback
                0x0000000000003324        0xe ./zf_device/zf_device_type.o
 .text.clock_reset
                0x0000000000003332       0x76 ./zf_common/zf_common_clock.o
                0x0000000000003332                clock_reset
 .text.clock_set_freq
                0x00000000000033a8      0x1de ./zf_common/zf_common_clock.o
                0x00000000000033a8                clock_set_freq
 .text.clock_init
                0x0000000000003586       0x2e ./zf_common/zf_common_clock.o
                0x0000000000003586                clock_init
 .text.__NOP    0x00000000000035b4       0x10 ./zf_common/zf_common_debug.o
 .text.debug_delay
                0x00000000000035c4       0x52 ./zf_common/zf_common_debug.o
 .text.debug_protective_handler
                0x0000000000003616        0xe ./zf_common/zf_common_debug.o
 .text.debug_uart_str_output
                0x0000000000003624       0x20 ./zf_common/zf_common_debug.o
 .text.debug_output
                0x0000000000003644      0x52c ./zf_common/zf_common_debug.o
 .text.debug_interrupr_handler
                0x0000000000003b70       0x34 ./zf_common/zf_common_debug.o
                0x0000000000003b70                debug_interrupr_handler
 .text._write   0x0000000000003ba4       0x7c ./zf_common/zf_common_debug.o
                0x0000000000003ba4                _write
 .text.debug_assert_handler
                0x0000000000003c20       0x68 ./zf_common/zf_common_debug.o
                0x0000000000003c20                debug_assert_handler
 .text.debug_output_struct_init
                0x0000000000003c88       0x5a ./zf_common/zf_common_debug.o
                0x0000000000003c88                debug_output_struct_init
 .text.debug_output_init
                0x0000000000003ce2       0x88 ./zf_common/zf_common_debug.o
                0x0000000000003ce2                debug_output_init
 .text.debug_init
                0x0000000000003d6a       0x64 ./zf_common/zf_common_debug.o
                0x0000000000003d6a                debug_init
 .text.fifo_head_offset
                0x0000000000003dce      0x184 ./zf_common/zf_common_fifo.o
 .text.fifo_end_offset
                0x0000000000003f52      0x184 ./zf_common/zf_common_fifo.o
 .text.fifo_clear
                0x00000000000040d6      0x24a ./zf_common/zf_common_fifo.o
                0x00000000000040d6                fifo_clear
 .text.fifo_used
                0x0000000000004320       0x7a ./zf_common/zf_common_fifo.o
                0x0000000000004320                fifo_used
 .text.fifo_write_buffer
                0x000000000000439a      0x5ea ./zf_common/zf_common_fifo.o
                0x000000000000439a                fifo_write_buffer
 .text.fifo_read_buffer
                0x0000000000004984      0x5a4 ./zf_common/zf_common_fifo.o
                0x0000000000004984                fifo_read_buffer
 .text.fifo_init
                0x0000000000004f28      0x248 ./zf_common/zf_common_fifo.o
                0x0000000000004f28                fifo_init
 .text.func_uint_to_str
                0x0000000000005170       0xd8 ./zf_common/zf_common_function.o
                0x0000000000005170                func_uint_to_str
 .text.func_double_to_str
                0x0000000000005248      0x2a2 ./zf_common/zf_common_function.o
                0x0000000000005248                func_double_to_str
 .text.__enable_irq
                0x00000000000054ea       0x18 ./zf_common/zf_common_interrupt.o
 .text.__disable_irq
                0x0000000000005502       0x14 ./zf_common/zf_common_interrupt.o
 .text.NVIC_EnableIRQ
                0x0000000000005516       0x32 ./zf_common/zf_common_interrupt.o
 .text.NVIC_DisableIRQ
                0x0000000000005548       0x32 ./zf_common/zf_common_interrupt.o
 .text.NVIC_SetPriority
                0x000000000000557a       0x2a ./zf_common/zf_common_interrupt.o
 .text.interrupt_enable
                0x00000000000055a4       0x1e ./zf_common/zf_common_interrupt.o
                0x00000000000055a4                interrupt_enable
 .text.interrupt_disable
                0x00000000000055c2       0x1e ./zf_common/zf_common_interrupt.o
                0x00000000000055c2                interrupt_disable
 .text.interrupt_set_priority
                0x00000000000055e0       0x2a ./zf_common/zf_common_interrupt.o
                0x00000000000055e0                interrupt_set_priority
 .text.interrupt_global_enable
                0x000000000000560a       0x32 ./zf_common/zf_common_interrupt.o
                0x000000000000560a                interrupt_global_enable
 .text.interrupt_global_disable
                0x000000000000563c       0x2c ./zf_common/zf_common_interrupt.o
                0x000000000000563c                interrupt_global_disable
 .text.interrupt_init
                0x0000000000005668       0x18 ./zf_common/zf_common_interrupt.o
                0x0000000000005668                interrupt_init
 .text.USART1_IRQHandler
                0x0000000000005680       0xc4 ./user_c/isr.o
                0x0000000000005680                USART1_IRQHandler
 .text.USART2_IRQHandler
                0x0000000000005744       0xc4 ./user_c/isr.o
                0x0000000000005744                USART2_IRQHandler
 .text.USART3_IRQHandler
                0x0000000000005808       0xc8 ./user_c/isr.o
                0x0000000000005808                USART3_IRQHandler
 .text.UART4_IRQHandler
                0x00000000000058d0       0xc4 ./user_c/isr.o
                0x00000000000058d0                UART4_IRQHandler
 .text.UART5_IRQHandler
                0x0000000000005994       0xc2 ./user_c/isr.o
                0x0000000000005994                UART5_IRQHandler
 .text.UART6_IRQHandler
                0x0000000000005a56       0xc4 ./user_c/isr.o
                0x0000000000005a56                UART6_IRQHandler
 .text.UART7_IRQHandler
                0x0000000000005b1a       0xca ./user_c/isr.o
                0x0000000000005b1a                UART7_IRQHandler
 .text.UART8_IRQHandler
                0x0000000000005be4       0xc0 ./user_c/isr.o
                0x0000000000005be4                UART8_IRQHandler
 .text.DVP_IRQHandler
                0x0000000000005ca4       0xd0 ./user_c/isr.o
                0x0000000000005ca4                DVP_IRQHandler
 .text.EXTI0_IRQHandler
                0x0000000000005d74       0xb4 ./user_c/isr.o
                0x0000000000005d74                EXTI0_IRQHandler
 .text.EXTI1_IRQHandler
                0x0000000000005e28       0xb4 ./user_c/isr.o
                0x0000000000005e28                EXTI1_IRQHandler
 .text.EXTI2_IRQHandler
                0x0000000000005edc       0xb4 ./user_c/isr.o
                0x0000000000005edc                EXTI2_IRQHandler
 .text.EXTI3_IRQHandler
                0x0000000000005f90       0xb4 ./user_c/isr.o
                0x0000000000005f90                EXTI3_IRQHandler
 .text.EXTI4_IRQHandler
                0x0000000000006044       0xb4 ./user_c/isr.o
                0x0000000000006044                EXTI4_IRQHandler
 .text.EXTI9_5_IRQHandler
                0x00000000000060f8      0x118 ./user_c/isr.o
                0x00000000000060f8                EXTI9_5_IRQHandler
 .text.EXTI15_10_IRQHandler
                0x0000000000006210      0x132 ./user_c/isr.o
                0x0000000000006210                EXTI15_10_IRQHandler
 .text.TIM1_UP_IRQHandler
                0x0000000000006342       0xc0 ./user_c/isr.o
                0x0000000000006342                TIM1_UP_IRQHandler
 .text.TIM2_IRQHandler
                0x0000000000006402       0xbe ./user_c/isr.o
                0x0000000000006402                TIM2_IRQHandler
 .text.TIM3_IRQHandler
                0x00000000000064c0       0xc0 ./user_c/isr.o
                0x00000000000064c0                TIM3_IRQHandler
 .text.TIM4_IRQHandler
                0x0000000000006580       0xc0 ./user_c/isr.o
                0x0000000000006580                TIM4_IRQHandler
 .text.TIM5_IRQHandler
                0x0000000000006640       0xc0 ./user_c/isr.o
                0x0000000000006640                TIM5_IRQHandler
 .text.TIM6_IRQHandler
                0x0000000000006700       0xb8 ./user_c/isr.o
                0x0000000000006700                TIM6_IRQHandler
 .text.TIM7_IRQHandler
                0x00000000000067b8       0xc0 ./user_c/isr.o
                0x00000000000067b8                TIM7_IRQHandler
 .text.TIM8_UP_IRQHandler
                0x0000000000006878       0xc0 ./user_c/isr.o
                0x0000000000006878                TIM8_UP_IRQHandler
 .text.TIM9_UP_IRQHandler
                0x0000000000006938       0xc0 ./user_c/isr.o
                0x0000000000006938                TIM9_UP_IRQHandler
 .text.TIM10_UP_IRQHandler
                0x00000000000069f8       0xb8 ./user_c/isr.o
                0x00000000000069f8                TIM10_UP_IRQHandler
 .text.NMI_Handler
                0x0000000000006ab0       0x10 ./user_c/isr.o
                0x0000000000006ab0                NMI_Handler
 .text.HardFault_Handler
                0x0000000000006ac0        0x8 ./user_c/isr.o
                0x0000000000006ac0                HardFault_Handler
 .text.main     0x0000000000006ac8      0x112 ./user_c/main.o
                0x0000000000006ac8                main
 .text.vector_handler
                0x0000000000006bda       0xbe ./sdk/Startup/startup_ch32v30x_D8C.o
                0x0000000000006bde                Ecall_M_Mode_Handler
                0x0000000000006be0                Ecall_U_Mode_Handler
                0x0000000000006be2                Break_Point_Handler
                0x0000000000006be4                SysTick_Handler
                0x0000000000006be6                SW_Handler
                0x0000000000006be8                WWDG_IRQHandler
                0x0000000000006bea                PVD_IRQHandler
                0x0000000000006bec                TAMPER_IRQHandler
                0x0000000000006bee                RTC_IRQHandler
                0x0000000000006bf0                FLASH_IRQHandler
                0x0000000000006bf2                RCC_IRQHandler
                0x0000000000006bfe                DMA1_Channel1_IRQHandler
                0x0000000000006c00                DMA1_Channel2_IRQHandler
                0x0000000000006c02                DMA1_Channel3_IRQHandler
                0x0000000000006c04                DMA1_Channel4_IRQHandler
                0x0000000000006c06                DMA1_Channel5_IRQHandler
                0x0000000000006c08                DMA1_Channel6_IRQHandler
                0x0000000000006c0a                DMA1_Channel7_IRQHandler
                0x0000000000006c0c                ADC1_2_IRQHandler
                0x0000000000006c0e                USB_HP_CAN1_TX_IRQHandler
                0x0000000000006c10                USB_LP_CAN1_RX0_IRQHandler
                0x0000000000006c12                CAN1_RX1_IRQHandler
                0x0000000000006c14                CAN1_SCE_IRQHandler
                0x0000000000006c18                TIM1_BRK_IRQHandler
                0x0000000000006c1c                TIM1_TRG_COM_IRQHandler
                0x0000000000006c1e                TIM1_CC_IRQHandler
                0x0000000000006c26                I2C1_EV_IRQHandler
                0x0000000000006c28                I2C1_ER_IRQHandler
                0x0000000000006c2a                I2C2_EV_IRQHandler
                0x0000000000006c2c                I2C2_ER_IRQHandler
                0x0000000000006c2e                SPI1_IRQHandler
                0x0000000000006c30                SPI2_IRQHandler
                0x0000000000006c3a                RTCAlarm_IRQHandler
                0x0000000000006c3c                USBWakeUp_IRQHandler
                0x0000000000006c3e                TIM8_BRK_IRQHandler
                0x0000000000006c42                TIM8_TRG_COM_IRQHandler
                0x0000000000006c44                TIM8_CC_IRQHandler
                0x0000000000006c46                RNG_IRQHandler
                0x0000000000006c48                FSMC_IRQHandler
                0x0000000000006c4a                SDIO_IRQHandler
                0x0000000000006c4e                SPI3_IRQHandler
                0x0000000000006c58                DMA2_Channel1_IRQHandler
                0x0000000000006c5a                DMA2_Channel2_IRQHandler
                0x0000000000006c5c                DMA2_Channel3_IRQHandler
                0x0000000000006c5e                DMA2_Channel4_IRQHandler
                0x0000000000006c60                DMA2_Channel5_IRQHandler
                0x0000000000006c62                ETH_IRQHandler
                0x0000000000006c64                ETH_WKUP_IRQHandler
                0x0000000000006c66                CAN2_TX_IRQHandler
                0x0000000000006c68                CAN2_RX0_IRQHandler
                0x0000000000006c6a                CAN2_RX1_IRQHandler
                0x0000000000006c6c                CAN2_SCE_IRQHandler
                0x0000000000006c70                USBHSWakeup_IRQHandler
                0x0000000000006c72                USBHS_IRQHandler
                0x0000000000006c7c                TIM9_BRK_IRQHandler
                0x0000000000006c80                TIM9_TRG_COM_IRQHandler
                0x0000000000006c82                TIM9_CC_IRQHandler
                0x0000000000006c84                TIM10_BRK_IRQHandler
                0x0000000000006c88                TIM10_TRG_COM_IRQHandler
                0x0000000000006c8a                TIM10_CC_IRQHandler
                0x0000000000006c8c                DMA2_Channel6_IRQHandler
                0x0000000000006c8e                DMA2_Channel7_IRQHandler
                0x0000000000006c90                DMA2_Channel8_IRQHandler
                0x0000000000006c92                DMA2_Channel9_IRQHandler
                0x0000000000006c94                DMA2_Channel10_IRQHandler
                0x0000000000006c96                DMA2_Channel11_IRQHandler
 .text.handle_reset
                0x0000000000006c98       0x86 ./sdk/Startup/startup_ch32v30x_D8C.o
                0x0000000000006c98                handle_reset
 .text.ADC_DeInit
                0x0000000000006d1e       0x60 ./sdk/Peripheral/ch32v30x_adc.o
                0x0000000000006d1e                ADC_DeInit
 .text.ADC_Init
                0x0000000000006d7e      0x102 ./sdk/Peripheral/ch32v30x_adc.o
                0x0000000000006d7e                ADC_Init
 .text.ADC_Cmd  0x0000000000006e80       0x3e ./sdk/Peripheral/ch32v30x_adc.o
                0x0000000000006e80                ADC_Cmd
 .text.ADC_ResetCalibration
                0x0000000000006ebe       0x22 ./sdk/Peripheral/ch32v30x_adc.o
                0x0000000000006ebe                ADC_ResetCalibration
 .text.ADC_GetResetCalibrationStatus
                0x0000000000006ee0       0x30 ./sdk/Peripheral/ch32v30x_adc.o
                0x0000000000006ee0                ADC_GetResetCalibrationStatus
 .text.ADC_StartCalibration
                0x0000000000006f10       0x22 ./sdk/Peripheral/ch32v30x_adc.o
                0x0000000000006f10                ADC_StartCalibration
 .text.ADC_GetCalibrationStatus
                0x0000000000006f32       0x30 ./sdk/Peripheral/ch32v30x_adc.o
                0x0000000000006f32                ADC_GetCalibrationStatus
 .text.ADC_SoftwareStartConvCmd
                0x0000000000006f62       0x44 ./sdk/Peripheral/ch32v30x_adc.o
                0x0000000000006f62                ADC_SoftwareStartConvCmd
 .text.ADC_RegularChannelConfig
                0x0000000000006fa6      0x248 ./sdk/Peripheral/ch32v30x_adc.o
                0x0000000000006fa6                ADC_RegularChannelConfig
 .text.ADC_GetFlagStatus
                0x00000000000071ee       0x3a ./sdk/Peripheral/ch32v30x_adc.o
                0x00000000000071ee                ADC_GetFlagStatus
 .text.ADC_BufferCmd
                0x0000000000007228       0x44 ./sdk/Peripheral/ch32v30x_adc.o
                0x0000000000007228                ADC_BufferCmd
 .text.EXTI_GetITStatus
                0x000000000000726c       0x56 ./sdk/Peripheral/ch32v30x_exti.o
                0x000000000000726c                EXTI_GetITStatus
 .text.EXTI_ClearITPendingBit
                0x00000000000072c2       0x20 ./sdk/Peripheral/ch32v30x_exti.o
                0x00000000000072c2                EXTI_ClearITPendingBit
 .text.FLASH_Unlock
                0x00000000000072e2       0x2a ./sdk/Peripheral/ch32v30x_flash.o
                0x00000000000072e2                FLASH_Unlock
 .text.FLASH_Lock
                0x000000000000730c       0x1e ./sdk/Peripheral/ch32v30x_flash.o
                0x000000000000730c                FLASH_Lock
 .text.FLASH_ErasePage
                0x000000000000732a       0x76 ./sdk/Peripheral/ch32v30x_flash.o
                0x000000000000732a                FLASH_ErasePage
 .text.FLASH_ProgramWord
                0x00000000000073a0       0xae ./sdk/Peripheral/ch32v30x_flash.o
                0x00000000000073a0                FLASH_ProgramWord
 .text.FLASH_ClearFlag
                0x000000000000744e       0x1c ./sdk/Peripheral/ch32v30x_flash.o
                0x000000000000744e                FLASH_ClearFlag
 .text.FLASH_GetBank1Status
                0x000000000000746a       0x5a ./sdk/Peripheral/ch32v30x_flash.o
                0x000000000000746a                FLASH_GetBank1Status
 .text.FLASH_WaitForLastOperation
                0x00000000000074c4       0x58 ./sdk/Peripheral/ch32v30x_flash.o
                0x00000000000074c4                FLASH_WaitForLastOperation
 .text.GPIO_Init
                0x000000000000751c      0x22a ./sdk/Peripheral/ch32v30x_gpio.o
                0x000000000000751c                GPIO_Init
 .text.GPIO_WriteBit
                0x0000000000007746       0x38 ./sdk/Peripheral/ch32v30x_gpio.o
                0x0000000000007746                GPIO_WriteBit
 .text.GPIO_PinRemapConfig
                0x000000000000777e      0x1c8 ./sdk/Peripheral/ch32v30x_gpio.o
                0x000000000000777e                GPIO_PinRemapConfig
 .text.RCC_ADCCLKConfig
                0x0000000000007946       0x46 ./sdk/Peripheral/ch32v30x_rcc.o
                0x0000000000007946                RCC_ADCCLKConfig
 .text.RCC_GetClocksFreq
                0x000000000000798c      0x2c6 ./sdk/Peripheral/ch32v30x_rcc.o
                0x000000000000798c                RCC_GetClocksFreq
 .text.RCC_APB2PeriphClockCmd
                0x0000000000007c52       0x46 ./sdk/Peripheral/ch32v30x_rcc.o
                0x0000000000007c52                RCC_APB2PeriphClockCmd
 .text.RCC_APB1PeriphClockCmd
                0x0000000000007c98       0x46 ./sdk/Peripheral/ch32v30x_rcc.o
                0x0000000000007c98                RCC_APB1PeriphClockCmd
 .text.RCC_APB2PeriphResetCmd
                0x0000000000007cde       0x46 ./sdk/Peripheral/ch32v30x_rcc.o
                0x0000000000007cde                RCC_APB2PeriphResetCmd
 .text.RCC_APB1PeriphResetCmd
                0x0000000000007d24       0x46 ./sdk/Peripheral/ch32v30x_rcc.o
                0x0000000000007d24                RCC_APB1PeriphResetCmd
 .text.SPI_I2S_DeInit
                0x0000000000007d6a       0x76 ./sdk/Peripheral/ch32v30x_spi.o
                0x0000000000007d6a                SPI_I2S_DeInit
 .text.SPI_Init
                0x0000000000007de0       0xf8 ./sdk/Peripheral/ch32v30x_spi.o
                0x0000000000007de0                SPI_Init
 .text.SPI_Cmd  0x0000000000007ed8       0x5a ./sdk/Peripheral/ch32v30x_spi.o
                0x0000000000007ed8                SPI_Cmd
 .text.TIM_TimeBaseInit
                0x0000000000007f32      0x17e ./sdk/Peripheral/ch32v30x_tim.o
                0x0000000000007f32                TIM_TimeBaseInit
 .text.TIM_OC1Init
                0x00000000000080b0      0x19c ./sdk/Peripheral/ch32v30x_tim.o
                0x00000000000080b0                TIM_OC1Init
 .text.TIM_OC2Init
                0x000000000000824c      0x1e2 ./sdk/Peripheral/ch32v30x_tim.o
                0x000000000000824c                TIM_OC2Init
 .text.TIM_OC3Init
                0x000000000000842e      0x1dc ./sdk/Peripheral/ch32v30x_tim.o
                0x000000000000842e                TIM_OC3Init
 .text.TIM_OC4Init
                0x000000000000860a      0x176 ./sdk/Peripheral/ch32v30x_tim.o
                0x000000000000860a                TIM_OC4Init
 .text.TIM_Cmd  0x0000000000008780       0x58 ./sdk/Peripheral/ch32v30x_tim.o
                0x0000000000008780                TIM_Cmd
 .text.TIM_CtrlPWMOutputs
                0x00000000000087d8       0x60 ./sdk/Peripheral/ch32v30x_tim.o
                0x00000000000087d8                TIM_CtrlPWMOutputs
 .text.TIM_ITConfig
                0x0000000000008838       0x70 ./sdk/Peripheral/ch32v30x_tim.o
                0x0000000000008838                TIM_ITConfig
 .text.TIM_OC1PreloadConfig
                0x00000000000088a8       0x4c ./sdk/Peripheral/ch32v30x_tim.o
                0x00000000000088a8                TIM_OC1PreloadConfig
 .text.TIM_OC2PreloadConfig
                0x00000000000088f4       0x5a ./sdk/Peripheral/ch32v30x_tim.o
                0x00000000000088f4                TIM_OC2PreloadConfig
 .text.TIM_OC3PreloadConfig
                0x000000000000894e       0x4c ./sdk/Peripheral/ch32v30x_tim.o
                0x000000000000894e                TIM_OC3PreloadConfig
 .text.TIM_OC4PreloadConfig
                0x000000000000899a       0x5a ./sdk/Peripheral/ch32v30x_tim.o
                0x000000000000899a                TIM_OC4PreloadConfig
 .text.TIM_OC1FastConfig
                0x00000000000089f4       0x4c ./sdk/Peripheral/ch32v30x_tim.o
                0x00000000000089f4                TIM_OC1FastConfig
 .text.TIM_OC2FastConfig
                0x0000000000008a40       0x56 ./sdk/Peripheral/ch32v30x_tim.o
                0x0000000000008a40                TIM_OC2FastConfig
 .text.TIM_OC3FastConfig
                0x0000000000008a96       0x4c ./sdk/Peripheral/ch32v30x_tim.o
                0x0000000000008a96                TIM_OC3FastConfig
 .text.TIM_OC4FastConfig
                0x0000000000008ae2       0x56 ./sdk/Peripheral/ch32v30x_tim.o
                0x0000000000008ae2                TIM_OC4FastConfig
 .text.TIM_GetITStatus
                0x0000000000008b38       0x70 ./sdk/Peripheral/ch32v30x_tim.o
                0x0000000000008b38                TIM_GetITStatus
 .text.TIM_ClearITPendingBit
                0x0000000000008ba8       0x2e ./sdk/Peripheral/ch32v30x_tim.o
                0x0000000000008ba8                TIM_ClearITPendingBit
 .text.USART_Init
                0x0000000000008bd6      0x234 ./sdk/Peripheral/ch32v30x_usart.o
                0x0000000000008bd6                USART_Init
 .text.USART_Cmd
                0x0000000000008e0a       0x60 ./sdk/Peripheral/ch32v30x_usart.o
                0x0000000000008e0a                USART_Cmd
 .text.USART_ITConfig
                0x0000000000008e6a       0xc4 ./sdk/Peripheral/ch32v30x_usart.o
                0x0000000000008e6a                USART_ITConfig
 .text.USART_SendData
                0x0000000000008f2e       0x2e ./sdk/Peripheral/ch32v30x_usart.o
                0x0000000000008f2e                USART_SendData
 .text.USART_GetFlagStatus
                0x0000000000008f5c       0x46 ./sdk/Peripheral/ch32v30x_usart.o
                0x0000000000008f5c                USART_GetFlagStatus
 .text.USART_GetITStatus
                0x0000000000008fa2      0x102 ./sdk/Peripheral/ch32v30x_usart.o
                0x0000000000008fa2                USART_GetITStatus
 .text.USART_ClearITPendingBit
                0x00000000000090a4       0x4e ./sdk/Peripheral/ch32v30x_usart.o
                0x00000000000090a4                USART_ClearITPendingBit
 .text.DevEP1_IN_Deal
                0x00000000000090f2       0x3e ./sdk/Peripheral/ch32v30x_usbotg_device.o
                0x00000000000090f2                DevEP1_IN_Deal
 .text.DevEP2_IN_Deal
                0x0000000000009130       0x3e ./sdk/Peripheral/ch32v30x_usbotg_device.o
                0x0000000000009130                DevEP2_IN_Deal
 .text.DevEP1_OUT_Deal
                0x000000000000916e       0x66 ./sdk/Peripheral/ch32v30x_usbotg_device.o
                0x000000000000916e                DevEP1_OUT_Deal
 .text.DevEP2_OUT_Deal
                0x00000000000091d4       0x66 ./sdk/Peripheral/ch32v30x_usbotg_device.o
                0x00000000000091d4                DevEP2_OUT_Deal
 .text.OTG_FS_IRQHandler
                0x000000000000923a      0xd16 ./sdk/Peripheral/ch32v30x_usbotg_device.o
                0x000000000000923a                OTG_FS_IRQHandler
 .text.LED_Init
                0x0000000000009f50       0x2a ./code/LED.o
                0x0000000000009f50                LED_Init
 .text.LED_blink
                0x0000000000009f7a       0x32 ./code/LED.o
                0x0000000000009f7a                LED_blink
 .text.sound    0x0000000000009fac       0x52 ./code/Sound.o
                0x0000000000009fac                sound
 .text.printchar
                0x0000000000009ffe       0x4c d:/mounriver_studio/mounriver_studio/toolchain/risc-v embedded gcc/bin/../lib/gcc/riscv-none-embed/8.2.0/../../../../riscv-none-embed/lib/rv32imafc/ilp32f\libprintfloat.a(printfloat.o)
                0x0000000000009ffe                printchar
 .text.prints   0x000000000000a04a       0xe0 d:/mounriver_studio/mounriver_studio/toolchain/risc-v embedded gcc/bin/../lib/gcc/riscv-none-embed/8.2.0/../../../../riscv-none-embed/lib/rv32imafc/ilp32f\libprintfloat.a(printfloat.o)
                0x000000000000a04a                prints
 .text.printInt
                0x000000000000a12a       0xf4 d:/mounriver_studio/mounriver_studio/toolchain/risc-v embedded gcc/bin/../lib/gcc/riscv-none-embed/8.2.0/../../../../riscv-none-embed/lib/rv32imafc/ilp32f\libprintfloat.a(printfloat.o)
                0x000000000000a12a                printInt
 .text.printLongLongInt
                0x000000000000a21e      0x124 d:/mounriver_studio/mounriver_studio/toolchain/risc-v embedded gcc/bin/../lib/gcc/riscv-none-embed/8.2.0/../../../../riscv-none-embed/lib/rv32imafc/ilp32f\libprintfloat.a(printfloat.o)
                0x000000000000a21e                printLongLongInt
 .text.printDouble
                0x000000000000a342      0x100 d:/mounriver_studio/mounriver_studio/toolchain/risc-v embedded gcc/bin/../lib/gcc/riscv-none-embed/8.2.0/../../../../riscv-none-embed/lib/rv32imafc/ilp32f\libprintfloat.a(printfloat.o)
                0x000000000000a342                printDouble
 .text.print    0x000000000000a442      0x358 d:/mounriver_studio/mounriver_studio/toolchain/risc-v embedded gcc/bin/../lib/gcc/riscv-none-embed/8.2.0/../../../../riscv-none-embed/lib/rv32imafc/ilp32f\libprintfloat.a(printfloat.o)
                0x000000000000a442                print
 .text.printf   0x000000000000a79a       0x24 d:/mounriver_studio/mounriver_studio/toolchain/risc-v embedded gcc/bin/../lib/gcc/riscv-none-embed/8.2.0/../../../../riscv-none-embed/lib/rv32imafc/ilp32f\libprintfloat.a(printfloat.o)
                0x000000000000a79a                printf
 .text.sprintf  0x000000000000a7be       0x28 d:/mounriver_studio/mounriver_studio/toolchain/risc-v embedded gcc/bin/../lib/gcc/riscv-none-embed/8.2.0/../../../../riscv-none-embed/lib/rv32imafc/ilp32f\libprintfloat.a(printfloat.o)
                0x000000000000a7be                sprintf
 .text.__udivdi3
                0x000000000000a7e6      0x398 d:/mounriver_studio/mounriver_studio/toolchain/risc-v embedded gcc/bin/../lib/gcc/riscv-none-embed/8.2.0/rv32imafc/ilp32f\libgcc.a(_udivdi3.o)
                0x000000000000a7e6                __udivdi3
 .text.__umoddi3
                0x000000000000ab7e      0x38e d:/mounriver_studio/mounriver_studio/toolchain/risc-v embedded gcc/bin/../lib/gcc/riscv-none-embed/8.2.0/rv32imafc/ilp32f\libgcc.a(_umoddi3.o)
                0x000000000000ab7e                __umoddi3
 .text.__adddf3
                0x000000000000af0c      0xa0e d:/mounriver_studio/mounriver_studio/toolchain/risc-v embedded gcc/bin/../lib/gcc/riscv-none-embed/8.2.0/rv32imafc/ilp32f\libgcc.a(adddf3.o)
                0x000000000000af0c                __adddf3
 .text.__divdf3
                0x000000000000b91a      0x7ea d:/mounriver_studio/mounriver_studio/toolchain/risc-v embedded gcc/bin/../lib/gcc/riscv-none-embed/8.2.0/rv32imafc/ilp32f\libgcc.a(divdf3.o)
                0x000000000000b91a                __divdf3
 .text.__eqdf2  0x000000000000c104       0x98 d:/mounriver_studio/mounriver_studio/toolchain/risc-v embedded gcc/bin/../lib/gcc/riscv-none-embed/8.2.0/rv32imafc/ilp32f\libgcc.a(eqdf2.o)
                0x000000000000c104                __nedf2
                0x000000000000c104                __eqdf2
 .text.__gedf2  0x000000000000c19c       0xb6 d:/mounriver_studio/mounriver_studio/toolchain/risc-v embedded gcc/bin/../lib/gcc/riscv-none-embed/8.2.0/rv32imafc/ilp32f\libgcc.a(gedf2.o)
                0x000000000000c19c                __gedf2
                0x000000000000c19c                __gtdf2
 .text.__ledf2  0x000000000000c252       0xb6 d:/mounriver_studio/mounriver_studio/toolchain/risc-v embedded gcc/bin/../lib/gcc/riscv-none-embed/8.2.0/rv32imafc/ilp32f\libgcc.a(ledf2.o)
                0x000000000000c252                __ledf2
                0x000000000000c252                __ltdf2
 .text.__muldf3
                0x000000000000c308      0x656 d:/mounriver_studio/mounriver_studio/toolchain/risc-v embedded gcc/bin/../lib/gcc/riscv-none-embed/8.2.0/rv32imafc/ilp32f\libgcc.a(muldf3.o)
                0x000000000000c308                __muldf3
 .text.__subdf3
                0x000000000000c95e      0xa8c d:/mounriver_studio/mounriver_studio/toolchain/risc-v embedded gcc/bin/../lib/gcc/riscv-none-embed/8.2.0/rv32imafc/ilp32f\libgcc.a(subdf3.o)
                0x000000000000c95e                __subdf3
 .text.__unorddf2
                0x000000000000d3ea       0x7c d:/mounriver_studio/mounriver_studio/toolchain/risc-v embedded gcc/bin/../lib/gcc/riscv-none-embed/8.2.0/rv32imafc/ilp32f\libgcc.a(unorddf2.o)
                0x000000000000d3ea                __unorddf2
 .text.__fixdfsi
                0x000000000000d466       0xd8 d:/mounriver_studio/mounriver_studio/toolchain/risc-v embedded gcc/bin/../lib/gcc/riscv-none-embed/8.2.0/rv32imafc/ilp32f\libgcc.a(fixdfsi.o)
                0x000000000000d466                __fixdfsi
 .text.__fixunsdfsi
                0x000000000000d53e       0x9e d:/mounriver_studio/mounriver_studio/toolchain/risc-v embedded gcc/bin/../lib/gcc/riscv-none-embed/8.2.0/rv32imafc/ilp32f\libgcc.a(fixunsdfsi.o)
                0x000000000000d53e                __fixunsdfsi
 .text.__floatsidf
                0x000000000000d5dc       0x70 d:/mounriver_studio/mounriver_studio/toolchain/risc-v embedded gcc/bin/../lib/gcc/riscv-none-embed/8.2.0/rv32imafc/ilp32f\libgcc.a(floatsidf.o)
                0x000000000000d5dc                __floatsidf
 .text.__floatunsidf
                0x000000000000d64c       0x66 d:/mounriver_studio/mounriver_studio/toolchain/risc-v embedded gcc/bin/../lib/gcc/riscv-none-embed/8.2.0/rv32imafc/ilp32f\libgcc.a(floatunsidf.o)
                0x000000000000d64c                __floatunsidf
 .text.__fixdfdi
                0x000000000000d6b2      0x130 d:/mounriver_studio/mounriver_studio/toolchain/risc-v embedded gcc/bin/../lib/gcc/riscv-none-embed/8.2.0/rv32imafc/ilp32f\libgcc.a(fixdfdi.o)
                0x000000000000d6b2                __fixdfdi
 .text.__floatdidf
                0x000000000000d7e2      0x21c d:/mounriver_studio/mounriver_studio/toolchain/risc-v embedded gcc/bin/../lib/gcc/riscv-none-embed/8.2.0/rv32imafc/ilp32f\libgcc.a(floatdidf.o)
                0x000000000000d7e2                __floatdidf
 .text.__extendsfdf2
                0x000000000000d9fe       0xe8 d:/mounriver_studio/mounriver_studio/toolchain/risc-v embedded gcc/bin/../lib/gcc/riscv-none-embed/8.2.0/rv32imafc/ilp32f\libgcc.a(extendsfdf2.o)
                0x000000000000d9fe                __extendsfdf2
 .text.__clzsi2
                0x000000000000dae6       0x76 d:/mounriver_studio/mounriver_studio/toolchain/risc-v embedded gcc/bin/../lib/gcc/riscv-none-embed/8.2.0/rv32imafc/ilp32f\libgcc.a(_clzsi2.o)
                0x000000000000dae6                __clzsi2
 .text.malloc   0x000000000000db5c        0xa d:/mounriver_studio/mounriver_studio/toolchain/risc-v embedded gcc/bin/../lib/gcc/riscv-none-embed/8.2.0/../../../../riscv-none-embed/lib/rv32imafc/ilp32f\libg_nano.a(lib_a-malloc.o)
                0x000000000000db5c                malloc
 .text.memcpy   0x000000000000db66       0xb6 d:/mounriver_studio/mounriver_studio/toolchain/risc-v embedded gcc/bin/../lib/gcc/riscv-none-embed/8.2.0/../../../../riscv-none-embed/lib/rv32imafc/ilp32f\libg_nano.a(lib_a-memcpy.o)
                0x000000000000db66                memcpy
 .text._malloc_r
                0x000000000000dc1c       0xd8 d:/mounriver_studio/mounriver_studio/toolchain/risc-v embedded gcc/bin/../lib/gcc/riscv-none-embed/8.2.0/../../../../riscv-none-embed/lib/rv32imafc/ilp32f\libg_nano.a(lib_a-nano-mallocr.o)
                0x000000000000dc1c                _malloc_r
 .text.__cvt    0x000000000000dcf4       0xee d:/mounriver_studio/mounriver_studio/toolchain/risc-v embedded gcc/bin/../lib/gcc/riscv-none-embed/8.2.0/../../../../riscv-none-embed/lib/rv32imafc/ilp32f\libg_nano.a(lib_a-nano-vfprintf_float.o)
                0x000000000000dcf4                __cvt
 .text.__exponent
                0x000000000000dde2       0x8c d:/mounriver_studio/mounriver_studio/toolchain/risc-v embedded gcc/bin/../lib/gcc/riscv-none-embed/8.2.0/../../../../riscv-none-embed/lib/rv32imafc/ilp32f\libg_nano.a(lib_a-nano-vfprintf_float.o)
                0x000000000000dde2                __exponent
 .text._printf_float
                0x000000000000de6e      0x4c2 d:/mounriver_studio/mounriver_studio/toolchain/risc-v embedded gcc/bin/../lib/gcc/riscv-none-embed/8.2.0/../../../../riscv-none-embed/lib/rv32imafc/ilp32f\libg_nano.a(lib_a-nano-vfprintf_float.o)
                0x000000000000de6e                _printf_float
 .text._printf_common
                0x000000000000e330      0x10c d:/mounriver_studio/mounriver_studio/toolchain/risc-v embedded gcc/bin/../lib/gcc/riscv-none-embed/8.2.0/../../../../riscv-none-embed/lib/rv32imafc/ilp32f\libg_nano.a(lib_a-nano-vfprintf_i.o)
                0x000000000000e330                _printf_common
 .text._sbrk_r  0x000000000000e43c       0x2a d:/mounriver_studio/mounriver_studio/toolchain/risc-v embedded gcc/bin/../lib/gcc/riscv-none-embed/8.2.0/../../../../riscv-none-embed/lib/rv32imafc/ilp32f\libg_nano.a(lib_a-sbrkr.o)
                0x000000000000e43c                _sbrk_r
 .text.strlen   0x000000000000e466       0x12 d:/mounriver_studio/mounriver_studio/toolchain/risc-v embedded gcc/bin/../lib/gcc/riscv-none-embed/8.2.0/../../../../riscv-none-embed/lib/rv32imafc/ilp32f\libg_nano.a(lib_a-strlen.o)
                0x000000000000e466                strlen
 .text.strncmp  0x000000000000e478       0x2c d:/mounriver_studio/mounriver_studio/toolchain/risc-v embedded gcc/bin/../lib/gcc/riscv-none-embed/8.2.0/../../../../riscv-none-embed/lib/rv32imafc/ilp32f\libg_nano.a(lib_a-strncmp.o)
                0x000000000000e478                strncmp
 .text.quorem   0x000000000000e4a4      0x13a d:/mounriver_studio/mounriver_studio/toolchain/risc-v embedded gcc/bin/../lib/gcc/riscv-none-embed/8.2.0/../../../../riscv-none-embed/lib/rv32imafc/ilp32f\libg_nano.a(lib_a-dtoa.o)
 .text._dtoa_r  0x000000000000e5de      0xbd8 d:/mounriver_studio/mounriver_studio/toolchain/risc-v embedded gcc/bin/../lib/gcc/riscv-none-embed/8.2.0/../../../../riscv-none-embed/lib/rv32imafc/ilp32f\libg_nano.a(lib_a-dtoa.o)
                0x000000000000e5de                _dtoa_r
 .text._localeconv_r
                0x000000000000f1b6       0x18 d:/mounriver_studio/mounriver_studio/toolchain/risc-v embedded gcc/bin/../lib/gcc/riscv-none-embed/8.2.0/../../../../riscv-none-embed/lib/rv32imafc/ilp32f\libg_nano.a(lib_a-localeconv.o)
                0x000000000000f1b6                _localeconv_r
 .text.__malloc_lock
                0x000000000000f1ce        0x2 d:/mounriver_studio/mounriver_studio/toolchain/risc-v embedded gcc/bin/../lib/gcc/riscv-none-embed/8.2.0/../../../../riscv-none-embed/lib/rv32imafc/ilp32f\libg_nano.a(lib_a-mlock.o)
                0x000000000000f1ce                __malloc_lock
 .text.__malloc_unlock
                0x000000000000f1d0        0x2 d:/mounriver_studio/mounriver_studio/toolchain/risc-v embedded gcc/bin/../lib/gcc/riscv-none-embed/8.2.0/../../../../riscv-none-embed/lib/rv32imafc/ilp32f\libg_nano.a(lib_a-mlock.o)
                0x000000000000f1d0                __malloc_unlock
 .text._Balloc  0x000000000000f1d2       0x88 d:/mounriver_studio/mounriver_studio/toolchain/risc-v embedded gcc/bin/../lib/gcc/riscv-none-embed/8.2.0/../../../../riscv-none-embed/lib/rv32imafc/ilp32f\libg_nano.a(lib_a-mprec.o)
                0x000000000000f1d2                _Balloc
 .text._Bfree   0x000000000000f25a       0x44 d:/mounriver_studio/mounriver_studio/toolchain/risc-v embedded gcc/bin/../lib/gcc/riscv-none-embed/8.2.0/../../../../riscv-none-embed/lib/rv32imafc/ilp32f\libg_nano.a(lib_a-mprec.o)
                0x000000000000f25a                _Bfree
 .text.__multadd
                0x000000000000f29e       0x98 d:/mounriver_studio/mounriver_studio/toolchain/risc-v embedded gcc/bin/../lib/gcc/riscv-none-embed/8.2.0/../../../../riscv-none-embed/lib/rv32imafc/ilp32f\libg_nano.a(lib_a-mprec.o)
                0x000000000000f29e                __multadd
 .text.__hi0bits
                0x000000000000f336       0x46 d:/mounriver_studio/mounriver_studio/toolchain/risc-v embedded gcc/bin/../lib/gcc/riscv-none-embed/8.2.0/../../../../riscv-none-embed/lib/rv32imafc/ilp32f\libg_nano.a(lib_a-mprec.o)
                0x000000000000f336                __hi0bits
 .text.__lo0bits
                0x000000000000f37c       0x6a d:/mounriver_studio/mounriver_studio/toolchain/risc-v embedded gcc/bin/../lib/gcc/riscv-none-embed/8.2.0/../../../../riscv-none-embed/lib/rv32imafc/ilp32f\libg_nano.a(lib_a-mprec.o)
                0x000000000000f37c                __lo0bits
 .text.__i2b    0x000000000000f3e6       0x1c d:/mounriver_studio/mounriver_studio/toolchain/risc-v embedded gcc/bin/../lib/gcc/riscv-none-embed/8.2.0/../../../../riscv-none-embed/lib/rv32imafc/ilp32f\libg_nano.a(lib_a-mprec.o)
                0x000000000000f3e6                __i2b
 .text.__multiply
                0x000000000000f402      0x144 d:/mounriver_studio/mounriver_studio/toolchain/risc-v embedded gcc/bin/../lib/gcc/riscv-none-embed/8.2.0/../../../../riscv-none-embed/lib/rv32imafc/ilp32f\libg_nano.a(lib_a-mprec.o)
                0x000000000000f402                __multiply
 .text.__pow5mult
                0x000000000000f546       0xbe d:/mounriver_studio/mounriver_studio/toolchain/risc-v embedded gcc/bin/../lib/gcc/riscv-none-embed/8.2.0/../../../../riscv-none-embed/lib/rv32imafc/ilp32f\libg_nano.a(lib_a-mprec.o)
                0x000000000000f546                __pow5mult
 .text.__lshift
                0x000000000000f604       0xce d:/mounriver_studio/mounriver_studio/toolchain/risc-v embedded gcc/bin/../lib/gcc/riscv-none-embed/8.2.0/../../../../riscv-none-embed/lib/rv32imafc/ilp32f\libg_nano.a(lib_a-mprec.o)
                0x000000000000f604                __lshift
 .text.__mcmp   0x000000000000f6d2       0x32 d:/mounriver_studio/mounriver_studio/toolchain/risc-v embedded gcc/bin/../lib/gcc/riscv-none-embed/8.2.0/../../../../riscv-none-embed/lib/rv32imafc/ilp32f\libg_nano.a(lib_a-mprec.o)
                0x000000000000f6d2                __mcmp
 .text.__mdiff  0x000000000000f704       0xf2 d:/mounriver_studio/mounriver_studio/toolchain/risc-v embedded gcc/bin/../lib/gcc/riscv-none-embed/8.2.0/../../../../riscv-none-embed/lib/rv32imafc/ilp32f\libg_nano.a(lib_a-mprec.o)
                0x000000000000f704                __mdiff
 .text.__d2b    0x000000000000f7f6       0xd4 d:/mounriver_studio/mounriver_studio/toolchain/risc-v embedded gcc/bin/../lib/gcc/riscv-none-embed/8.2.0/../../../../riscv-none-embed/lib/rv32imafc/ilp32f\libg_nano.a(lib_a-mprec.o)
                0x000000000000f7f6                __d2b
 .text._calloc_r
                0x000000000000f8ca       0x28 d:/mounriver_studio/mounriver_studio/toolchain/risc-v embedded gcc/bin/../lib/gcc/riscv-none-embed/8.2.0/../../../../riscv-none-embed/lib/rv32imafc/ilp32f\libg_nano.a(lib_a-nano-callocr.o)
                0x000000000000f8ca                _calloc_r
 .text.__ascii_mbtowc
                0x000000000000f8f2       0x3a d:/mounriver_studio/mounriver_studio/toolchain/risc-v embedded gcc/bin/../lib/gcc/riscv-none-embed/8.2.0/../../../../riscv-none-embed/lib/rv32imafc/ilp32f\libg_nano.a(lib_a-mbtowc_r.o)
                0x000000000000f8f2                __ascii_mbtowc
 .text.__ascii_wctomb
                0x000000000000f92c       0x20 d:/mounriver_studio/mounriver_studio/toolchain/risc-v embedded gcc/bin/../lib/gcc/riscv-none-embed/8.2.0/../../../../riscv-none-embed/lib/rv32imafc/ilp32f\libg_nano.a(lib_a-wctomb_r.o)
                0x000000000000f92c                __ascii_wctomb
 .text.__trunctfdf2
                0x000000000000f94c      0x3d0 d:/mounriver_studio/mounriver_studio/toolchain/risc-v embedded gcc/bin/../lib/gcc/riscv-none-embed/8.2.0/rv32imafc/ilp32f\libgcc.a(trunctfdf2.o)
                0x000000000000f94c                __trunctfdf2
 .text._sbrk    0x000000000000fd1c       0x20 d:/mounriver_studio/mounriver_studio/toolchain/risc-v embedded gcc/bin/../lib/gcc/riscv-none-embed/8.2.0/../../../../riscv-none-embed/lib/rv32imafc/ilp32f\libnosys.a(sbrk.o)
                0x000000000000fd1c                _sbrk
 *(.rodata)
 .rodata        0x000000000000fd3c       0x2d ./zf_driver/zf_driver_flash.o
 *fill*         0x000000000000fd69        0x3 
 .rodata        0x000000000000fd6c       0x53 ./zf_driver/zf_driver_pit.o
 *fill*         0x000000000000fdbf        0x1 
 .rodata        0x000000000000fdc0       0x2b ./zf_driver/zf_driver_pwm.o
 *fill*         0x000000000000fdeb        0x1 
 .rodata        0x000000000000fdec       0x2b ./zf_driver/zf_driver_spi.o
 *fill*         0x000000000000fe17        0x1 
 .rodata        0x000000000000fe18       0x2c ./zf_driver/zf_driver_uart.o
 *fill*         0x000000000000fe44        0x4 
 .rodata        0x000000000000fe48        0x8 ./zf_device/zf_device_dm1xa.o
 .rodata        0x000000000000fe50       0xf0 ./zf_device/zf_device_gnss.o
 .rodata        0x000000000000ff40       0x40 ./zf_device/zf_device_tft180.o
 .rodata        0x000000000000ff80       0x78 ./zf_common/zf_common_debug.o
 .rodata        0x000000000000fff8       0x2c ./zf_common/zf_common_fifo.o
 *fill*         0x0000000000010024        0x4 
 .rodata        0x0000000000010028       0x70 ./zf_common/zf_common_function.o
 .rodata        0x0000000000010098       0x1c ./user_c/main.o
 .rodata        0x00000000000100b4       0x41 ./sdk/Peripheral/ch32v30x_usbotg_device.o
 *(.rodata*)
 *fill*         0x00000000000100f5        0x3 
 .rodata.pit_init
                0x00000000000100f8       0x28 ./zf_driver/zf_driver_pit.o
 .rodata.pwm_set_duty
                0x0000000000010120       0x28 ./zf_driver/zf_driver_pwm.o
 .rodata.pwm_init
                0x0000000000010148       0x28 ./zf_driver/zf_driver_pwm.o
 .rodata.spi_index
                0x0000000000010170        0xc ./zf_driver/zf_driver_spi.o
                0x0000000000010170                spi_index
 .rodata.timer_get
                0x000000000001017c       0x28 ./zf_driver/zf_driver_timer.o
 .rodata.timer_clear
                0x00000000000101a4       0x28 ./zf_driver/zf_driver_timer.o
 .rodata.uart_index
                0x00000000000101cc       0x20 ./zf_driver/zf_driver_uart.o
                0x00000000000101cc                uart_index
 .rodata.ascii_font_8x16
                0x00000000000101ec      0x5f0 ./zf_common/zf_common_font.o
                0x00000000000101ec                ascii_font_8x16
 .rodata.ascii_font_6x8
                0x00000000000107dc      0x228 ./zf_common/zf_common_font.o
                0x00000000000107dc                ascii_font_6x8
 .rodata.MyDevDescrHD
                0x0000000000010a04       0x12 ./sdk/Peripheral/ch32v30x_usbotg_device.o
                0x0000000000010a04                MyDevDescrHD
 *fill*         0x0000000000010a16        0x2 
 .rodata.MyCfgDescrHD
                0x0000000000010a18       0x43 ./sdk/Peripheral/ch32v30x_usbotg_device.o
                0x0000000000010a18                MyCfgDescrHD
 *fill*         0x0000000000010a5b        0x1 
 .rodata.MyReportDescHD
                0x0000000000010a5c       0x14 ./sdk/Peripheral/ch32v30x_usbotg_device.o
                0x0000000000010a5c                MyReportDescHD
 .rodata.MyManuInfoHD
                0x0000000000010a70        0xe ./sdk/Peripheral/ch32v30x_usbotg_device.o
                0x0000000000010a70                MyManuInfoHD
 *fill*         0x0000000000010a7e        0x2 
 .rodata.MyProdInfoHD
                0x0000000000010a80        0xc ./sdk/Peripheral/ch32v30x_usbotg_device.o
                0x0000000000010a80                MyProdInfoHD
 .rodata.MySerNumInfoHD
                0x0000000000010a8c       0x16 ./sdk/Peripheral/ch32v30x_usbotg_device.o
                0x0000000000010a8c                MySerNumInfoHD
 *fill*         0x0000000000010aa2        0x2 
 .rodata.MyUSBQUADescHD
                0x0000000000010aa4        0xa ./sdk/Peripheral/ch32v30x_usbotg_device.o
                0x0000000000010aa4                MyUSBQUADescHD
 *fill*         0x0000000000010aae        0x2 
 .rodata.OTG_FS_IRQHandler
                0x0000000000010ab0       0xbc ./sdk/Peripheral/ch32v30x_usbotg_device.o
 .rodata.print.str1.4
                0x0000000000010b6c        0x7 d:/mounriver_studio/mounriver_studio/toolchain/risc-v embedded gcc/bin/../lib/gcc/riscv-none-embed/8.2.0/../../../../riscv-none-embed/lib/rv32imafc/ilp32f\libprintfloat.a(printfloat.o)
 *fill*         0x0000000000010b73        0x1 
 .rodata.__divdf3
                0x0000000000010b74       0x40 d:/mounriver_studio/mounriver_studio/toolchain/risc-v embedded gcc/bin/../lib/gcc/riscv-none-embed/8.2.0/rv32imafc/ilp32f\libgcc.a(divdf3.o)
 .rodata.__muldf3
                0x0000000000010bb4       0x40 d:/mounriver_studio/mounriver_studio/toolchain/risc-v embedded gcc/bin/../lib/gcc/riscv-none-embed/8.2.0/rv32imafc/ilp32f\libgcc.a(muldf3.o)
 .rodata.__clz_tab
                0x0000000000010bf4      0x100 d:/mounriver_studio/mounriver_studio/toolchain/risc-v embedded gcc/bin/../lib/gcc/riscv-none-embed/8.2.0/rv32imafc/ilp32f\libgcc.a(_clz.o)
                0x0000000000010bf4                __clz_tab
 *fill*         0x0000000000010cf4        0x4 
 .rodata._printf_float.cst8
                0x0000000000010cf8        0x8 d:/mounriver_studio/mounriver_studio/toolchain/risc-v embedded gcc/bin/../lib/gcc/riscv-none-embed/8.2.0/../../../../riscv-none-embed/lib/rv32imafc/ilp32f\libg_nano.a(lib_a-nano-vfprintf_float.o)
 .rodata._printf_float.str1.4
                0x0000000000010d00       0x12 d:/mounriver_studio/mounriver_studio/toolchain/risc-v embedded gcc/bin/../lib/gcc/riscv-none-embed/8.2.0/../../../../riscv-none-embed/lib/rv32imafc/ilp32f\libg_nano.a(lib_a-nano-vfprintf_float.o)
 *fill*         0x0000000000010d12        0x6 
 .rodata._dtoa_r.cst8
                0x0000000000010d18       0x48 d:/mounriver_studio/mounriver_studio/toolchain/risc-v embedded gcc/bin/../lib/gcc/riscv-none-embed/8.2.0/../../../../riscv-none-embed/lib/rv32imafc/ilp32f\libg_nano.a(lib_a-dtoa.o)
 .rodata._dtoa_r.str1.4
                0x0000000000010d60       0x10 d:/mounriver_studio/mounriver_studio/toolchain/risc-v embedded gcc/bin/../lib/gcc/riscv-none-embed/8.2.0/../../../../riscv-none-embed/lib/rv32imafc/ilp32f\libg_nano.a(lib_a-dtoa.o)
                                         0x12 (size before relaxing)
 .rodata.__mprec_bigtens
                0x0000000000010d70       0x28 d:/mounriver_studio/mounriver_studio/toolchain/risc-v embedded gcc/bin/../lib/gcc/riscv-none-embed/8.2.0/../../../../riscv-none-embed/lib/rv32imafc/ilp32f\libg_nano.a(lib_a-mprec.o)
                0x0000000000010d70                __mprec_bigtens
 .rodata.__mprec_tens
                0x0000000000010d98       0xc8 d:/mounriver_studio/mounriver_studio/toolchain/risc-v embedded gcc/bin/../lib/gcc/riscv-none-embed/8.2.0/../../../../riscv-none-embed/lib/rv32imafc/ilp32f\libg_nano.a(lib_a-mprec.o)
                0x0000000000010d98                __mprec_tens
 .rodata.p05.3321
                0x0000000000010e60        0xc d:/mounriver_studio/mounriver_studio/toolchain/risc-v embedded gcc/bin/../lib/gcc/riscv-none-embed/8.2.0/../../../../riscv-none-embed/lib/rv32imafc/ilp32f\libg_nano.a(lib_a-mprec.o)
 .rodata._setlocale_r.str1.4
                0x0000000000010e6c        0xa d:/mounriver_studio/mounriver_studio/toolchain/risc-v embedded gcc/bin/../lib/gcc/riscv-none-embed/8.2.0/../../../../riscv-none-embed/lib/rv32imafc/ilp32f\libg_nano.a(lib_a-locale.o)
                                          0xd (size before relaxing)
 *fill*         0x0000000000010e76        0x2 
 .rodata.str1.4
                0x0000000000010e78        0x4 d:/mounriver_studio/mounriver_studio/toolchain/risc-v embedded gcc/bin/../lib/gcc/riscv-none-embed/8.2.0/../../../../riscv-none-embed/lib/rv32imafc/ilp32f\libg_nano.a(lib_a-locale.o)
                                          0x2 (size before relaxing)
 .rodata._ctype_
                0x0000000000010e7c      0x101 d:/mounriver_studio/mounriver_studio/toolchain/risc-v embedded gcc/bin/../lib/gcc/riscv-none-embed/8.2.0/../../../../riscv-none-embed/lib/rv32imafc/ilp32f\libg_nano.a(lib_a-ctype_.o)
                0x0000000000010e7c                _ctype_
 *(.glue_7)
 *(.glue_7t)
 *(.gnu.linkonce.t.*)
                0x0000000000010f80                . = ALIGN (0x4)
 *fill*         0x0000000000010f7d        0x3 

.rela.dyn       0x0000000000010f80        0x0
 .rela.init     0x0000000000010f80        0x0 ./zf_driver/zf_driver_adc.o
 .rela.vector   0x0000000000010f80        0x0 ./zf_driver/zf_driver_adc.o
 .rela.text.handle_reset
                0x0000000000010f80        0x0 ./zf_driver/zf_driver_adc.o
 .rela.text.OTG_FS_IRQHandler
                0x0000000000010f80        0x0 ./zf_driver/zf_driver_adc.o
 .rela.text.prints
                0x0000000000010f80        0x0 ./zf_driver/zf_driver_adc.o
 .rela.text.printInt
                0x0000000000010f80        0x0 ./zf_driver/zf_driver_adc.o
 .rela.text.printLongLongInt
                0x0000000000010f80        0x0 ./zf_driver/zf_driver_adc.o
 .rela.text.printDouble
                0x0000000000010f80        0x0 ./zf_driver/zf_driver_adc.o
 .rela.text.print
                0x0000000000010f80        0x0 ./zf_driver/zf_driver_adc.o
 .rela.text.printf
                0x0000000000010f80        0x0 ./zf_driver/zf_driver_adc.o
 .rela.text.sprintf
                0x0000000000010f80        0x0 ./zf_driver/zf_driver_adc.o
 .rela.data.impure_data
                0x0000000000010f80        0x0 ./zf_driver/zf_driver_adc.o
 .rela.text._sbrk_r
                0x0000000000010f80        0x0 ./zf_driver/zf_driver_adc.o
 .rela.text._sbrk
                0x0000000000010f80        0x0 ./zf_driver/zf_driver_adc.o

.fini           0x0000000000010f80        0x0
 *(SORT_NONE(.fini))
                0x0000000000010f80                . = ALIGN (0x4)
                [!provide]                        PROVIDE (_etext = .)
                [!provide]                        PROVIDE (_eitcm = .)

.preinit_array  0x0000000000010f80        0x0
                [!provide]                        PROVIDE (__preinit_array_start = .)
 *(.preinit_array)
                [!provide]                        PROVIDE (__preinit_array_end = .)

.init_array     0x0000000000010f80        0x0
                [!provide]                        PROVIDE (__init_array_start = .)
 *(SORT_BY_INIT_PRIORITY(.init_array.*) SORT_BY_INIT_PRIORITY(.ctors.*))
 *(.init_array EXCLUDE_FILE(*crtend?.o *crtend.o *crtbegin?.o *crtbegin.o) .ctors)
                [!provide]                        PROVIDE (__init_array_end = .)

.fini_array     0x0000000000010f80        0x0
                [!provide]                        PROVIDE (__fini_array_start = .)
 *(SORT_BY_INIT_PRIORITY(.fini_array.*) SORT_BY_INIT_PRIORITY(.dtors.*))
 *(.fini_array EXCLUDE_FILE(*crtend?.o *crtend.o *crtbegin?.o *crtbegin.o) .dtors)
                [!provide]                        PROVIDE (__fini_array_end = .)

.ctors
 *crtbegin.o(.ctors)
 *crtbegin?.o(.ctors)
 *(EXCLUDE_FILE(*crtend?.o *crtend.o) .ctors)
 *(SORT_BY_NAME(.ctors.*))
 *(.ctors)

.dtors
 *crtbegin.o(.dtors)
 *crtbegin?.o(.dtors)
 *(EXCLUDE_FILE(*crtend?.o *crtend.o) .dtors)
 *(SORT_BY_NAME(.dtors.*))
 *(.dtors)

.dalign         0x0000000020000040        0x0 load address 0x0000000000010f80
                0x0000000020000040                . = ALIGN (0x4)
                0x0000000020000040                PROVIDE (_data_vma = .)

.dlalign        0x0000000000010f80        0x0
                0x0000000000010f80                . = ALIGN (0x4)
                0x0000000000010f80                PROVIDE (_data_lma = .)

.data           0x0000000020000040      0x290 load address 0x0000000000010f80
 *(.gnu.linkonce.r.*)
 *(.data .data.*)
 .data.gpio_group
                0x0000000020000040       0x14 ./zf_driver/zf_driver_gpio.o
                0x0000000020000040                gpio_group
 .data.APBAHBPrescTable
                0x0000000020000054       0x10 ./sdk/Peripheral/ch32v30x_rcc.o
 .data.TAB_USB_FS_OSC_DESC
                0x0000000020000064       0x43 ./sdk/Peripheral/ch32v30x_usbotg_device.o
                0x0000000020000064                TAB_USB_FS_OSC_DESC
 *fill*         0x00000000200000a7        0x1 
 .data.impure_data
                0x00000000200000a8       0x60 d:/mounriver_studio/mounriver_studio/toolchain/risc-v embedded gcc/bin/../lib/gcc/riscv-none-embed/8.2.0/../../../../riscv-none-embed/lib/rv32imafc/ilp32f\libg_nano.a(lib_a-impure.o)
 .data.__global_locale
                0x0000000020000108      0x16c d:/mounriver_studio/mounriver_studio/toolchain/risc-v embedded gcc/bin/../lib/gcc/riscv-none-embed/8.2.0/../../../../riscv-none-embed/lib/rv32imafc/ilp32f\libg_nano.a(lib_a-locale.o)
                0x0000000020000108                __global_locale
 *(.gnu.linkonce.d.*)
                0x0000000020000278                . = ALIGN (0x8)
 *fill*         0x0000000020000274        0x4 
                0x0000000020000a78                PROVIDE (__global_pointer$ = (. + 0x800))
 *(.sdata .sdata.*)
 .sdata.adc_index
                0x0000000020000278        0x8 ./zf_driver/zf_driver_adc.o
 .sdata.gFlashStatus.4508
                0x0000000020000280        0x4 ./zf_driver/zf_driver_flash.o
 .sdata.gFlashStatus.4550
                0x0000000020000284        0x4 ./zf_driver/zf_driver_flash.o
 .sdata.dm1xa_distance_mm
                0x0000000020000288        0x2 ./zf_device/zf_device_dm1xa.o
 .sdata.tft180_pencolor
                0x000000002000028a        0x2 ./zf_device/zf_device_tft180.o
 .sdata.tft180_bgcolor
                0x000000002000028c        0x2 ./zf_device/zf_device_tft180.o
 *fill*         0x000000002000028e        0x2 
 .sdata.tft180_display_font
                0x0000000020000290        0x4 ./zf_device/zf_device_tft180.o
 .sdata.tft180_x_max
                0x0000000020000294        0x1 ./zf_device/zf_device_tft180.o
 .sdata.tft180_y_max
                0x0000000020000295        0x1 ./zf_device/zf_device_tft180.o
 *fill*         0x0000000020000296        0x2 
 .sdata.camera_uart_handler
                0x0000000020000298        0x4 ./zf_device/zf_device_type.o
                0x0000000020000298                camera_uart_handler
 .sdata.camera_dvp_handler
                0x000000002000029c        0x4 ./zf_device/zf_device_type.o
                0x000000002000029c                camera_dvp_handler
 .sdata.wireless_module_uart_handler
                0x00000000200002a0        0x4 ./zf_device/zf_device_type.o
                0x00000000200002a0                wireless_module_uart_handler
 .sdata.tof_module_exti_handler
                0x00000000200002a4        0x4 ./zf_device/zf_device_type.o
                0x00000000200002a4                tof_module_exti_handler
 .sdata.system_clock
                0x00000000200002a8        0x4 ./zf_common/zf_common_clock.o
                0x00000000200002a8                system_clock
 .sdata.zf_debug_assert_enable
                0x00000000200002ac        0x1 ./zf_common/zf_common_debug.o
 *fill*         0x00000000200002ad        0x3 
 .sdata.ADCPrescTable
                0x00000000200002b0        0x4 ./sdk/Peripheral/ch32v30x_rcc.o
 .sdata.USBHD_Dev_Speed
                0x00000000200002b4        0x1 ./sdk/Peripheral/ch32v30x_usbotg_device.o
                0x00000000200002b4                USBHD_Dev_Speed
 *fill*         0x00000000200002b5        0x3 
 .sdata.LineCoding
                0x00000000200002b8        0x7 ./sdk/Peripheral/ch32v30x_usbotg_device.o
                0x00000000200002b8                LineCoding
 *fill*         0x00000000200002bf        0x1 
 .sdata._impure_ptr
                0x00000000200002c0        0x4 d:/mounriver_studio/mounriver_studio/toolchain/risc-v embedded gcc/bin/../lib/gcc/riscv-none-embed/8.2.0/../../../../riscv-none-embed/lib/rv32imafc/ilp32f\libg_nano.a(lib_a-impure.o)
                0x00000000200002c0                _impure_ptr
 *(.sdata2.*)
 .sdata2.uart_irq
                0x00000000200002c4        0x8 ./zf_driver/zf_driver_uart.o
                0x00000000200002c4                uart_irq
 .sdata2.MyLangDescrHD
                0x00000000200002cc        0x4 ./sdk/Peripheral/ch32v30x_usbotg_device.o
                0x00000000200002cc                MyLangDescrHD
 *(.gnu.linkonce.s.*)
                0x00000000200002d0                . = ALIGN (0x8)
 *(.srodata.cst16)
 *(.srodata.cst8)
 *(.srodata.cst4)
 *(.srodata.cst2)
 *(.srodata .srodata.*)
                0x00000000200002d0                . = ALIGN (0x4)
                0x00000000200002d0                PROVIDE (_edata = .)

.bss            0x00000000200002d0      0x6bc load address 0x0000000000011210
                0x00000000200002d0                . = ALIGN (0x4)
                0x00000000200002d0                PROVIDE (_sbss = .)
 *(.sbss*)
 .sbss.adc_resolution
                0x00000000200002d0        0x2 ./zf_driver/zf_driver_adc.o
 *fill*         0x00000000200002d2        0x2 
 .sbss.dm1xa_plus_count
                0x00000000200002d4        0x4 ./zf_device/zf_device_dm1xa.o
 .sbss.dm1xa_type
                0x00000000200002d8        0x4 ./zf_device/zf_device_dm1xa.o
 .sbss.dm1xa_ranging_state
                0x00000000200002dc        0x4 ./zf_device/zf_device_dm1xa.o
 .sbss.gnss_flag
                0x00000000200002e0        0x1 ./zf_device/zf_device_gnss.o
                0x00000000200002e0                gnss_flag
 .sbss.gnss_state
                0x00000000200002e1        0x1 ./zf_device/zf_device_gnss.o
 *fill*         0x00000000200002e2        0x2 
 .sbss.gnss_gga_state
                0x00000000200002e4        0x4 ./zf_device/zf_device_gnss.o
 .sbss.gnss_rmc_state
                0x00000000200002e8        0x4 ./zf_device/zf_device_gnss.o
 .sbss.gnss_ths_state
                0x00000000200002ec        0x4 ./zf_device/zf_device_gnss.o
 .sbss.tft180_display_dir
                0x00000000200002f0        0x4 ./zf_device/zf_device_tft180.o
 .sbss.debug_uart_data
                0x00000000200002f4        0x1 ./zf_common/zf_common_debug.o
                0x00000000200002f4                debug_uart_data
 .sbss.zf_debug_init_flag
                0x00000000200002f5        0x1 ./zf_common/zf_common_debug.o
 .sbss.assert_nest_index.5042
                0x00000000200002f6        0x1 ./zf_common/zf_common_debug.o
 *fill*         0x00000000200002f7        0x1 
 .sbss.interrupt_nest_count
                0x00000000200002f8        0x4 ./zf_common/zf_common_interrupt.o
 .sbss.EP0_DatabufHD
                0x00000000200002fc        0x8 ./sdk/Peripheral/ch32v30x_usbotg_device.o
                0x00000000200002fc                EP0_DatabufHD
 .sbss.pEP0_RAM_Addr
                0x0000000020000304        0x4 ./sdk/Peripheral/ch32v30x_usbotg_device.o
                0x0000000020000304                pEP0_RAM_Addr
 .sbss.pEP1_RAM_Addr
                0x0000000020000308        0x4 ./sdk/Peripheral/ch32v30x_usbotg_device.o
                0x0000000020000308                pEP1_RAM_Addr
 .sbss.pEP2_RAM_Addr
                0x000000002000030c        0x4 ./sdk/Peripheral/ch32v30x_usbotg_device.o
                0x000000002000030c                pEP2_RAM_Addr
 .sbss.pDescr   0x0000000020000310        0x4 ./sdk/Peripheral/ch32v30x_usbotg_device.o
                0x0000000020000310                pDescr
 .sbss.USBHD_Dev_SetupReqLen
                0x0000000020000314        0x2 ./sdk/Peripheral/ch32v30x_usbotg_device.o
                0x0000000020000314                USBHD_Dev_SetupReqLen
 .sbss.USBHD_Dev_SleepStatus
                0x0000000020000316        0x1 ./sdk/Peripheral/ch32v30x_usbotg_device.o
                0x0000000020000316                USBHD_Dev_SleepStatus
 .sbss.DevConfig
                0x0000000020000317        0x1 ./sdk/Peripheral/ch32v30x_usbotg_device.o
                0x0000000020000317                DevConfig
 .sbss.SetupReqCode
                0x0000000020000318        0x1 ./sdk/Peripheral/ch32v30x_usbotg_device.o
                0x0000000020000318                SetupReqCode
 *fill*         0x0000000020000319        0x1 
 .sbss.SetupReqLen
                0x000000002000031a        0x2 ./sdk/Peripheral/ch32v30x_usbotg_device.o
                0x000000002000031a                SetupReqLen
 .sbss.duty     0x000000002000031c        0x2 ./code/Sound.o
                0x000000002000031c                duty
 *fill*         0x000000002000031e        0x2 
 .sbss.__malloc_free_list
                0x0000000020000320        0x4 d:/mounriver_studio/mounriver_studio/toolchain/risc-v embedded gcc/bin/../lib/gcc/riscv-none-embed/8.2.0/../../../../riscv-none-embed/lib/rv32imafc/ilp32f\libg_nano.a(lib_a-nano-mallocr.o)
                0x0000000020000320                __malloc_free_list
 .sbss.__malloc_sbrk_start
                0x0000000020000324        0x4 d:/mounriver_studio/mounriver_studio/toolchain/risc-v embedded gcc/bin/../lib/gcc/riscv-none-embed/8.2.0/../../../../riscv-none-embed/lib/rv32imafc/ilp32f\libg_nano.a(lib_a-nano-mallocr.o)
                0x0000000020000324                __malloc_sbrk_start
 .sbss.heap_end.1520
                0x0000000020000328        0x4 d:/mounriver_studio/mounriver_studio/toolchain/risc-v embedded gcc/bin/../lib/gcc/riscv-none-embed/8.2.0/../../../../riscv-none-embed/lib/rv32imafc/ilp32f\libnosys.a(sbrk.o)
 *(.gnu.linkonce.sb.*)
 *(.bss*)
 .bss.flash_union_buffer
                0x000000002000032c      0x400 ./zf_driver/zf_driver_flash.o
                0x000000002000032c                flash_union_buffer
 .bss.timer_function_state
                0x000000002000072c       0x28 ./zf_driver/zf_driver_timer.o
 .bss.timer_mode_state
                0x0000000020000754       0x28 ./zf_driver/zf_driver_timer.o
 .bss.gnss_receiver_fifo
                0x000000002000077c       0x19 ./zf_device/zf_device_gnss.o
 *fill*         0x0000000020000795        0x3 
 .bss.gps_gga_buffer
                0x0000000020000798       0x80 ./zf_device/zf_device_gnss.o
 .bss.gps_rmc_buffer
                0x0000000020000818       0x80 ./zf_device/zf_device_gnss.o
 .bss.gps_ths_buffer
                0x0000000020000898       0x80 ./zf_device/zf_device_gnss.o
 .bss.debug_uart_buffer
                0x0000000020000918       0x40 ./zf_common/zf_common_debug.o
                0x0000000020000918                debug_uart_buffer
 .bss.debug_uart_fifo
                0x0000000020000958       0x19 ./zf_common/zf_common_debug.o
                0x0000000020000958                debug_uart_fifo
 *fill*         0x0000000020000971        0x3 
 .bss.debug_output_info
                0x0000000020000974       0x14 ./zf_common/zf_common_debug.o
 *(.gnu.linkonce.b.*)
 *(COMMON*)
 COMMON         0x0000000020000988        0x4 d:/mounriver_studio/mounriver_studio/toolchain/risc-v embedded gcc/bin/../lib/gcc/riscv-none-embed/8.2.0/../../../../riscv-none-embed/lib/rv32imafc/ilp32f\libg_nano.a(lib_a-reent.o)
                0x0000000020000988                errno
                0x000000002000098c                . = ALIGN (0x4)
                0x000000002000098c                PROVIDE (_ebss = .)
                [!provide]                        PROVIDE (_end = _ebss)
                0x000000002000098c                PROVIDE (end = .)

.stack          0x000000002000f440      0x800
                [!provide]                        PROVIDE (_heap_end = .)
                0x000000002000f440                . = ALIGN (0x4)
                [!provide]                        PROVIDE (_susrstack = .)
                0x000000002000fc40                . = (. + __stack_size)
 *fill*         0x000000002000f440      0x800 
                0x000000002000fc40                PROVIDE (_eusrstack = .)
OUTPUT(Software_assessment_task.elf elf32-littleriscv)

.debug_info     0x0000000000000000    0x2179e
 .debug_info    0x0000000000000000      0xea8 ./zf_driver/zf_driver_adc.o
 .debug_info    0x0000000000000ea8      0xa28 ./zf_driver/zf_driver_delay.o
 .debug_info    0x00000000000018d0      0xd7b ./zf_driver/zf_driver_flash.o
 .debug_info    0x000000000000264b      0xefa ./zf_driver/zf_driver_gpio.o
 .debug_info    0x0000000000003545     0x10a9 ./zf_driver/zf_driver_pit.o
 .debug_info    0x00000000000045ee     0x1489 ./zf_driver/zf_driver_pwm.o
 .debug_info    0x0000000000005a77     0x156a ./zf_driver/zf_driver_spi.o
 .debug_info    0x0000000000006fe1      0xfb7 ./zf_driver/zf_driver_timer.o
 .debug_info    0x0000000000007f98     0x1460 ./zf_driver/zf_driver_uart.o
 .debug_info    0x00000000000093f8      0xe37 ./zf_device/zf_device_dm1xa.o
 .debug_info    0x000000000000a22f     0x1846 ./zf_device/zf_device_gnss.o
 .debug_info    0x000000000000ba75     0x1951 ./zf_device/zf_device_tft180.o
 .debug_info    0x000000000000d3c6      0xb5a ./zf_device/zf_device_type.o
 .debug_info    0x000000000000df20      0xb2d ./zf_common/zf_common_clock.o
 .debug_info    0x000000000000ea4d     0x1497 ./zf_common/zf_common_debug.o
 .debug_info    0x000000000000fee4      0xdf1 ./zf_common/zf_common_fifo.o
 .debug_info    0x0000000000010cd5      0xa18 ./zf_common/zf_common_font.o
 .debug_info    0x00000000000116ed     0x11b5 ./zf_common/zf_common_function.o
 .debug_info    0x00000000000128a2      0xf79 ./zf_common/zf_common_interrupt.o
 .debug_info    0x000000000001381b     0x1d45 ./user_c/isr.o
 .debug_info    0x0000000000015560     0x1e57 ./user_c/main.o
 .debug_info    0x00000000000173b7       0x22 ./sdk/Startup/startup_ch32v30x_D8C.o
 .debug_info    0x00000000000173d9      0xd58 ./sdk/Peripheral/ch32v30x_adc.o
 .debug_info    0x0000000000018131      0x353 ./sdk/Peripheral/ch32v30x_exti.o
 .debug_info    0x0000000000018484      0x973 ./sdk/Peripheral/ch32v30x_flash.o
 .debug_info    0x0000000000018df7      0x712 ./sdk/Peripheral/ch32v30x_gpio.o
 .debug_info    0x0000000000019509      0xc64 ./sdk/Peripheral/ch32v30x_rcc.o
 .debug_info    0x000000000001a16d      0x96e ./sdk/Peripheral/ch32v30x_spi.o
 .debug_info    0x000000000001aadb     0x1dd2 ./sdk/Peripheral/ch32v30x_tim.o
 .debug_info    0x000000000001c8ad      0xa45 ./sdk/Peripheral/ch32v30x_usart.o
 .debug_info    0x000000000001d2f2     0x13c6 ./sdk/Peripheral/ch32v30x_usbotg_device.o
 .debug_info    0x000000000001e6b8     0x174b ./code/LED.o
 .debug_info    0x000000000001fe03     0x199b ./code/Sound.o

.debug_abbrev   0x0000000000000000     0x4c4d
 .debug_abbrev  0x0000000000000000      0x295 ./zf_driver/zf_driver_adc.o
 .debug_abbrev  0x0000000000000295      0x212 ./zf_driver/zf_driver_delay.o
 .debug_abbrev  0x00000000000004a7      0x2aa ./zf_driver/zf_driver_flash.o
 .debug_abbrev  0x0000000000000751      0x2ad ./zf_driver/zf_driver_gpio.o
 .debug_abbrev  0x00000000000009fe      0x256 ./zf_driver/zf_driver_pit.o
 .debug_abbrev  0x0000000000000c54      0x289 ./zf_driver/zf_driver_pwm.o
 .debug_abbrev  0x0000000000000edd      0x32f ./zf_driver/zf_driver_spi.o
 .debug_abbrev  0x000000000000120c      0x28e ./zf_driver/zf_driver_timer.o
 .debug_abbrev  0x000000000000149a      0x2be ./zf_driver/zf_driver_uart.o
 .debug_abbrev  0x0000000000001758      0x28b ./zf_device/zf_device_dm1xa.o
 .debug_abbrev  0x00000000000019e3      0x353 ./zf_device/zf_device_gnss.o
 .debug_abbrev  0x0000000000001d36      0x345 ./zf_device/zf_device_tft180.o
 .debug_abbrev  0x000000000000207b      0x225 ./zf_device/zf_device_type.o
 .debug_abbrev  0x00000000000022a0      0x251 ./zf_common/zf_common_clock.o
 .debug_abbrev  0x00000000000024f1      0x394 ./zf_common/zf_common_debug.o
 .debug_abbrev  0x0000000000002885      0x2a5 ./zf_common/zf_common_fifo.o
 .debug_abbrev  0x0000000000002b2a      0x1dd ./zf_common/zf_common_font.o
 .debug_abbrev  0x0000000000002d07      0x348 ./zf_common/zf_common_function.o
 .debug_abbrev  0x000000000000304f      0x2c1 ./zf_common/zf_common_interrupt.o
 .debug_abbrev  0x0000000000003310      0x24e ./user_c/isr.o
 .debug_abbrev  0x000000000000355e      0x256 ./user_c/main.o
 .debug_abbrev  0x00000000000037b4       0x12 ./sdk/Startup/startup_ch32v30x_D8C.o
 .debug_abbrev  0x00000000000037c6      0x1ae ./sdk/Peripheral/ch32v30x_adc.o
 .debug_abbrev  0x0000000000003974      0x144 ./sdk/Peripheral/ch32v30x_exti.o
 .debug_abbrev  0x0000000000003ab8      0x1ec ./sdk/Peripheral/ch32v30x_flash.o
 .debug_abbrev  0x0000000000003ca4      0x1c7 ./sdk/Peripheral/ch32v30x_gpio.o
 .debug_abbrev  0x0000000000003e6b      0x1ef ./sdk/Peripheral/ch32v30x_rcc.o
 .debug_abbrev  0x000000000000405a      0x19e ./sdk/Peripheral/ch32v30x_spi.o
 .debug_abbrev  0x00000000000041f8      0x1c9 ./sdk/Peripheral/ch32v30x_tim.o
 .debug_abbrev  0x00000000000043c1      0x19e ./sdk/Peripheral/ch32v30x_usart.o
 .debug_abbrev  0x000000000000455f      0x299 ./sdk/Peripheral/ch32v30x_usbotg_device.o
 .debug_abbrev  0x00000000000047f8      0x218 ./code/LED.o
 .debug_abbrev  0x0000000000004a10      0x23d ./code/Sound.o

.debug_aranges  0x0000000000000000     0x1250
 .debug_aranges
                0x0000000000000000       0x30 ./zf_driver/zf_driver_adc.o
 .debug_aranges
                0x0000000000000030       0x28 ./zf_driver/zf_driver_delay.o
 .debug_aranges
                0x0000000000000058       0x50 ./zf_driver/zf_driver_flash.o
 .debug_aranges
                0x00000000000000a8       0x40 ./zf_driver/zf_driver_gpio.o
 .debug_aranges
                0x00000000000000e8       0x30 ./zf_driver/zf_driver_pit.o
 .debug_aranges
                0x0000000000000118       0x30 ./zf_driver/zf_driver_pwm.o
 .debug_aranges
                0x0000000000000148       0xb0 ./zf_driver/zf_driver_spi.o
 .debug_aranges
                0x00000000000001f8       0x50 ./zf_driver/zf_driver_timer.o
 .debug_aranges
                0x0000000000000248       0x58 ./zf_driver/zf_driver_uart.o
 .debug_aranges
                0x00000000000002a0       0x40 ./zf_device/zf_device_dm1xa.o
 .debug_aranges
                0x00000000000002e0       0x80 ./zf_device/zf_device_gnss.o
 .debug_aranges
                0x0000000000000360       0xc0 ./zf_device/zf_device_tft180.o
 .debug_aranges
                0x0000000000000420       0x38 ./zf_device/zf_device_type.o
 .debug_aranges
                0x0000000000000458       0x30 ./zf_common/zf_common_clock.o
 .debug_aranges
                0x0000000000000488       0x98 ./zf_common/zf_common_debug.o
 .debug_aranges
                0x0000000000000520       0x68 ./zf_common/zf_common_fifo.o
 .debug_aranges
                0x0000000000000588       0x18 ./zf_common/zf_common_font.o
 .debug_aranges
                0x00000000000005a0       0x90 ./zf_common/zf_common_function.o
 .debug_aranges
                0x0000000000000630       0x70 ./zf_common/zf_common_interrupt.o
 .debug_aranges
                0x00000000000006a0       0xf8 ./user_c/isr.o
 .debug_aranges
                0x0000000000000798       0x20 ./user_c/main.o
 .debug_aranges
                0x00000000000007b8       0x30 ./sdk/Startup/startup_ch32v30x_D8C.o
 .debug_aranges
                0x00000000000007e8      0x150 ./sdk/Peripheral/ch32v30x_adc.o
 .debug_aranges
                0x0000000000000938       0x58 ./sdk/Peripheral/ch32v30x_exti.o
 .debug_aranges
                0x0000000000000990      0x118 ./sdk/Peripheral/ch32v30x_flash.o
 .debug_aranges
                0x0000000000000aa8       0xa8 ./sdk/Peripheral/ch32v30x_gpio.o
 .debug_aranges
                0x0000000000000b50      0x1a8 ./sdk/Peripheral/ch32v30x_rcc.o
 .debug_aranges
                0x0000000000000cf8       0xd0 ./sdk/Peripheral/ch32v30x_spi.o
 .debug_aranges
                0x0000000000000dc8      0x2f0 ./sdk/Peripheral/ch32v30x_tim.o
 .debug_aranges
                0x00000000000010b8      0x100 ./sdk/Peripheral/ch32v30x_usart.o
 .debug_aranges
                0x00000000000011b8       0x50 ./sdk/Peripheral/ch32v30x_usbotg_device.o
 .debug_aranges
                0x0000000000001208       0x28 ./code/LED.o
 .debug_aranges
                0x0000000000001230       0x20 ./code/Sound.o

.debug_ranges   0x0000000000000000     0x1040
 .debug_ranges  0x0000000000000000       0x20 ./zf_driver/zf_driver_adc.o
 .debug_ranges  0x0000000000000020       0x18 ./zf_driver/zf_driver_delay.o
 .debug_ranges  0x0000000000000038       0x40 ./zf_driver/zf_driver_flash.o
 .debug_ranges  0x0000000000000078       0x30 ./zf_driver/zf_driver_gpio.o
 .debug_ranges  0x00000000000000a8       0x20 ./zf_driver/zf_driver_pit.o
 .debug_ranges  0x00000000000000c8       0x20 ./zf_driver/zf_driver_pwm.o
 .debug_ranges  0x00000000000000e8       0xa0 ./zf_driver/zf_driver_spi.o
 .debug_ranges  0x0000000000000188       0x40 ./zf_driver/zf_driver_timer.o
 .debug_ranges  0x00000000000001c8       0x48 ./zf_driver/zf_driver_uart.o
 .debug_ranges  0x0000000000000210       0x30 ./zf_device/zf_device_dm1xa.o
 .debug_ranges  0x0000000000000240       0x70 ./zf_device/zf_device_gnss.o
 .debug_ranges  0x00000000000002b0       0xb0 ./zf_device/zf_device_tft180.o
 .debug_ranges  0x0000000000000360       0x28 ./zf_device/zf_device_type.o
 .debug_ranges  0x0000000000000388       0x20 ./zf_common/zf_common_clock.o
 .debug_ranges  0x00000000000003a8       0x88 ./zf_common/zf_common_debug.o
 .debug_ranges  0x0000000000000430       0x58 ./zf_common/zf_common_fifo.o
 .debug_ranges  0x0000000000000488       0x80 ./zf_common/zf_common_function.o
 .debug_ranges  0x0000000000000508       0x60 ./zf_common/zf_common_interrupt.o
 .debug_ranges  0x0000000000000568       0xe8 ./user_c/isr.o
 .debug_ranges  0x0000000000000650       0x10 ./user_c/main.o
 .debug_ranges  0x0000000000000660       0x28 ./sdk/Startup/startup_ch32v30x_D8C.o
 .debug_ranges  0x0000000000000688      0x140 ./sdk/Peripheral/ch32v30x_adc.o
 .debug_ranges  0x00000000000007c8       0x48 ./sdk/Peripheral/ch32v30x_exti.o
 .debug_ranges  0x0000000000000810      0x108 ./sdk/Peripheral/ch32v30x_flash.o
 .debug_ranges  0x0000000000000918       0x98 ./sdk/Peripheral/ch32v30x_gpio.o
 .debug_ranges  0x00000000000009b0      0x198 ./sdk/Peripheral/ch32v30x_rcc.o
 .debug_ranges  0x0000000000000b48       0xc0 ./sdk/Peripheral/ch32v30x_spi.o
 .debug_ranges  0x0000000000000c08      0x2e0 ./sdk/Peripheral/ch32v30x_tim.o
 .debug_ranges  0x0000000000000ee8       0xf0 ./sdk/Peripheral/ch32v30x_usart.o
 .debug_ranges  0x0000000000000fd8       0x40 ./sdk/Peripheral/ch32v30x_usbotg_device.o
 .debug_ranges  0x0000000000001018       0x18 ./code/LED.o
 .debug_ranges  0x0000000000001030       0x10 ./code/Sound.o

.debug_line     0x0000000000000000    0x17535
 .debug_line    0x0000000000000000      0x518 ./zf_driver/zf_driver_adc.o
 .debug_line    0x0000000000000518      0x3cb ./zf_driver/zf_driver_delay.o
 .debug_line    0x00000000000008e3      0x78b ./zf_driver/zf_driver_flash.o
 .debug_line    0x000000000000106e      0x5db ./zf_driver/zf_driver_gpio.o
 .debug_line    0x0000000000001649      0x4f0 ./zf_driver/zf_driver_pit.o
 .debug_line    0x0000000000001b39      0xa16 ./zf_driver/zf_driver_pwm.o
 .debug_line    0x000000000000254f     0x19e2 ./zf_driver/zf_driver_spi.o
 .debug_line    0x0000000000003f31      0x9ac ./zf_driver/zf_driver_timer.o
 .debug_line    0x00000000000048dd      0x970 ./zf_driver/zf_driver_uart.o
 .debug_line    0x000000000000524d      0x62a ./zf_device/zf_device_dm1xa.o
 .debug_line    0x0000000000005877     0x1269 ./zf_device/zf_device_gnss.o
 .debug_line    0x0000000000006ae0     0x17af ./zf_device/zf_device_tft180.o
 .debug_line    0x000000000000828f      0x2f8 ./zf_device/zf_device_type.o
 .debug_line    0x0000000000008587      0x501 ./zf_common/zf_common_clock.o
 .debug_line    0x0000000000008a88      0xcc9 ./zf_common/zf_common_debug.o
 .debug_line    0x0000000000009751      0xf71 ./zf_common/zf_common_fifo.o
 .debug_line    0x000000000000a6c2      0x1d6 ./zf_common/zf_common_font.o
 .debug_line    0x000000000000a898     0x1513 ./zf_common/zf_common_function.o
 .debug_line    0x000000000000bdab      0x4b7 ./zf_common/zf_common_interrupt.o
 .debug_line    0x000000000000c262      0xb94 ./user_c/isr.o
 .debug_line    0x000000000000cdf6      0x624 ./user_c/main.o
 .debug_line    0x000000000000d41a      0x362 ./sdk/Startup/startup_ch32v30x_D8C.o
 .debug_line    0x000000000000d77c     0x11b7 ./sdk/Peripheral/ch32v30x_adc.o
 .debug_line    0x000000000000e933      0x4ec ./sdk/Peripheral/ch32v30x_exti.o
 .debug_line    0x000000000000ee1f     0x14ca ./sdk/Peripheral/ch32v30x_flash.o
 .debug_line    0x00000000000102e9      0xa0d ./sdk/Peripheral/ch32v30x_gpio.o
 .debug_line    0x0000000000010cf6     0x121c ./sdk/Peripheral/ch32v30x_rcc.o
 .debug_line    0x0000000000011f12      0xa03 ./sdk/Peripheral/ch32v30x_spi.o
 .debug_line    0x0000000000012915     0x21b8 ./sdk/Peripheral/ch32v30x_tim.o
 .debug_line    0x0000000000014acd      0xc41 ./sdk/Peripheral/ch32v30x_usart.o
 .debug_line    0x000000000001570e     0x1384 ./sdk/Peripheral/ch32v30x_usbotg_device.o
 .debug_line    0x0000000000016a92      0x542 ./code/LED.o
 .debug_line    0x0000000000016fd4      0x561 ./code/Sound.o

.debug_str      0x0000000000000000     0x71e7
 .debug_str     0x0000000000000000      0x947 ./zf_driver/zf_driver_adc.o
                                        0x9f5 (size before relaxing)
 .debug_str     0x0000000000000947       0x72 ./zf_driver/zf_driver_delay.o
                                        0x5ed (size before relaxing)
 .debug_str     0x00000000000009b9      0x1a8 ./zf_driver/zf_driver_flash.o
                                        0x766 (size before relaxing)
 .debug_str     0x0000000000000b61      0x205 ./zf_driver/zf_driver_gpio.o
                                        0x84e (size before relaxing)
 .debug_str     0x0000000000000d66      0x8bb ./zf_driver/zf_driver_pit.o
                                        0xe88 (size before relaxing)
 .debug_str     0x0000000000001621      0x763 ./zf_driver/zf_driver_pwm.o
                                       0x10ce (size before relaxing)
 .debug_str     0x0000000000001d84      0x43e ./zf_driver/zf_driver_spi.o
                                        0xb77 (size before relaxing)
 .debug_str     0x00000000000021c2      0x109 ./zf_driver/zf_driver_timer.o
                                        0x9c2 (size before relaxing)
 .debug_str     0x00000000000022cb      0x52e ./zf_driver/zf_driver_uart.o
                                       0x1132 (size before relaxing)
 .debug_str     0x00000000000027f9      0x224 ./zf_device/zf_device_dm1xa.o
                                        0x8d3 (size before relaxing)
 .debug_str     0x0000000000002a1d      0x545 ./zf_device/zf_device_gnss.o
                                        0xf34 (size before relaxing)
 .debug_str     0x0000000000002f62      0x510 ./zf_device/zf_device_tft180.o
                                        0xd3e (size before relaxing)
 .debug_str     0x0000000000003472      0x1ea ./zf_device/zf_device_type.o
                                        0x76d (size before relaxing)
 .debug_str     0x000000000000365c      0x14b ./zf_common/zf_common_clock.o
                                        0x6ea (size before relaxing)
 .debug_str     0x00000000000037a7      0x219 ./zf_common/zf_common_debug.o
                                        0xd31 (size before relaxing)
 .debug_str     0x00000000000039c0      0x1c6 ./zf_common/zf_common_fifo.o
                                        0x7ef (size before relaxing)
 .debug_str     0x0000000000003b86       0x2c ./zf_common/zf_common_font.o
                                        0x5d8 (size before relaxing)
 .debug_str     0x0000000000003bb2      0x22b ./zf_common/zf_common_function.o
                                        0x7d0 (size before relaxing)